2026-10-02 16:41:27.934602: I tensorflow/core/util/port.cc:153] oneDNN custom operations are on. You may see slightly different numerical results due to floating-point round-off errors from different computation orders. To turn them off, set the environment variable `TF_ENABLE_ONEDNN_OPTS=0`.
2026-10-02 16:41:27.943040: I external/local_xla/xla/stream_executor/cuda/cuda_fft.cc:469] Unable to register cuFFT factory: Attempting to register factory for plugin cuFFT when one has already been registered
WARNING: All log messages before absl::InitializeLog() is called are written to STDERR
I0000 00:00:1790930487.951287 1984178 cuda_dnn.cc:8703] Unable to register cuDNN factory: Attempting to register factory for plugin cuDNN when one has already been registered
I0000 00:00:1790930487.953908 1984178 cuda_blas.cc:1413] Unable to register cuBLAS factory: Attempting to register factory for plugin cuBLAS when one has already been registered
W0000 00:00:1790930487.960626 1984178 computation_placer.cc:177] computation placer already registered. Please check linkage and avoid linking the same target more than once.
W0000 00:00:1790930487.960655 1984178 computation_placer.cc:177] computation placer already registered. Please check linkage and avoid linking the same target more than once.
W0000 00:00:1790930487.960656 1984178 computation_placer.cc:177] computation placer already registered. Please check linkage and avoid linking the same target more than once.
W0000 00:00:1790930487.960658 1984178 computation_placer.cc:177] computation placer already registered. Please check linkage and avoid linking the same target more than once.
2026-10-02 16:41:27.962812: I tensorflow/core/platform/cpu_feature_guard.cc:210] This TensorFlow binary is optimized to use available CPU instructions in performance-critical operations.
To enable the following instructions: SSE3 SSE4.1 SSE4.2 AVX AVX2 AVX512F AVX512_VNNI AVX512_BF16 AVX_VNNI FMA, in other operations, rebuild TensorFlow with the appropriate compiler flags.
I0000 00:00:1790930490.118206 1984178 gpu_device.cc:2018] Created device /job:localhost/replica:0/task:0/device:GPU:0 with 13495 MB memory:  -> device: 0, name: NVIDIA GeForce RTX 4080 SUPER, pci bus id: 0000:09:00.0, compute capability: 8.9
2026-10-02 16:41:30.401400: I external/local_xla/xla/service/service.cc:152] XLA service 0x57381e484bf0 initialized for platform CUDA (this does not guarantee that XLA will be used). Devices:
2026-10-02 16:41:30.401441: I external/local_xla/xla/service/service.cc:160]   StreamExecutor device (0): NVIDIA GeForce RTX 4080 SUPER, Compute Capability 8.9
I0000 00:00:1790930490.432493 1984178 cuda_dnn.cc:529] Loaded cuDNN version 92000
WARNING: All log messages before absl::InitializeLog() is called are written to STDERR
I0000 00:00:1790930492.348508 1984178 device_compiler.h:196] Compiled cluster using XLA!  This line is logged at most once for the lifetime of the process.
2026-10-02 16:41:32.400626: I tensorflow/compiler/mlir/tensorflow/utils/dump_mlir_util.cc:269] disabling MLIR crash reproducer, set env var `MLIR_CRASH_REPRODUCER_DIRECTORY` to enable.
2026-10-02 16:41:32.971310: I external/local_xla/xla/stream_executor/cuda/subprocess_compilation.cc:346] ptxas warning : Registers are spilled to local memory in function 'loop_dynamic_update_slice_fusion', 8 bytes spill stores, 8 bytes spill loads

I0000 00:00:1790930493.153408 1984178 cuda_solvers.cc:175] Creating GpuSolver handles for stream 0x57381dbb2a00
2026-10-02 16:41:37.051585: W tensorflow/compiler/tf2xla/kernels/assert_op.cc:39] Ignoring Assert operator while/while/assert_equal_1/Assert/AssertGuard/Assert
2026-10-02 16:41:38.717653: W tensorflow/compiler/tf2xla/kernels/assert_op.cc:39] Ignoring Assert operator while/while/assert_equal_1/Assert/AssertGuard/Assert
2026-10-02 16:41:40.311760: I external/local_xla/xla/stream_executor/cuda/subprocess_compilation.cc:346] ptxas warning : Registers are spilled to local memory in function 'gemm_fusion_dot_674', 96 bytes spill stores, 96 bytes spill loads

2026-10-02 16:41:40.615017: I external/local_xla/xla/stream_executor/cuda/subprocess_compilation.cc:346] ptxas warning : Registers are spilled to local memory in function 'gemm_fusion_dot_769', 116 bytes spill stores, 116 bytes spill loads

2026-10-02 16:41:40.647334: I external/local_xla/xla/stream_executor/cuda/subprocess_compilation.cc:346] ptxas warning : Registers are spilled to local memory in function 'gemm_fusion_dot_680', 56 bytes spill stores, 56 bytes spill loads

2026-10-02 16:41:40.661110: I external/local_xla/xla/stream_executor/cuda/subprocess_compilation.cc:346] ptxas warning : Registers are spilled to local memory in function 'gemm_fusion_dot_678', 116 bytes spill stores, 116 bytes spill loads

2026-10-02 16:41:40.671323: I external/local_xla/xla/stream_executor/cuda/subprocess_compilation.cc:346] ptxas warning : Registers are spilled to local memory in function 'gemm_fusion_dot_474', 92 bytes spill stores, 92 bytes spill loads

2026-10-02 16:41:41.266981: I external/local_xla/xla/stream_executor/cuda/subprocess_compilation.cc:346] ptxas warning : Registers are spilled to local memory in function 'gemm_fusion_dot_770', 80 bytes spill stores, 80 bytes spill loads

2026-10-02 16:41:41.381466: I external/local_xla/xla/stream_executor/cuda/subprocess_compilation.cc:346] ptxas warning : Registers are spilled to local memory in function 'gemm_fusion_dot_1216', 844 bytes spill stores, 848 bytes spill loads

2026-10-02 16:41:41.387179: I external/local_xla/xla/stream_executor/cuda/subprocess_compilation.cc:346] ptxas warning : Registers are spilled to local memory in function 'gemm_fusion_dot_1236', 4 bytes spill stores, 4 bytes spill loads

2026-10-02 16:41:41.675543: I external/local_xla/xla/stream_executor/cuda/subprocess_compilation.cc:346] ptxas warning : Registers are spilled to local memory in function 'gemm_fusion_dot_1216', 12 bytes spill stores, 12 bytes spill loads

2026-10-02 16:41:41.962354: I external/local_xla/xla/stream_executor/cuda/subprocess_compilation.cc:346] ptxas warning : Registers are spilled to local memory in function 'gemm_fusion_dot_1238', 4 bytes spill stores, 4 bytes spill loads

2026-10-02 16:41:42.015067: I external/local_xla/xla/stream_executor/cuda/subprocess_compilation.cc:346] ptxas warning : Registers are spilled to local memory in function 'gemm_fusion_dot_1218', 132 bytes spill stores, 132 bytes spill loads

2026-10-02 16:41:42.130780: I external/local_xla/xla/stream_executor/cuda/subprocess_compilation.cc:346] ptxas warning : Registers are spilled to local memory in function 'gemm_fusion_dot_1216', 580 bytes spill stores, 580 bytes spill loads

2026-10-02 16:41:42.251739: I external/local_xla/xla/stream_executor/cuda/subprocess_compilation.cc:346] ptxas warning : Registers are spilled to local memory in function 'gemm_fusion_dot_1226', 112 bytes spill stores, 112 bytes spill loads

2026-10-02 16:41:42.462002: I external/local_xla/xla/stream_executor/cuda/subprocess_compilation.cc:346] ptxas warning : Registers are spilled to local memory in function 'gemm_fusion_dot_1195', 92 bytes spill stores, 92 bytes spill loads

2026-10-02 16:41:42.533478: I external/local_xla/xla/stream_executor/cuda/subprocess_compilation.cc:346] ptxas warning : Registers are spilled to local memory in function 'gemm_fusion_dot_1218', 468 bytes spill stores, 468 bytes spill loads

2026-10-02 16:41:42.635007: I external/local_xla/xla/stream_executor/cuda/subprocess_compilation.cc:346] ptxas warning : Registers are spilled to local memory in function 'gemm_fusion_dot_1202', 96 bytes spill stores, 96 bytes spill loads

2026-10-02 16:41:42.720679: I external/local_xla/xla/stream_executor/cuda/subprocess_compilation.cc:346] ptxas warning : Registers are spilled to local memory in function 'gemm_fusion_dot_1309', 96 bytes spill stores, 96 bytes spill loads

2026-10-02 16:41:43.142193: I external/local_xla/xla/stream_executor/cuda/subprocess_compilation.cc:346] ptxas warning : Registers are spilled to local memory in function 'gemm_fusion_dot_1302', 96 bytes spill stores, 96 bytes spill loads

2026-10-02 16:41:43.227160: I external/local_xla/xla/stream_executor/cuda/subprocess_compilation.cc:346] ptxas warning : Registers are spilled to local memory in function 'gemm_fusion_dot_1216', 4 bytes spill stores, 4 bytes spill loads

2026-10-02 16:41:43.579028: I external/local_xla/xla/stream_executor/cuda/subprocess_compilation.cc:346] ptxas warning : Registers are spilled to local memory in function 'gemm_fusion_dot_1218', 4 bytes spill stores, 4 bytes spill loads

2026-10-02 16:41:43.907879: I external/local_xla/xla/stream_executor/cuda/subprocess_compilation.cc:346] ptxas warning : Registers are spilled to local memory in function 'gemm_fusion_dot_1326', 124 bytes spill stores, 124 bytes spill loads

2026-10-02 16:41:43.926540: I external/local_xla/xla/stream_executor/cuda/subprocess_compilation.cc:346] ptxas warning : Registers are spilled to local memory in function 'gemm_fusion_dot_1311', 124 bytes spill stores, 124 bytes spill loads

2026-10-02 16:41:44.069949: I external/local_xla/xla/stream_executor/cuda/subprocess_compilation.cc:346] ptxas warning : Registers are spilled to local memory in function 'gemm_fusion_dot_1327', 124 bytes spill stores, 124 bytes spill loads

2026-10-02 16:41:44.073176: I external/local_xla/xla/stream_executor/cuda/subprocess_compilation.cc:346] ptxas warning : Registers are spilled to local memory in function 'gemm_fusion_dot_1310', 156 bytes spill stores, 156 bytes spill loads

2026-10-02 16:41:44.286187: I external/local_xla/xla/stream_executor/cuda/subprocess_compilation.cc:346] ptxas warning : Registers are spilled to local memory in function 'gemm_fusion_dot_1333', 116 bytes spill stores, 116 bytes spill loads

2026-10-02 16:41:44.329523: I external/local_xla/xla/stream_executor/cuda/subprocess_compilation.cc:346] ptxas warning : Registers are spilled to local memory in function 'gemm_fusion_dot_1328', 96 bytes spill stores, 96 bytes spill loads

2026-10-02 16:41:45.324851: I external/local_xla/xla/stream_executor/cuda/subprocess_compilation.cc:346] ptxas warning : Registers are spilled to local memory in function 'gemm_fusion_dot_1312', 124 bytes spill stores, 124 bytes spill loads

2026-10-02 16:41:45.446328: I external/local_xla/xla/stream_executor/cuda/subprocess_compilation.cc:346] ptxas warning : Registers are spilled to local memory in function 'gemm_fusion_dot_1325', 56 bytes spill stores, 56 bytes spill loads

2026-10-02 16:41:45.491402: I external/local_xla/xla/stream_executor/cuda/subprocess_compilation.cc:346] ptxas warning : Registers are spilled to local memory in function 'gemm_fusion_dot_1318', 56 bytes spill stores, 56 bytes spill loads

2026-10-02 16:41:45.519101: I external/local_xla/xla/stream_executor/cuda/subprocess_compilation.cc:346] ptxas warning : Registers are spilled to local memory in function 'gemm_fusion_dot_1332', 64 bytes spill stores, 64 bytes spill loads

2026-10-02 16:41:57.628965: W tensorflow/compiler/tf2xla/kernels/assert_op.cc:39] Ignoring Assert operator assert_equal_1/Assert/AssertGuard/Assert
{"arm": "guarded_pairwise", "design_seed": 260301, "log_likelihood": -15.615931510925293, "score": [-38.111366271972656, -0.7469357252120972, -0.03731956705451012, 7.762266635894775, 3.106098175048828, -4.254948139190674], "valid": true}
