..............................s......                                    [100%]
=============================== warnings summary ===============================
../../reference-env/lib/python3.13/site-packages/matplotlib/_fontconfig_pattern.py:64
  /home/ubuntu/python/BayesFilter/docs/plans/artifacts/hmc-remaining-gaps-2026-09-24/reference-env/lib/python3.13/site-packages/matplotlib/_fontconfig_pattern.py:64: PyparsingDeprecationWarning: 'oneOf' deprecated - use 'one_of'
    prop = Group((name + Suppress("=") + comma_separated(value)) | oneOf(_CONSTANTS))

../../reference-env/lib/python3.13/site-packages/matplotlib/_fontconfig_pattern.py:85
../../reference-env/lib/python3.13/site-packages/matplotlib/_fontconfig_pattern.py:85
../../reference-env/lib/python3.13/site-packages/matplotlib/_fontconfig_pattern.py:85
../../reference-env/lib/python3.13/site-packages/matplotlib/_fontconfig_pattern.py:85
../../reference-env/lib/python3.13/site-packages/matplotlib/_fontconfig_pattern.py:85
../../reference-env/lib/python3.13/site-packages/matplotlib/_fontconfig_pattern.py:85
  /home/ubuntu/python/BayesFilter/docs/plans/artifacts/hmc-remaining-gaps-2026-09-24/reference-env/lib/python3.13/site-packages/matplotlib/_fontconfig_pattern.py:85: PyparsingDeprecationWarning: 'parseString' deprecated - use 'parse_string'
    parse = parser.parseString(pattern)

../../reference-env/lib/python3.13/site-packages/matplotlib/_fontconfig_pattern.py:89
../../reference-env/lib/python3.13/site-packages/matplotlib/_fontconfig_pattern.py:89
../../reference-env/lib/python3.13/site-packages/matplotlib/_fontconfig_pattern.py:89
../../reference-env/lib/python3.13/site-packages/matplotlib/_fontconfig_pattern.py:89
../../reference-env/lib/python3.13/site-packages/matplotlib/_fontconfig_pattern.py:89
../../reference-env/lib/python3.13/site-packages/matplotlib/_fontconfig_pattern.py:89
  /home/ubuntu/python/BayesFilter/docs/plans/artifacts/hmc-remaining-gaps-2026-09-24/reference-env/lib/python3.13/site-packages/matplotlib/_fontconfig_pattern.py:89: PyparsingDeprecationWarning: 'resetCache' deprecated - use 'reset_cache'
    parser.resetCache()

../../reference-env/lib/python3.13/site-packages/matplotlib/_mathtext.py:45
  /home/ubuntu/python/BayesFilter/docs/plans/artifacts/hmc-remaining-gaps-2026-09-24/reference-env/lib/python3.13/site-packages/matplotlib/_mathtext.py:45: PyparsingDeprecationWarning: 'enablePackrat' deprecated - use 'enable_packrat'
    ParserElement.enablePackrat()

tests/test_hmc_posterior_diagnostic_reference.py::test_bulk_tail_rank_and_all_mean_mcse_callers_match_reference
  /home/ubuntu/anaconda3/envs/tfgpu/lib/python3.13/site-packages/tensorflow_probability/python/__init__.py:57: DeprecationWarning: distutils Version classes are deprecated. Use packaging.version instead.
    if (distutils.version.LooseVersion(tf.__version__) <

tests/test_hmc_posterior_diagnostic_reference.py::test_bulk_tail_rank_and_all_mean_mcse_callers_match_reference
  /home/ubuntu/anaconda3/envs/tfgpu/lib/python3.13/site-packages/tensorflow_probability/python/__init__.py:58: DeprecationWarning: distutils Version classes are deprecated. Use packaging.version instead.
    distutils.version.LooseVersion(required_tensorflow_version)):

tests/test_hmc_posterior_diagnostic_reference.py: 43 warnings
  /home/ubuntu/anaconda3/envs/tfgpu/lib/python3.13/site-packages/gast/astn.py:23: DeprecationWarning: Attribute.__init__ got an unexpected keyword argument '___pyct_anno'. Support for arbitrary keyword arguments is deprecated and will be removed in Python 3.15.
    new_node = cls(

tests/test_hmc_posterior_diagnostic_reference.py::test_ess_xla_matches_eager_on_antithetic_fixture
tests/test_hmc_posterior_diagnostic_reference.py::test_ess_xla_matches_eager_on_antithetic_fixture
  /home/ubuntu/anaconda3/envs/tfgpu/lib/python3.13/site-packages/gast/astn.py:23: DeprecationWarning: alias.__init__ got an unexpected keyword argument '___pyct_anno'. Support for arbitrary keyword arguments is deprecated and will be removed in Python 3.15.
    new_node = cls(

tests/test_hmc_posterior_diagnostic_reference.py::test_ess_xla_matches_eager_on_antithetic_fixture
  /home/ubuntu/anaconda3/envs/tfgpu/lib/python3.13/site-packages/gast/astn.py:23: DeprecationWarning: ImportFrom.__init__ got an unexpected keyword argument '___pyct_anno'. Support for arbitrary keyword arguments is deprecated and will be removed in Python 3.15.
    new_node = cls(

tests/test_hmc_posterior_diagnostic_reference.py: 28 warnings
  /home/ubuntu/anaconda3/envs/tfgpu/lib/python3.13/site-packages/gast/astn.py:23: DeprecationWarning: Call.__init__ got an unexpected keyword argument '___pyct_anno'. Support for arbitrary keyword arguments is deprecated and will be removed in Python 3.15.
    new_node = cls(

tests/test_hmc_posterior_diagnostic_reference.py::test_ess_xla_matches_eager_on_antithetic_fixture
tests/test_hmc_posterior_diagnostic_reference.py::test_ess_xla_matches_eager_on_antithetic_fixture
  /home/ubuntu/anaconda3/envs/tfgpu/lib/python3.13/site-packages/gast/astn.py:23: DeprecationWarning: Try.__init__ got an unexpected keyword argument '___pyct_anno'. Support for arbitrary keyword arguments is deprecated and will be removed in Python 3.15.
    new_node = cls(

tests/test_hmc_posterior_diagnostic_reference.py::test_ess_xla_matches_eager_on_antithetic_fixture
tests/test_hmc_posterior_diagnostic_reference.py::test_ess_xla_matches_eager_on_antithetic_fixture
tests/test_hmc_posterior_diagnostic_reference.py::test_ess_xla_matches_eager_on_antithetic_fixture
tests/test_hmc_posterior_diagnostic_reference.py::test_ess_xla_matches_eager_on_antithetic_fixture
tests/test_hmc_posterior_diagnostic_reference.py::test_ess_xla_matches_eager_on_antithetic_fixture
tests/test_hmc_posterior_diagnostic_reference.py::test_ess_xla_matches_eager_on_antithetic_fixture
  /home/ubuntu/anaconda3/envs/tfgpu/lib/python3.13/site-packages/gast/astn.py:23: DeprecationWarning: FunctionDef.__init__ got an unexpected keyword argument '___pyct_anno'. Support for arbitrary keyword arguments is deprecated and will be removed in Python 3.15.
    new_node = cls(

tests/test_hmc_posterior_diagnostic_reference.py::test_ess_xla_matches_eager_on_antithetic_fixture
tests/test_hmc_posterior_diagnostic_reference.py::test_ess_xla_matches_eager_on_antithetic_fixture
tests/test_hmc_posterior_diagnostic_reference.py::test_ess_xla_matches_eager_on_antithetic_fixture
tests/test_hmc_posterior_diagnostic_reference.py::test_ess_xla_matches_eager_on_antithetic_fixture
tests/test_hmc_posterior_diagnostic_reference.py::test_ess_xla_matches_eager_on_antithetic_fixture
tests/test_hmc_posterior_diagnostic_reference.py::test_ess_xla_matches_eager_on_antithetic_fixture
  /home/ubuntu/anaconda3/envs/tfgpu/lib/python3.13/site-packages/gast/astn.py:23: DeprecationWarning: Constant.__init__ got an unexpected keyword argument '___pyct_anno'. Support for arbitrary keyword arguments is deprecated and will be removed in Python 3.15.
    new_node = cls(

tests/test_hmc_posterior_diagnostic_reference.py::test_ess_xla_matches_eager_on_antithetic_fixture
tests/test_hmc_posterior_diagnostic_reference.py::test_ess_xla_matches_eager_on_antithetic_fixture
  /home/ubuntu/anaconda3/envs/tfgpu/lib/python3.13/site-packages/gast/astn.py:23: DeprecationWarning: Expr.__init__ got an unexpected keyword argument '___pyct_anno'. Support for arbitrary keyword arguments is deprecated and will be removed in Python 3.15.
    new_node = cls(

tests/test_hmc_posterior_diagnostic_reference.py::test_ess_xla_matches_eager_on_antithetic_fixture
  /home/ubuntu/anaconda3/envs/tfgpu/lib/python3.13/site-packages/gast/astn.py:23: DeprecationWarning: Import.__init__ got an unexpected keyword argument '___pyct_anno'. Support for arbitrary keyword arguments is deprecated and will be removed in Python 3.15.
    new_node = cls(

tests/test_hmc_posterior_diagnostic_reference.py::test_ess_xla_matches_eager_on_antithetic_fixture
  /home/ubuntu/anaconda3/envs/tfgpu/lib/python3.13/site-packages/gast/astn.py:23: DeprecationWarning: Raise.__init__ got an unexpected keyword argument '___pyct_anno'. Support for arbitrary keyword arguments is deprecated and will be removed in Python 3.15.
    new_node = cls(

tests/test_hmc_posterior_diagnostic_reference.py: 12 warnings
  /home/ubuntu/anaconda3/envs/tfgpu/lib/python3.13/site-packages/gast/astn.py:23: DeprecationWarning: Load.__init__ got an unexpected keyword argument '___pyct_anno'. Support for arbitrary keyword arguments is deprecated and will be removed in Python 3.15.
    new_node = cls(

tests/test_hmc_posterior_diagnostic_reference.py::test_ess_xla_matches_eager_on_antithetic_fixture
  /home/ubuntu/anaconda3/envs/tfgpu/lib/python3.13/site-packages/gast/astn.py:23: DeprecationWarning: NotEq.__init__ got an unexpected keyword argument '___pyct_anno'. Support for arbitrary keyword arguments is deprecated and will be removed in Python 3.15.
    new_node = cls(

tests/test_hmc_posterior_diagnostic_reference.py::test_ess_xla_matches_eager_on_antithetic_fixture
tests/test_hmc_posterior_diagnostic_reference.py::test_ess_xla_matches_eager_on_antithetic_fixture
  /home/ubuntu/anaconda3/envs/tfgpu/lib/python3.13/site-packages/gast/astn.py:23: DeprecationWarning: Compare.__init__ got an unexpected keyword argument '___pyct_anno'. Support for arbitrary keyword arguments is deprecated and will be removed in Python 3.15.
    new_node = cls(

tests/test_hmc_posterior_diagnostic_reference.py::test_ess_xla_matches_eager_on_antithetic_fixture
  /home/ubuntu/anaconda3/envs/tfgpu/lib/python3.13/site-packages/gast/astn.py:23: DeprecationWarning: Is.__init__ got an unexpected keyword argument '___pyct_anno'. Support for arbitrary keyword arguments is deprecated and will be removed in Python 3.15.
    new_node = cls(

tests/test_hmc_posterior_diagnostic_reference.py::test_ess_xla_matches_eager_on_antithetic_fixture
  /home/ubuntu/anaconda3/envs/tfgpu/lib/python3.13/site-packages/gast/astn.py:23: DeprecationWarning: Store.__init__ got an unexpected keyword argument '___pyct_anno'. Support for arbitrary keyword arguments is deprecated and will be removed in Python 3.15.
    new_node = cls(

tests/test_hmc_posterior_diagnostic_reference.py::test_ess_xla_matches_eager_on_antithetic_fixture
  /home/ubuntu/anaconda3/envs/tfgpu/lib/python3.13/site-packages/gast/astn.py:23: DeprecationWarning: comprehension.__init__ got an unexpected keyword argument '___pyct_anno'. Support for arbitrary keyword arguments is deprecated and will be removed in Python 3.15.
    new_node = cls(

tests/test_hmc_posterior_diagnostic_reference.py::test_ess_xla_matches_eager_on_antithetic_fixture
tests/test_hmc_posterior_diagnostic_reference.py::test_ess_xla_matches_eager_on_antithetic_fixture
  /home/ubuntu/anaconda3/envs/tfgpu/lib/python3.13/site-packages/gast/astn.py:23: DeprecationWarning: GeneratorExp.__init__ got an unexpected keyword argument '___pyct_anno'. Support for arbitrary keyword arguments is deprecated and will be removed in Python 3.15.
    new_node = cls(

tests/test_hmc_posterior_diagnostic_reference.py::test_ess_xla_matches_eager_on_antithetic_fixture
tests/test_hmc_posterior_diagnostic_reference.py::test_ess_xla_matches_eager_on_antithetic_fixture
  /home/ubuntu/anaconda3/envs/tfgpu/lib/python3.13/site-packages/gast/astn.py:23: DeprecationWarning: Tuple.__init__ got an unexpected keyword argument '___pyct_anno'. Support for arbitrary keyword arguments is deprecated and will be removed in Python 3.15.
    new_node = cls(

-- Docs: https://docs.pytest.org/en/stable/how-to/capture-warnings.html
36 passed, 1 skipped, 130 warnings in 13.12s
