2026-09-14 21:18:15.710893: I tensorflow/core/platform/cpu_feature_guard.cc:210] This TensorFlow binary is optimized to use available CPU instructions in performance-critical operations.
To enable the following instructions: SSE4.1 SSE4.2 AVX AVX2 FMA, in other operations, rebuild TensorFlow with the appropriate compiler flags.
2026-09-14 21:18:17.124892: E external/local_xla/xla/stream_executor/cuda/cuda_platform.cc:51] failed call to cuInit: INTERNAL: CUDA error: Failed call to cuInit: CUDA_ERROR_NO_DEVICE: no CUDA-capable device is detected
Traceback (most recent call last):
  File "/home/ubuntu/python/BayesFilter/docs/examples/hmc_candidate_set_retained.py", line 171, in <module>
    main()
    ~~~~^^
  File "/home/ubuntu/python/BayesFilter/docs/examples/hmc_candidate_set_retained.py", line 160, in main
    manifest["result"] = run_example(args.output_dir, cpu_reference=args.cpu_reference)
                         ~~~~~~~~~~~^^^^^^^^^^^^^^^^^^^^^^^^^^^^^^^^^^^^^^^^^^^^^^^^^^^
  File "/home/ubuntu/python/BayesFilter/docs/examples/hmc_candidate_set_retained.py", line 78, in run_example
    run = tune_hmc_kernel(adapter=target, initial_position=binding.initial_active_state,
        candidate_set_adapter=binding.typed_adapter, output_dir=output_dir / "tuning",
        config=HMCControllerConfig(primary_l_grid=(2,3),
            epsilon_by_l=((2,(1.1,1.3,1.5)),(3,(1.1,1.3,1.5))),
            total_budget_units=40, repair_reserve_units=3))
  File "/home/ubuntu/python/BayesFilter/bayesfilter/inference/hmc_tuning_dispatch.py", line 80, in tune_hmc_kernel
    return run_typed_hmc_candidate_set(
        candidate_set_adapter,
        config,
        output_dir=output_dir,
    )
  File "/home/ubuntu/python/BayesFilter/bayesfilter/inference/hmc_candidate_set_adapters.py", line 225, in run_typed_hmc_candidate_set
    result = controller.run(observe, max_work_items=max_work_items)
  File "/home/ubuntu/python/BayesFilter/bayesfilter/inference/hmc_candidate_set_tuning.py", line 1384, in run
    observation = outcome_provider(work, candidate)
  File "/home/ubuntu/python/BayesFilter/bayesfilter/inference/hmc_candidate_set_adapters.py", line 206, in observe
    raw = adapter.observe(work, candidate)
  File "/home/ubuntu/python/BayesFilter/bayesfilter/inference/hmc_candidate_set_execution.py", line 469, in observe
    analysis = self.analyze(self.initial_active_state, result.samples, result.trace)
  File "/home/ubuntu/python/BayesFilter/bayesfilter/inference/hmc_candidate_set_execution.py", line 438, in analyze
    failures = self.health_failures(initial, samples, trace)
  File "/home/ubuntu/python/BayesFilter/bayesfilter/inference/hmc_candidate_set_execution.py", line 410, in health_failures
    raise ValueError("missing or misaligned momentum health trace")
ValueError: missing or misaligned momentum health trace
