2026-09-14 21:14:41.500948: I tensorflow/core/platform/cpu_feature_guard.cc:210] This TensorFlow binary is optimized to use available CPU instructions in performance-critical operations.
To enable the following instructions: SSE4.1 SSE4.2 AVX AVX2 FMA, in other operations, rebuild TensorFlow with the appropriate compiler flags.
WARNING: All log messages before absl::InitializeLog() is called are written to STDERR
I0000 00:00:1789391684.191704  672753 gpu_device.cc:2020] Created device /job:localhost/replica:0/task:0/device:GPU:0 with 30104 MB memory:  -> device: 0, name: NVIDIA GeForce RTX 4080 SUPER, pci bus id: 0000:21:00.0, compute capability: 8.9
I0000 00:00:1789391684.344384  672753 cuda_solvers.cc:175] Creating GpuSolver handles for stream 0x595e0646d410
2026-09-14 21:14:45.780489: I external/local_xla/xla/service/service.cc:163] XLA service 0x595e0d23bed0 initialized for platform CUDA (this does not guarantee that XLA will be used). Devices:
2026-09-14 21:14:45.780548: I external/local_xla/xla/service/service.cc:171]   StreamExecutor device (0): NVIDIA GeForce RTX 4080 SUPER, Compute Capability 8.9
2026-09-14 21:14:45.806316: I tensorflow/compiler/mlir/tensorflow/utils/dump_mlir_util.cc:269] disabling MLIR crash reproducer, set env var `MLIR_CRASH_REPRODUCER_DIRECTORY` to enable.
2026-09-14 21:14:45.924752: I external/local_xla/xla/stream_executor/cuda/cuda_dnn.cc:473] Loaded cuDNN version 91700
I0000 00:00:1789391688.475623  672753 device_compiler.h:196] Compiled cluster using XLA!  This line is logged at most once for the lifetime of the process.
WARNING:tensorflow:5 out of the last 13 calls to <function ReusableFullChainHMCRunner._build_runner.<locals>.run_chain at 0x7736cc1f4a40> triggered tf.function retracing. Tracing is expensive and the excessive number of tracings could be due to (1) creating @tf.function repeatedly in a loop, (2) passing tensors with different shapes, (3) passing Python objects instead of tensors. For (1), please define your @tf.function outside of the loop. For (2), @tf.function has reduce_retracing=True option that can avoid unnecessary retracing. For (3), please refer to https://www.tensorflow.org/guide/function#controlling_retracing and https://www.tensorflow.org/api_docs/python/tf/function for  more details.
WARNING:tensorflow:5 out of the last 37 calls to <function ReusableFullChainHMCRunner._build_runner.<locals>.run_chain at 0x7736ac67d9e0> triggered tf.function retracing. Tracing is expensive and the excessive number of tracings could be due to (1) creating @tf.function repeatedly in a loop, (2) passing tensors with different shapes, (3) passing Python objects instead of tensors. For (1), please define your @tf.function outside of the loop. For (2), @tf.function has reduce_retracing=True option that can avoid unnecessary retracing. For (3), please refer to https://www.tensorflow.org/guide/function#controlling_retracing and https://www.tensorflow.org/api_docs/python/tf/function for  more details.
Traceback (most recent call last):
  File "/home/ubuntu/python/BayesFilter/docs/examples/hmc_candidate_set_retained.py", line 148, in <module>
    main()
    ~~~~^^
  File "/home/ubuntu/python/BayesFilter/docs/examples/hmc_candidate_set_retained.py", line 137, in main
    manifest["result"] = run_example(args.output_dir, cpu_reference=args.cpu_reference)
                         ~~~~~~~~~~~^^^^^^^^^^^^^^^^^^^^^^^^^^^^^^^^^^^^^^^^^^^^^^^^^^^
  File "/home/ubuntu/python/BayesFilter/docs/examples/hmc_candidate_set_retained.py", line 106, in run_example
    raise AssertionError(f"retained transition parity failed: {max_error}")
AssertionError: retained transition parity failed: 3.7387595736065133
