.                                                                        [100%]
=============================== warnings summary ===============================
../../reference-env/lib/python3.13/site-packages/matplotlib/_fontconfig_pattern.py:64
  /home/ubuntu/python/BayesFilter/docs/plans/artifacts/hmc-remaining-gaps-2026-09-24/reference-env/lib/python3.13/site-packages/matplotlib/_fontconfig_pattern.py:64: PyparsingDeprecationWarning: 'oneOf' deprecated - use 'one_of'
    prop = Group((name + Suppress("=") + comma_separated(value)) | oneOf(_CONSTANTS))

../../reference-env/lib/python3.13/site-packages/matplotlib/_fontconfig_pattern.py:85
../../reference-env/lib/python3.13/site-packages/matplotlib/_fontconfig_pattern.py:85
../../reference-env/lib/python3.13/site-packages/matplotlib/_fontconfig_pattern.py:85
../../reference-env/lib/python3.13/site-packages/matplotlib/_fontconfig_pattern.py:85
../../reference-env/lib/python3.13/site-packages/matplotlib/_fontconfig_pattern.py:85
../../reference-env/lib/python3.13/site-packages/matplotlib/_fontconfig_pattern.py:85
  /home/ubuntu/python/BayesFilter/docs/plans/artifacts/hmc-remaining-gaps-2026-09-24/reference-env/lib/python3.13/site-packages/matplotlib/_fontconfig_pattern.py:85: PyparsingDeprecationWarning: 'parseString' deprecated - use 'parse_string'
    parse = parser.parseString(pattern)

../../reference-env/lib/python3.13/site-packages/matplotlib/_fontconfig_pattern.py:89
../../reference-env/lib/python3.13/site-packages/matplotlib/_fontconfig_pattern.py:89
../../reference-env/lib/python3.13/site-packages/matplotlib/_fontconfig_pattern.py:89
../../reference-env/lib/python3.13/site-packages/matplotlib/_fontconfig_pattern.py:89
../../reference-env/lib/python3.13/site-packages/matplotlib/_fontconfig_pattern.py:89
../../reference-env/lib/python3.13/site-packages/matplotlib/_fontconfig_pattern.py:89
  /home/ubuntu/python/BayesFilter/docs/plans/artifacts/hmc-remaining-gaps-2026-09-24/reference-env/lib/python3.13/site-packages/matplotlib/_fontconfig_pattern.py:89: PyparsingDeprecationWarning: 'resetCache' deprecated - use 'reset_cache'
    parser.resetCache()

../../reference-env/lib/python3.13/site-packages/matplotlib/_mathtext.py:45
  /home/ubuntu/python/BayesFilter/docs/plans/artifacts/hmc-remaining-gaps-2026-09-24/reference-env/lib/python3.13/site-packages/matplotlib/_mathtext.py:45: PyparsingDeprecationWarning: 'enablePackrat' deprecated - use 'enable_packrat'
    ParserElement.enablePackrat()

-- Docs: https://docs.pytest.org/en/stable/how-to/capture-warnings.html
1 passed, 14 warnings in 0.17s
