WARNING: All log messages before absl::InitializeLog() is called are written to STDERR
I0000 00:00:1790619194.599362 1436053 cuda_dnn.cc:8703] Unable to register cuDNN factory: Attempting to register factory for plugin cuDNN when one has already been registered
I0000 00:00:1790619194.601981 1436053 cuda_blas.cc:1413] Unable to register cuBLAS factory: Attempting to register factory for plugin cuBLAS when one has already been registered
W0000 00:00:1790619194.608625 1436053 computation_placer.cc:177] computation placer already registered. Please check linkage and avoid linking the same target more than once.
W0000 00:00:1790619194.608660 1436053 computation_placer.cc:177] computation placer already registered. Please check linkage and avoid linking the same target more than once.
W0000 00:00:1790619194.608667 1436053 computation_placer.cc:177] computation placer already registered. Please check linkage and avoid linking the same target more than once.
W0000 00:00:1790619194.608668 1436053 computation_placer.cc:177] computation placer already registered. Please check linkage and avoid linking the same target more than once.
I0000 00:00:1790619196.999002 1436053 gpu_device.cc:2018] Created device /job:localhost/replica:0/task:0/device:GPU:0 with 13495 MB memory:  -> device: 0, name: NVIDIA GeForce RTX 4080 SUPER, pci bus id: 0000:09:00.0, compute capability: 8.9
I0000 00:00:1790619197.978162 1436053 cuda_dnn.cc:529] Loaded cuDNN version 92000
WARNING: All log messages before absl::InitializeLog() is called are written to STDERR
I0000 00:00:1790619198.591032 1436053 device_compiler.h:196] Compiled cluster using XLA!  This line is logged at most once for the lifetime of the process.
{"horizon": 10, "data_seed": 213001, "theta": [1.5, 0.0], "accepted": true, "refinement_value_error": 7.105427357601002e-15, "refinement_score_error": 2.220446049250313e-15, "independent_value_error": 3.552713678800501e-15, "independent_score_error": 1.6653345369377348e-15}
{"horizon": 10, "data_seed": 213002, "theta": [1.5, 0.0], "accepted": true, "refinement_value_error": 0.0, "refinement_score_error": 1.9984014443252818e-15, "independent_value_error": 0.0, "independent_score_error": 1.3322676295501878e-15}
{"horizon": 10, "data_seed": 213003, "theta": [1.5, 0.0], "accepted": true, "refinement_value_error": 0.0, "refinement_score_error": 1.7763568394002505e-15, "independent_value_error": 3.552713678800501e-15, "independent_score_error": 8.881784197001252e-16}
{"horizon": 10, "data_seed": 213004, "theta": [1.5, 0.0], "accepted": true, "refinement_value_error": 0.0, "refinement_score_error": 1.7763568394002505e-15, "independent_value_error": 0.0, "independent_score_error": 8.881784197001252e-16}
{"horizon": 10, "data_seed": 213005, "theta": [1.5, 0.0], "accepted": true, "refinement_value_error": 3.552713678800501e-15, "refinement_score_error": 8.881784197001252e-16, "independent_value_error": 3.552713678800501e-15, "independent_score_error": 7.771561172376096e-16}
{"horizon": 10, "data_seed": 213006, "theta": [1.5, 0.0], "accepted": true, "refinement_value_error": 7.105427357601002e-15, "refinement_score_error": 3.552713678800501e-15, "independent_value_error": 1.0658141036401503e-14, "independent_score_error": 1.5543122344752192e-15}
{"horizon": 10, "data_seed": 213007, "theta": [1.5, 0.0], "accepted": true, "refinement_value_error": 0.0, "refinement_score_error": 2.4424906541753444e-15, "independent_value_error": 3.552713678800501e-15, "independent_score_error": 2.220446049250313e-15}
{"horizon": 10, "data_seed": 213008, "theta": [1.5, 0.0], "accepted": true, "refinement_value_error": 0.0, "refinement_score_error": 3.774758283725532e-15, "independent_value_error": 3.552713678800501e-15, "independent_score_error": 3.608224830031759e-16}
{"horizon": 20, "data_seed": 213001, "theta": [1.5, 0.0], "accepted": true, "refinement_value_error": 0.0, "refinement_score_error": 3.3306690738754696e-15, "independent_value_error": 7.105427357601002e-15, "independent_score_error": 3.6637359812630166e-15}
{"horizon": 20, "data_seed": 213002, "theta": [1.5, 0.0], "accepted": true, "refinement_value_error": 0.0, "refinement_score_error": 3.2751579226442118e-15, "independent_value_error": 7.105427357601002e-15, "independent_score_error": 6.38378239159465e-16}
{"horizon": 20, "data_seed": 213003, "theta": [1.5, 0.0], "accepted": true, "refinement_value_error": 0.0, "refinement_score_error": 4.6629367034256575e-15, "independent_value_error": 0.0, "independent_score_error": 2.6645352591003757e-15}
{"horizon": 20, "data_seed": 213004, "theta": [1.5, 0.0], "accepted": true, "refinement_value_error": 7.105427357601002e-15, "refinement_score_error": 2.942091015256665e-15, "independent_value_error": 7.105427357601002e-15, "independent_score_error": 3.3861802251067274e-15}
{"horizon": 20, "data_seed": 213005, "theta": [1.5, 0.0], "accepted": true, "refinement_value_error": 7.105427357601002e-15, "refinement_score_error": 8.881784197001252e-16, "independent_value_error": 2.1316282072803006e-14, "independent_score_error": 3.1086244689504383e-15}
{"horizon": 20, "data_seed": 213006, "theta": [1.5, 0.0], "accepted": true, "refinement_value_error": 7.105427357601002e-15, "refinement_score_error": 2.886579864025407e-15, "independent_value_error": 7.105427357601002e-15, "independent_score_error": 1.9984014443252818e-15}
{"horizon": 20, "data_seed": 213007, "theta": [1.5, 0.0], "accepted": true, "refinement_value_error": 0.0, "refinement_score_error": 1.3322676295501878e-15, "independent_value_error": 0.0, "independent_score_error": 2.220446049250313e-15}
{"horizon": 20, "data_seed": 213008, "theta": [1.5, 0.0], "accepted": true, "refinement_value_error": 7.105427357601002e-15, "refinement_score_error": 1.887379141862766e-15, "independent_value_error": 0.0, "independent_score_error": 1.6653345369377348e-15}
{"horizon": 50, "data_seed": 213001, "theta": [1.5, 0.0], "accepted": true, "refinement_value_error": 0.0, "refinement_score_error": 2.7755575615628914e-15, "independent_value_error": 5.684341886080802e-14, "independent_score_error": 4.107825191113079e-15}
{"horizon": 50, "data_seed": 213002, "theta": [1.5, 0.0], "accepted": true, "refinement_value_error": 0.0, "refinement_score_error": 1.021405182655144e-14, "independent_value_error": 1.4210854715202004e-14, "independent_score_error": 3.552713678800501e-15}
{"horizon": 50, "data_seed": 213003, "theta": [1.5, 0.0], "accepted": true, "refinement_value_error": 2.842170943040401e-14, "refinement_score_error": 9.43689570931383e-15, "independent_value_error": 5.684341886080802e-14, "independent_score_error": 4.6074255521944e-15}
{"horizon": 50, "data_seed": 213004, "theta": [1.5, 0.0], "accepted": true, "refinement_value_error": 0.0, "refinement_score_error": 7.327471962526033e-15, "independent_value_error": 1.4210854715202004e-14, "independent_score_error": 1.3322676295501878e-15}
{"horizon": 50, "data_seed": 213005, "theta": [1.5, 0.0], "accepted": true, "refinement_value_error": 0.0, "refinement_score_error": 9.325873406851315e-15, "independent_value_error": 2.842170943040401e-14, "independent_score_error": 6.661338147750939e-16}
{"horizon": 50, "data_seed": 213006, "theta": [1.5, 0.0], "accepted": true, "refinement_value_error": 1.4210854715202004e-14, "refinement_score_error": 3.552713678800501e-15, "independent_value_error": 0.0, "independent_score_error": 6.8833827526759706e-15}
{"horizon": 50, "data_seed": 213007, "theta": [1.5, 0.0], "accepted": true, "refinement_value_error": 0.0, "refinement_score_error": 3.9968028886505635e-15, "independent_value_error": 1.4210854715202004e-14, "independent_score_error": 2.886579864025407e-15}
{"horizon": 50, "data_seed": 213008, "theta": [1.5, 0.0], "accepted": true, "refinement_value_error": 1.4210854715202004e-14, "refinement_score_error": 1.0019762797242038e-14, "independent_value_error": 0.0, "independent_score_error": 1.096345236817342e-15}
{"horizon": 120, "data_seed": 213001, "theta": [1.5, 0.0], "accepted": true, "refinement_value_error": 0.0, "refinement_score_error": 3.3306690738754696e-15, "independent_value_error": 3.410605131648481e-13, "independent_score_error": 3.9968028886505635e-15}
{"horizon": 120, "data_seed": 213002, "theta": [1.5, 0.0], "accepted": true, "refinement_value_error": 5.684341886080802e-14, "refinement_score_error": 3.552713678800501e-15, "independent_value_error": 1.1368683772161603e-13, "independent_score_error": 3.219646771412954e-15}
{"horizon": 120, "data_seed": 213003, "theta": [1.5, 0.0], "accepted": true, "refinement_value_error": 5.684341886080802e-14, "refinement_score_error": 5.384581669432009e-15, "independent_value_error": 5.115907697472721e-13, "independent_score_error": 5.88418203051333e-15}
{"horizon": 120, "data_seed": 213004, "theta": [1.5, 0.0], "accepted": true, "refinement_value_error": 0.0, "refinement_score_error": 8.215650382226158e-15, "independent_value_error": 5.684341886080802e-14, "independent_score_error": 1.7763568394002505e-15}
{"horizon": 120, "data_seed": 213005, "theta": [1.5, 0.0], "accepted": true, "refinement_value_error": 0.0, "refinement_score_error": 2.1760371282653068e-14, "independent_value_error": 0.0, "independent_score_error": 5.218048215738236e-15}
{"horizon": 120, "data_seed": 213006, "theta": [1.5, 0.0], "accepted": true, "refinement_value_error": 0.0, "refinement_score_error": 9.325873406851315e-15, "independent_value_error": 0.0, "independent_score_error": 9.769962616701378e-15}
{"horizon": 120, "data_seed": 213007, "theta": [1.5, 0.0], "accepted": true, "refinement_value_error": 0.0, "refinement_score_error": 8.923417560424696e-15, "independent_value_error": 1.1368683772161603e-13, "independent_score_error": 2.7755575615628914e-15}
{"horizon": 120, "data_seed": 213008, "theta": [1.5, 0.0], "accepted": true, "refinement_value_error": 0.0, "refinement_score_error": 3.9968028886505635e-15, "independent_value_error": 0.0, "independent_score_error": 5.329070518200751e-15}
