2026-10-02 16:42:09.645414: I tensorflow/core/util/port.cc:153] oneDNN custom operations are on. You may see slightly different numerical results due to floating-point round-off errors from different computation orders. To turn them off, set the environment variable `TF_ENABLE_ONEDNN_OPTS=0`.
2026-10-02 16:42:09.653665: I external/local_xla/xla/stream_executor/cuda/cuda_fft.cc:469] Unable to register cuFFT factory: Attempting to register factory for plugin cuFFT when one has already been registered
WARNING: All log messages before absl::InitializeLog() is called are written to STDERR
I0000 00:00:1790930529.662308 1985575 cuda_dnn.cc:8703] Unable to register cuDNN factory: Attempting to register factory for plugin cuDNN when one has already been registered
I0000 00:00:1790930529.664868 1985575 cuda_blas.cc:1413] Unable to register cuBLAS factory: Attempting to register factory for plugin cuBLAS when one has already been registered
W0000 00:00:1790930529.671906 1985575 computation_placer.cc:177] computation placer already registered. Please check linkage and avoid linking the same target more than once.
W0000 00:00:1790930529.671927 1985575 computation_placer.cc:177] computation placer already registered. Please check linkage and avoid linking the same target more than once.
W0000 00:00:1790930529.671928 1985575 computation_placer.cc:177] computation placer already registered. Please check linkage and avoid linking the same target more than once.
W0000 00:00:1790930529.671930 1985575 computation_placer.cc:177] computation placer already registered. Please check linkage and avoid linking the same target more than once.
2026-10-02 16:42:09.674190: I tensorflow/core/platform/cpu_feature_guard.cc:210] This TensorFlow binary is optimized to use available CPU instructions in performance-critical operations.
To enable the following instructions: SSE3 SSE4.1 SSE4.2 AVX AVX2 AVX512F AVX512_VNNI AVX512_BF16 AVX_VNNI FMA, in other operations, rebuild TensorFlow with the appropriate compiler flags.
I0000 00:00:1790930531.436977 1985575 gpu_device.cc:2018] Created device /job:localhost/replica:0/task:0/device:GPU:0 with 13495 MB memory:  -> device: 0, name: NVIDIA GeForce RTX 4080 SUPER, pci bus id: 0000:09:00.0, compute capability: 8.9
2026-10-02 16:42:11.842243: I external/local_xla/xla/service/service.cc:152] XLA service 0x58ce4bc6c290 initialized for platform CUDA (this does not guarantee that XLA will be used). Devices:
2026-10-02 16:42:11.842287: I external/local_xla/xla/service/service.cc:160]   StreamExecutor device (0): NVIDIA GeForce RTX 4080 SUPER, Compute Capability 8.9
2026-10-02 16:42:11.847952: I tensorflow/compiler/mlir/tensorflow/utils/dump_mlir_util.cc:269] disabling MLIR crash reproducer, set env var `MLIR_CRASH_REPRODUCER_DIRECTORY` to enable.
I0000 00:00:1790930531.945602 1985575 cuda_dnn.cc:529] Loaded cuDNN version 92000
WARNING: All log messages before absl::InitializeLog() is called are written to STDERR
I0000 00:00:1790930532.719763 1985575 device_compiler.h:196] Compiled cluster using XLA!  This line is logged at most once for the lifetime of the process.
2026-10-02 16:42:13.330365: I external/local_xla/xla/stream_executor/cuda/subprocess_compilation.cc:346] ptxas warning : Registers are spilled to local memory in function 'loop_dynamic_update_slice_fusion', 8 bytes spill stores, 8 bytes spill loads

I0000 00:00:1790930533.431780 1985575 cuda_solvers.cc:175] Creating GpuSolver handles for stream 0x58ce49486f70
2026-10-02 16:42:17.416881: W tensorflow/compiler/tf2xla/kernels/assert_op.cc:39] Ignoring Assert operator while/while/assert_equal_1/Assert/AssertGuard/Assert
2026-10-02 16:42:19.225296: W tensorflow/compiler/tf2xla/kernels/assert_op.cc:39] Ignoring Assert operator while/while/assert_equal_1/Assert/AssertGuard/Assert
2026-10-02 16:42:20.591087: I external/local_xla/xla/stream_executor/cuda/subprocess_compilation.cc:346] ptxas warning : Registers are spilled to local memory in function 'gemm_fusion_dot_897', 4 bytes spill stores, 4 bytes spill loads

2026-10-02 16:42:20.866490: I external/local_xla/xla/stream_executor/cuda/subprocess_compilation.cc:346] ptxas warning : Registers are spilled to local memory in function 'gemm_fusion_dot_763', 240 bytes spill stores, 200 bytes spill loads

2026-10-02 16:42:20.872671: I external/local_xla/xla/stream_executor/cuda/subprocess_compilation.cc:346] ptxas warning : Registers are spilled to local memory in function 'gemm_fusion_dot_763', 96 bytes spill stores, 96 bytes spill loads

2026-10-02 16:42:21.354973: I external/local_xla/xla/stream_executor/cuda/subprocess_compilation.cc:346] ptxas warning : Registers are spilled to local memory in function 'gemm_fusion_dot_897', 32 bytes spill stores, 32 bytes spill loads

2026-10-02 16:42:21.538596: I external/local_xla/xla/stream_executor/cuda/subprocess_compilation.cc:346] ptxas warning : Registers are spilled to local memory in function 'gemm_fusion_dot_767', 36 bytes spill stores, 36 bytes spill loads

2026-10-02 16:42:21.540293: I external/local_xla/xla/stream_executor/cuda/subprocess_compilation.cc:346] ptxas warning : Registers are spilled to local memory in function 'gemm_fusion_dot_897', 4 bytes spill stores, 4 bytes spill loads

2026-10-02 16:42:21.545546: I external/local_xla/xla/stream_executor/cuda/subprocess_compilation.cc:346] ptxas warning : Registers are spilled to local memory in function 'gemm_fusion_dot_897', 116 bytes spill stores, 116 bytes spill loads

2026-10-02 16:42:21.571222: I external/local_xla/xla/stream_executor/cuda/subprocess_compilation.cc:346] ptxas warning : Registers are spilled to local memory in function 'gemm_fusion_dot_767', 116 bytes spill stores, 116 bytes spill loads

2026-10-02 16:42:21.593299: I external/local_xla/xla/stream_executor/cuda/subprocess_compilation.cc:346] ptxas warning : Registers are spilled to local memory in function 'gemm_fusion_dot_898', 92 bytes spill stores, 92 bytes spill loads

2026-10-02 16:42:21.733401: I external/local_xla/xla/stream_executor/cuda/subprocess_compilation.cc:346] ptxas warning : Registers are spilled to local memory in function 'gemm_fusion_dot_897', 92 bytes spill stores, 92 bytes spill loads

2026-10-02 16:42:21.769016: I external/local_xla/xla/stream_executor/cuda/subprocess_compilation.cc:346] ptxas warning : Registers are spilled to local memory in function 'gemm_fusion_dot_898', 28 bytes spill stores, 28 bytes spill loads

2026-10-02 16:42:22.083245: I external/local_xla/xla/stream_executor/cuda/subprocess_compilation.cc:346] ptxas warning : Registers are spilled to local memory in function 'gemm_fusion_dot_767', 80 bytes spill stores, 80 bytes spill loads

2026-10-02 16:42:22.099294: I external/local_xla/xla/stream_executor/cuda/subprocess_compilation.cc:346] ptxas warning : Registers are spilled to local memory in function 'gemm_fusion_dot_898', 4 bytes spill stores, 4 bytes spill loads

2026-10-02 16:42:22.127567: I external/local_xla/xla/stream_executor/cuda/subprocess_compilation.cc:346] ptxas warning : Registers are spilled to local memory in function 'gemm_fusion_dot_897', 6552 bytes spill stores, 6616 bytes spill loads

2026-10-02 16:42:22.182557: I external/local_xla/xla/stream_executor/cuda/subprocess_compilation.cc:346] ptxas warning : Registers are spilled to local memory in function 'gemm_fusion_dot_767', 4 bytes spill stores, 4 bytes spill loads

2026-10-02 16:42:22.232465: I external/local_xla/xla/stream_executor/cuda/subprocess_compilation.cc:346] ptxas warning : Registers are spilled to local memory in function 'gemm_fusion_dot_763', 6192 bytes spill stores, 6200 bytes spill loads

2026-10-02 16:42:22.245585: I external/local_xla/xla/stream_executor/cuda/subprocess_compilation.cc:346] ptxas warning : Registers are spilled to local memory in function 'gemm_fusion_dot_767', 4 bytes spill stores, 4 bytes spill loads

2026-10-02 16:42:22.328663: I external/local_xla/xla/stream_executor/cuda/subprocess_compilation.cc:346] ptxas warning : Registers are spilled to local memory in function 'gemm_fusion_dot_898', 8 bytes spill stores, 8 bytes spill loads

2026-10-02 16:42:22.624802: I external/local_xla/xla/stream_executor/cuda/subprocess_compilation.cc:346] ptxas warning : Registers are spilled to local memory in function 'gemm_fusion_dot_898', 80 bytes spill stores, 80 bytes spill loads

2026-10-02 16:42:22.645964: I external/local_xla/xla/stream_executor/cuda/subprocess_compilation.cc:346] ptxas warning : Registers are spilled to local memory in function 'gemm_fusion_dot_767', 6720 bytes spill stores, 6804 bytes spill loads

2026-10-02 16:42:22.763654: I external/local_xla/xla/stream_executor/cuda/subprocess_compilation.cc:346] ptxas warning : Registers are spilled to local memory in function 'gemm_fusion_dot_1403', 112 bytes spill stores, 112 bytes spill loads

2026-10-02 16:42:22.834583: I external/local_xla/xla/stream_executor/cuda/subprocess_compilation.cc:346] ptxas warning : Registers are spilled to local memory in function 'gemm_fusion_dot_769', 152 bytes spill stores, 152 bytes spill loads

2026-10-02 16:42:22.861456: I external/local_xla/xla/stream_executor/cuda/subprocess_compilation.cc:346] ptxas warning : Registers are spilled to local memory in function 'gemm_fusion_dot_769', 6368 bytes spill stores, 6376 bytes spill loads

2026-10-02 16:42:22.879047: I external/local_xla/xla/stream_executor/cuda/subprocess_compilation.cc:346] ptxas warning : Registers are spilled to local memory in function 'gemm_fusion_dot_898', 2796 bytes spill stores, 2796 bytes spill loads

2026-10-02 16:42:23.119389: I external/local_xla/xla/stream_executor/cuda/subprocess_compilation.cc:346] ptxas warning : Registers are spilled to local memory in function 'gemm_fusion_dot_769', 56 bytes spill stores, 56 bytes spill loads

2026-10-02 16:42:23.301988: I external/local_xla/xla/stream_executor/cuda/subprocess_compilation.cc:346] ptxas warning : Registers are spilled to local memory in function 'gemm_fusion_dot_500', 92 bytes spill stores, 92 bytes spill loads

2026-10-02 16:42:23.516967: I external/local_xla/xla/stream_executor/cuda/subprocess_compilation.cc:346] ptxas warning : Registers are spilled to local memory in function 'gemm_fusion_dot_500', 160 bytes spill stores, 160 bytes spill loads

2026-10-02 16:42:23.904451: I external/local_xla/xla/stream_executor/cuda/subprocess_compilation.cc:346] ptxas warning : Registers are spilled to local memory in function 'gemm_fusion_dot_1403', 4 bytes spill stores, 4 bytes spill loads

2026-10-02 16:42:23.915963: I external/local_xla/xla/stream_executor/cuda/subprocess_compilation.cc:346] ptxas warning : Registers are spilled to local memory in function 'gemm_fusion_dot_1512', 160 bytes spill stores, 160 bytes spill loads

2026-10-02 16:42:24.106268: I external/local_xla/xla/stream_executor/cuda/subprocess_compilation.cc:346] ptxas warning : Registers are spilled to local memory in function 'gemm_fusion_dot_1403', 84 bytes spill stores, 84 bytes spill loads

2026-10-02 16:42:24.245403: I external/local_xla/xla/stream_executor/cuda/subprocess_compilation.cc:346] ptxas warning : Registers are spilled to local memory in function 'gemm_fusion_dot_1403', 12 bytes spill stores, 12 bytes spill loads

2026-10-02 16:42:24.375859: I external/local_xla/xla/stream_executor/cuda/subprocess_compilation.cc:346] ptxas warning : Registers are spilled to local memory in function 'gemm_fusion_dot_500', 6504 bytes spill stores, 6516 bytes spill loads

2026-10-02 16:42:24.436430: I external/local_xla/xla/stream_executor/cuda/subprocess_compilation.cc:346] ptxas warning : Registers are spilled to local memory in function 'gemm_fusion_dot_1512', 208 bytes spill stores, 208 bytes spill loads

2026-10-02 16:42:24.444076: I external/local_xla/xla/stream_executor/cuda/subprocess_compilation.cc:346] ptxas warning : Registers are spilled to local memory in function 'gemm_fusion_dot_1403', 8 bytes spill stores, 8 bytes spill loads

2026-10-02 16:42:24.756151: I external/local_xla/xla/stream_executor/cuda/subprocess_compilation.cc:346] ptxas warning : Registers are spilled to local memory in function 'gemm_fusion_dot_1415', 5736 bytes spill stores, 5776 bytes spill loads

2026-10-02 16:42:24.847928: I external/local_xla/xla/stream_executor/cuda/subprocess_compilation.cc:346] ptxas warning : Registers are spilled to local memory in function 'gemm_fusion_dot_1415', 68 bytes spill stores, 68 bytes spill loads

2026-10-02 16:42:25.376861: I external/local_xla/xla/stream_executor/cuda/subprocess_compilation.cc:346] ptxas warning : Registers are spilled to local memory in function 'gemm_fusion_dot_1413', 68 bytes spill stores, 68 bytes spill loads

2026-10-02 16:42:25.449191: I external/local_xla/xla/stream_executor/cuda/subprocess_compilation.cc:346] ptxas warning : Registers are spilled to local memory in function 'gemm_fusion_dot_1403', 7308 bytes spill stores, 7352 bytes spill loads

2026-10-02 16:42:25.609769: I external/local_xla/xla/stream_executor/cuda/subprocess_compilation.cc:346] ptxas warning : Registers are spilled to local memory in function 'gemm_fusion_dot_1481', 96 bytes spill stores, 96 bytes spill loads

2026-10-02 16:42:25.923494: I external/local_xla/xla/stream_executor/cuda/subprocess_compilation.cc:346] ptxas warning : Registers are spilled to local memory in function 'gemm_fusion_dot_1488', 96 bytes spill stores, 96 bytes spill loads

2026-10-02 16:42:26.063590: I external/local_xla/xla/stream_executor/cuda/subprocess_compilation.cc:346] ptxas warning : Registers are spilled to local memory in function 'gemm_fusion_dot_1413', 5736 bytes spill stores, 5776 bytes spill loads

2026-10-02 16:42:26.295683: I external/local_xla/xla/stream_executor/cuda/subprocess_compilation.cc:346] ptxas warning : Registers are spilled to local memory in function 'gemm_fusion_dot_1511', 176 bytes spill stores, 176 bytes spill loads

2026-10-02 16:42:26.497710: I external/local_xla/xla/stream_executor/cuda/subprocess_compilation.cc:346] ptxas warning : Registers are spilled to local memory in function 'gemm_fusion_dot_1369', 92 bytes spill stores, 92 bytes spill loads

2026-10-02 16:42:26.552588: I external/local_xla/xla/stream_executor/cuda/subprocess_compilation.cc:346] ptxas warning : Registers are spilled to local memory in function 'gemm_fusion_dot_1369', 160 bytes spill stores, 160 bytes spill loads

2026-10-02 16:42:26.796944: I external/local_xla/xla/stream_executor/cuda/subprocess_compilation.cc:346] ptxas warning : Registers are spilled to local memory in function 'gemm_fusion_dot_1391', 580 bytes spill stores, 580 bytes spill loads

2026-10-02 16:42:27.012624: I external/local_xla/xla/stream_executor/cuda/subprocess_compilation.cc:346] ptxas warning : Registers are spilled to local memory in function 'gemm_fusion_dot_1391', 140 bytes spill stores, 140 bytes spill loads

2026-10-02 16:42:27.113596: I external/local_xla/xla/stream_executor/cuda/subprocess_compilation.cc:346] ptxas warning : Registers are spilled to local memory in function 'gemm_fusion_dot_1391', 844 bytes spill stores, 848 bytes spill loads

2026-10-02 16:42:27.287511: I external/local_xla/xla/stream_executor/cuda/subprocess_compilation.cc:346] ptxas warning : Registers are spilled to local memory in function 'gemm_fusion_dot_1393', 132 bytes spill stores, 132 bytes spill loads

2026-10-02 16:42:27.605245: I external/local_xla/xla/stream_executor/cuda/subprocess_compilation.cc:346] ptxas warning : Registers are spilled to local memory in function 'gemm_fusion_dot_1488', 200 bytes spill stores, 200 bytes spill loads

2026-10-02 16:42:27.655614: I external/local_xla/xla/stream_executor/cuda/subprocess_compilation.cc:346] ptxas warning : Registers are spilled to local memory in function 'gemm_fusion_dot_1489', 5804 bytes spill stores, 5800 bytes spill loads

2026-10-02 16:42:27.688566: I external/local_xla/xla/stream_executor/cuda/subprocess_compilation.cc:346] ptxas warning : Registers are spilled to local memory in function 'gemm_fusion_dot_1393', 468 bytes spill stores, 468 bytes spill loads

2026-10-02 16:42:27.943072: I external/local_xla/xla/stream_executor/cuda/subprocess_compilation.cc:346] ptxas warning : Registers are spilled to local memory in function 'gemm_fusion_dot_1511', 64 bytes spill stores, 64 bytes spill loads

2026-10-02 16:42:28.029787: I external/local_xla/xla/stream_executor/cuda/subprocess_compilation.cc:346] ptxas warning : Registers are spilled to local memory in function 'gemm_fusion_dot_1376', 96 bytes spill stores, 96 bytes spill loads

2026-10-02 16:42:28.300904: I external/local_xla/xla/stream_executor/cuda/subprocess_compilation.cc:346] ptxas warning : Registers are spilled to local memory in function 'gemm_fusion_dot_1369', 6504 bytes spill stores, 6516 bytes spill loads

2026-10-02 16:42:28.445749: I external/local_xla/xla/stream_executor/cuda/subprocess_compilation.cc:346] ptxas warning : Registers are spilled to local memory in function 'gemm_fusion_dot_1491', 116 bytes spill stores, 116 bytes spill loads

2026-10-02 16:42:28.697344: I external/local_xla/xla/stream_executor/cuda/subprocess_compilation.cc:346] ptxas warning : Registers are spilled to local memory in function 'gemm_fusion_dot_1511', 6156 bytes spill stores, 5944 bytes spill loads

2026-10-02 16:42:28.759362: I external/local_xla/xla/stream_executor/cuda/subprocess_compilation.cc:346] ptxas warning : Registers are spilled to local memory in function 'gemm_fusion_dot_1511', 8 bytes spill stores, 8 bytes spill loads

2026-10-02 16:42:29.172107: I external/local_xla/xla/stream_executor/cuda/subprocess_compilation.cc:346] ptxas warning : Registers are spilled to local memory in function 'gemm_fusion_dot_1393', 608 bytes spill stores, 608 bytes spill loads

2026-10-02 16:42:29.239882: I external/local_xla/xla/stream_executor/cuda/subprocess_compilation.cc:346] ptxas warning : Registers are spilled to local memory in function 'gemm_fusion_dot_1376', 200 bytes spill stores, 200 bytes spill loads

2026-10-02 16:42:29.270198: I external/local_xla/xla/stream_executor/cuda/subprocess_compilation.cc:346] ptxas warning : Registers are spilled to local memory in function 'gemm_fusion_dot_1481', 6192 bytes spill stores, 6200 bytes spill loads

2026-10-02 16:42:29.421064: I external/local_xla/xla/stream_executor/cuda/subprocess_compilation.cc:346] ptxas warning : Registers are spilled to local memory in function 'gemm_fusion_dot_1505', 116 bytes spill stores, 116 bytes spill loads

2026-10-02 16:42:29.449649: I external/local_xla/xla/stream_executor/cuda/subprocess_compilation.cc:346] ptxas warning : Registers are spilled to local memory in function 'gemm_fusion_dot_1393', 868 bytes spill stores, 700 bytes spill loads

2026-10-02 16:42:29.572601: I external/local_xla/xla/stream_executor/cuda/subprocess_compilation.cc:346] ptxas warning : Registers are spilled to local memory in function 'gemm_fusion_dot_1512', 6788 bytes spill stores, 6744 bytes spill loads

2026-10-02 16:42:29.754044: I external/local_xla/xla/stream_executor/cuda/subprocess_compilation.cc:346] ptxas warning : Registers are spilled to local memory in function 'gemm_fusion_dot_1507', 96 bytes spill stores, 96 bytes spill loads

2026-10-02 16:42:29.945604: I external/local_xla/xla/stream_executor/cuda/subprocess_compilation.cc:346] ptxas warning : Registers are spilled to local memory in function 'gemm_fusion_dot_1391', 1152 bytes spill stores, 868 bytes spill loads

2026-10-02 16:42:30.192928: I external/local_xla/xla/stream_executor/cuda/subprocess_compilation.cc:346] ptxas warning : Registers are spilled to local memory in function 'gemm_fusion_dot_1506', 116 bytes spill stores, 116 bytes spill loads

2026-10-02 16:42:30.332447: I external/local_xla/xla/stream_executor/cuda/subprocess_compilation.cc:346] ptxas warning : Registers are spilled to local memory in function 'gemm_fusion_dot_1376', 6368 bytes spill stores, 6356 bytes spill loads

2026-10-02 16:42:30.760472: I external/local_xla/xla/stream_executor/cuda/subprocess_compilation.cc:346] ptxas warning : Registers are spilled to local memory in function 'gemm_fusion_dot_1491', 36 bytes spill stores, 36 bytes spill loads

2026-10-02 16:42:30.769553: I external/local_xla/xla/stream_executor/cuda/subprocess_compilation.cc:346] ptxas warning : Registers are spilled to local memory in function 'gemm_fusion_dot_1505', 36 bytes spill stores, 36 bytes spill loads

2026-10-02 16:42:31.068015: I external/local_xla/xla/stream_executor/cuda/subprocess_compilation.cc:346] ptxas warning : Registers are spilled to local memory in function 'gemm_fusion_dot_1490', 116 bytes spill stores, 116 bytes spill loads

2026-10-02 16:42:31.258695: I external/local_xla/xla/stream_executor/cuda/subprocess_compilation.cc:346] ptxas warning : Registers are spilled to local memory in function 'gemm_fusion_dot_1507', 6192 bytes spill stores, 6200 bytes spill loads

2026-10-02 16:42:31.354100: I external/local_xla/xla/stream_executor/cuda/subprocess_compilation.cc:346] ptxas warning : Registers are spilled to local memory in function 'gemm_fusion_dot_1489', 208 bytes spill stores, 208 bytes spill loads

2026-10-02 16:42:31.408321: I external/local_xla/xla/stream_executor/cuda/subprocess_compilation.cc:346] ptxas warning : Registers are spilled to local memory in function 'gemm_fusion_dot_1490', 36 bytes spill stores, 36 bytes spill loads

2026-10-02 16:42:31.417229: I external/local_xla/xla/stream_executor/cuda/subprocess_compilation.cc:346] ptxas warning : Registers are spilled to local memory in function 'gemm_fusion_dot_1511', 8 bytes spill stores, 8 bytes spill loads

2026-10-02 16:42:31.525460: I external/local_xla/xla/stream_executor/cuda/subprocess_compilation.cc:346] ptxas warning : Registers are spilled to local memory in function 'gemm_fusion_dot_1512', 116 bytes spill stores, 116 bytes spill loads

2026-10-02 16:42:31.574510: I external/local_xla/xla/stream_executor/cuda/subprocess_compilation.cc:346] ptxas warning : Registers are spilled to local memory in function 'gemm_fusion_dot_1504', 56 bytes spill stores, 56 bytes spill loads

2026-10-02 16:42:31.585631: I external/local_xla/xla/stream_executor/cuda/subprocess_compilation.cc:346] ptxas warning : Registers are spilled to local memory in function 'gemm_fusion_dot_1481', 240 bytes spill stores, 200 bytes spill loads

2026-10-02 16:42:31.619005: I external/local_xla/xla/stream_executor/cuda/subprocess_compilation.cc:346] ptxas warning : Registers are spilled to local memory in function 'gemm_fusion_dot_1497', 152 bytes spill stores, 152 bytes spill loads

2026-10-02 16:42:31.619254: I external/local_xla/xla/stream_executor/cuda/subprocess_compilation.cc:346] ptxas warning : Registers are spilled to local memory in function 'gemm_fusion_dot_1393', 48 bytes spill stores, 48 bytes spill loads

2026-10-02 16:42:31.660372: I external/local_xla/xla/stream_executor/cuda/subprocess_compilation.cc:346] ptxas warning : Registers are spilled to local memory in function 'gemm_fusion_dot_1511', 8 bytes spill stores, 8 bytes spill loads

2026-10-02 16:42:31.744869: I external/local_xla/xla/stream_executor/cuda/subprocess_compilation.cc:346] ptxas warning : Registers are spilled to local memory in function 'gemm_fusion_dot_1504', 152 bytes spill stores, 152 bytes spill loads

2026-10-02 16:42:31.809240: I external/local_xla/xla/stream_executor/cuda/subprocess_compilation.cc:346] ptxas warning : Registers are spilled to local memory in function 'gemm_fusion_dot_1488', 6368 bytes spill stores, 6356 bytes spill loads

2026-10-02 16:42:31.810904: I external/local_xla/xla/stream_executor/cuda/subprocess_compilation.cc:346] ptxas warning : Registers are spilled to local memory in function 'gemm_fusion_dot_1506', 6084 bytes spill stores, 6060 bytes spill loads

2026-10-02 16:42:31.866241: I external/local_xla/xla/stream_executor/cuda/subprocess_compilation.cc:346] ptxas warning : Registers are spilled to local memory in function 'gemm_fusion_dot_1489', 200 bytes spill stores, 200 bytes spill loads

2026-10-02 16:42:32.048813: I external/local_xla/xla/stream_executor/cuda/subprocess_compilation.cc:346] ptxas warning : Registers are spilled to local memory in function 'gemm_fusion_dot_1497', 6368 bytes spill stores, 6376 bytes spill loads

2026-10-02 16:42:32.194108: I external/local_xla/xla/stream_executor/cuda/subprocess_compilation.cc:346] ptxas warning : Registers are spilled to local memory in function 'gemm_fusion_dot_1489', 156 bytes spill stores, 156 bytes spill loads

2026-10-02 16:42:32.437382: I external/local_xla/xla/stream_executor/cuda/subprocess_compilation.cc:346] ptxas warning : Registers are spilled to local memory in function 'gemm_fusion_dot_1497', 56 bytes spill stores, 56 bytes spill loads

2026-10-02 16:42:32.523377: I external/local_xla/xla/stream_executor/cuda/subprocess_compilation.cc:346] ptxas warning : Registers are spilled to local memory in function 'gemm_fusion_dot_1504', 6368 bytes spill stores, 6376 bytes spill loads

2026-10-02 16:42:32.602904: I external/local_xla/xla/stream_executor/cuda/subprocess_compilation.cc:346] ptxas warning : Registers are spilled to local memory in function 'gemm_fusion_dot_1505', 6084 bytes spill stores, 6060 bytes spill loads

2026-10-02 16:42:32.795273: I external/local_xla/xla/stream_executor/cuda/subprocess_compilation.cc:346] ptxas warning : Registers are spilled to local memory in function 'gemm_fusion_dot_1491', 6084 bytes spill stores, 6060 bytes spill loads

2026-10-02 16:42:32.795345: I external/local_xla/xla/stream_executor/cuda/subprocess_compilation.cc:346] ptxas warning : Registers are spilled to local memory in function 'gemm_fusion_dot_1507', 240 bytes spill stores, 200 bytes spill loads

2026-10-02 16:42:32.830381: I external/local_xla/xla/stream_executor/cuda/subprocess_compilation.cc:346] ptxas warning : Registers are spilled to local memory in function 'gemm_fusion_dot_1506', 36 bytes spill stores, 36 bytes spill loads

2026-10-02 16:42:33.113911: I external/local_xla/xla/stream_executor/cuda/subprocess_compilation.cc:346] ptxas warning : Registers are spilled to local memory in function 'gemm_fusion_dot_1490', 6084 bytes spill stores, 6060 bytes spill loads

2026-10-02 16:42:53.003878: W tensorflow/compiler/tf2xla/kernels/assert_op.cc:39] Ignoring Assert operator assert_equal_1/Assert/AssertGuard/Assert
{"arm": "guarded_pairwise", "design_seed": 260301, "log_likelihood": -81.81239318847656, "score": [-143.58433532714844, 52.072288513183594, 38.65306854248047], "valid": true}
