2026-09-22 18:07:46.196763: I tensorflow/core/platform/cpu_feature_guard.cc:210] This TensorFlow binary is optimized to use available CPU instructions in performance-critical operations.
To enable the following instructions: SSE4.1 SSE4.2 AVX AVX2 FMA, in other operations, rebuild TensorFlow with the appropriate compiler flags.
WARNING: All log messages before absl::InitializeLog() is called are written to STDERR
I0000 00:00:1790071668.633857 4006192 gpu_device.cc:2020] Created device /job:localhost/replica:0/task:0/device:GPU:0 with 29676 MB memory:  -> device: 0, name: NVIDIA GeForce RTX 4080 SUPER, pci bus id: 0000:41:00.0, compute capability: 8.9
I0000 00:00:1790071669.872846 4006192 cuda_solvers.cc:175] Creating GpuSolver handles for stream 0x647d114ef3c0
Compiling fixed 20-row transformed value/score graph and checking saved control.
2026-09-22 18:07:56.668670: I external/local_xla/xla/service/service.cc:163] XLA service 0x647d179b9400 initialized for platform CUDA (this does not guarantee that XLA will be used). Devices:
2026-09-22 18:07:56.668725: I external/local_xla/xla/service/service.cc:171]   StreamExecutor device (0): NVIDIA GeForce RTX 4080 SUPER, Compute Capability 8.9
2026-09-22 18:07:56.792724: I tensorflow/compiler/mlir/tensorflow/utils/dump_mlir_util.cc:269] disabling MLIR crash reproducer, set env var `MLIR_CRASH_REPRODUCER_DIRECTORY` to enable.
2026-09-22 18:07:57.361841: W tensorflow/compiler/tf2xla/kernels/assert_op.cc:39] Ignoring Assert operator while/assert_less_equal/Assert/AssertGuard/Assert
2026-09-22 18:07:57.363333: W tensorflow/compiler/tf2xla/kernels/assert_op.cc:39] Ignoring Assert operator while/assert_less_equal_1/Assert/AssertGuard/Assert
2026-09-22 18:07:57.658557: W tensorflow/compiler/tf2xla/kernels/assert_op.cc:39] Ignoring Assert operator while/assert_less_equal_2/Assert/AssertGuard/Assert
2026-09-22 18:07:57.730561: W tensorflow/compiler/tf2xla/kernels/assert_op.cc:39] Ignoring Assert operator while/assert_less_equal_3/Assert/AssertGuard/Assert
2026-09-22 18:07:57.732100: W tensorflow/compiler/tf2xla/kernels/assert_op.cc:39] Ignoring Assert operator while/assert_less_equal_4/Assert/AssertGuard/Assert
2026-09-22 18:07:57.894052: W tensorflow/compiler/tf2xla/kernels/assert_op.cc:39] Ignoring Assert operator while/assert_less_equal_5/Assert/AssertGuard/Assert
2026-09-22 18:07:58.029138: I external/local_xla/xla/stream_executor/cuda/cuda_dnn.cc:473] Loaded cuDNN version 91700
I0000 00:00:1790071683.948932 4006192 device_compiler.h:196] Compiled cluster using XLA!  This line is logged at most once for the lifetime of the process.
Evaluated 100/1000 points in 11.1s.
Evaluated 200/1000 points in 22.1s.
Evaluated 300/1000 points in 33.2s.
Evaluated 400/1000 points in 44.3s.
Evaluated 500/1000 points in 55.4s.
Evaluated 600/1000 points in 66.4s.
Evaluated 700/1000 points in 77.5s.
Evaluated 800/1000 points in 88.6s.
Evaluated 900/1000 points in 99.7s.
Evaluated 1000/1000 points in 110.8s.
