
 FTT approximation at time 1 because ESS =  30.37 / 64. Enhanced ESS is 30.37. 


  >> ALS  max_local_E  mean_local_E  max_r  max_debug_E  mean_debug_E  cum#fevals
  >>   1  2.54395E+00   1.54278E+00      3  4.97966E-02   2.49678E-02         792
  >> ALS completed, TT ranks
  >> 3  3  3  1
The total ESS is 63.50 out of 64. 

 FTT approximation at time 2 because ESS =  7.94 / 64. Enhanced ESS is 7.94. 


  >> ALS  max_local_E  mean_local_E  max_r  max_debug_E  mean_debug_E  cum#fevals
  >>   1  6.78317E-01   5.43637E-01      4  6.24000E-02   3.04295E-02        1320
  >> ALS completed, TT ranks
  >> 4  4  4  1
The total ESS is 59.99 out of 64. 

 FTT approximation at time 3 because ESS =  37.99 / 64. Enhanced ESS is 37.99. 


  >> ALS  max_local_E  mean_local_E  max_r  max_debug_E  mean_debug_E  cum#fevals
  >>   1  1.79173E+00   8.93581E-01      4  2.80299E-02   2.30958E-02        1617
  >> ALS completed, TT ranks
  >> 4  4  4  1
The total ESS is 63.40 out of 64. 

 FTT approximation at time 4 because ESS =  32.71 / 64. Enhanced ESS is 32.71. 


  >> ALS  max_local_E  mean_local_E  max_r  max_debug_E  mean_debug_E  cum#fevals
  >>   1  8.00749E-01   5.28415E-01      4  8.01383E-03   5.29113E-03        1617
  >> ALS completed, TT ranks
  >> 4  4  4  1
The total ESS is 63.95 out of 64. 

 FTT approximation at time 5 because ESS =  41.41 / 64. Enhanced ESS is 41.41. 


  >> ALS  max_local_E  mean_local_E  max_r  max_debug_E  mean_debug_E  cum#fevals
  >>   1  3.44756E-01   2.23249E-01      4  2.93738E-03   1.36490E-03        1617
  >> ALS completed, TT ranks
  >> 4  4  4  1
The total ESS is 63.99 out of 64. 

 FTT approximation at time 6 because ESS =  31.71 / 64. Enhanced ESS is 31.71. 


  >> ALS  max_local_E  mean_local_E  max_r  max_debug_E  mean_debug_E  cum#fevals
  >>   1  3.28837E-01   2.32043E-01      4  1.01939E-02   3.19826E-03        1617
  >> ALS completed, TT ranks
  >> 4  4  4  1
The total ESS is 63.98 out of 64. 

 FTT approximation at time 7 because ESS =  37.16 / 64. Enhanced ESS is 37.16. 


  >> ALS  max_local_E  mean_local_E  max_r  max_debug_E  mean_debug_E  cum#fevals
  >>   1  5.65269E-01   4.28199E-01      4  5.48879E-03   2.47579E-03        1617
  >> ALS completed, TT ranks
  >> 4  4  4  1
The total ESS is 64.00 out of 64. 

 FTT approximation at time 8 because ESS =  40.36 / 64. Enhanced ESS is 40.36. 


  >> ALS  max_local_E  mean_local_E  max_r  max_debug_E  mean_debug_E  cum#fevals
  >>   1  2.79171E-01   2.09524E-01      4  6.87836E-03   5.10681E-03        1452
  >> ALS completed, TT ranks
  >> 4  4  3  1
The total ESS is 63.98 out of 64. 

 FTT approximation at time 9 because ESS =  14.65 / 64. Enhanced ESS is 14.65. 


  >> ALS  max_local_E  mean_local_E  max_r  max_debug_E  mean_debug_E  cum#fevals
  >>   1  3.25852E-01   2.60060E-01      4  4.71368E-03   3.38987E-03        1320
  >> ALS completed, TT ranks
  >> 3  4  4  1
The total ESS is 63.94 out of 64. 

 FTT approximation at time 10 because ESS =  23.44 / 64. Enhanced ESS is 23.44. 


  >> ALS  max_local_E  mean_local_E  max_r  max_debug_E  mean_debug_E  cum#fevals
  >>   1  5.43743E-01   3.42326E-01      4  3.49737E-03   2.63301E-03        1452
  >> ALS completed, TT ranks
  >> 3  4  4  1
The total ESS is 63.99 out of 64. 

 FTT approximation at time 11 because ESS =  18.73 / 64. Enhanced ESS is 18.73. 


  >> ALS  max_local_E  mean_local_E  max_r  max_debug_E  mean_debug_E  cum#fevals
  >>   1  6.13906E-01   3.52765E-01      4  7.69597E-03   5.12944E-03        1584
  >> ALS completed, TT ranks
  >> 4  4  4  1
The total ESS is 63.93 out of 64. 

 FTT approximation at time 12 because ESS =  41.13 / 64. Enhanced ESS is 41.13. 


  >> ALS  max_local_E  mean_local_E  max_r  max_debug_E  mean_debug_E  cum#fevals
  >>   1  8.11361E-01   4.53406E-01      4  3.60922E-03   2.41052E-03        1617
  >> ALS completed, TT ranks
  >> 4  4  4  1
The total ESS is 63.99 out of 64. 

 FTT approximation at time 13 because ESS =  30.31 / 64. Enhanced ESS is 30.31. 


  >> ALS  max_local_E  mean_local_E  max_r  max_debug_E  mean_debug_E  cum#fevals
  >>   1  3.48509E-01   3.36886E-01      4  1.56216E-03   5.30690E-04        1617
  >> ALS completed, TT ranks
  >> 4  4  4  1
The total ESS is 64.00 out of 64. 

 FTT approximation at time 14 because ESS =  28.37 / 64. Enhanced ESS is 28.37. 


  >> ALS  max_local_E  mean_local_E  max_r  max_debug_E  mean_debug_E  cum#fevals
  >>   1  3.77768E-01   3.31708E-01      4  2.70642E-02   1.07785E-02        1617
  >> ALS completed, TT ranks
  >> 4  4  4  1
The total ESS is 63.47 out of 64. 

 FTT approximation at time 15 because ESS =  35.25 / 64. Enhanced ESS is 35.25. 


  >> ALS  max_local_E  mean_local_E  max_r  max_debug_E  mean_debug_E  cum#fevals
  >>   1  3.08877E-01   2.50805E-01      4  5.40310E-03   2.96907E-03        1617
  >> ALS completed, TT ranks
  >> 4  4  4  1
The total ESS is 63.98 out of 64. 

 FTT approximation at time 16 because ESS =  36.97 / 64. Enhanced ESS is 36.97. 


  >> ALS  max_local_E  mean_local_E  max_r  max_debug_E  mean_debug_E  cum#fevals
  >>   1  4.33859E-01   2.38928E-01      4  5.42190E-03   2.04716E-03        1617
  >> ALS completed, TT ranks
  >> 4  4  4  1
The total ESS is 64.00 out of 64. 

 FTT approximation at time 17 because ESS =  1.79 / 64. Enhanced ESS is 9.76. 


  >> ALS  max_local_E  mean_local_E  max_r  max_debug_E  mean_debug_E  cum#fevals
  >>   1  5.39933E-01   3.94326E-01      4  1.05967E-02   5.09202E-03        1617
  >> ALS completed, TT ranks
  >> 4  4  4  1
The total ESS is 63.88 out of 64. 

 FTT approximation at time 18 because ESS =  36.47 / 64. Enhanced ESS is 36.47. 


  >> ALS  max_local_E  mean_local_E  max_r  max_debug_E  mean_debug_E  cum#fevals
  >>   1  4.04393E-01   3.55074E-01      4  5.94583E-04   3.56694E-04        1617
  >> ALS completed, TT ranks
  >> 4  4  4  1
The total ESS is 64.00 out of 64. 

 FTT approximation at time 19 because ESS =  36.67 / 64. Enhanced ESS is 36.67. 


  >> ALS  max_local_E  mean_local_E  max_r  max_debug_E  mean_debug_E  cum#fevals
  >>   1  5.25674E-01   4.49586E-01      4  6.64238E-04   4.17975E-04        1617
  >> ALS completed, TT ranks
  >> 4  4  4  1
The total ESS is 64.00 out of 64. 

 FTT approximation at time 20 because ESS =  38.64 / 64. Enhanced ESS is 38.64. 


  >> ALS  max_local_E  mean_local_E  max_r  max_debug_E  mean_debug_E  cum#fevals
  >>   1  3.10596E-01   3.02670E-01      4  1.91238E-03   1.25565E-03        1617
  >> ALS completed, TT ranks
  >> 4  4  4  1
The total ESS is 64.00 out of 64. 
18
17
16
15
14
13
12
11
10
9
8
7
6
5
4
3
2
1
0
ZHAO_CUI_REFERENCE_DONE model=pp
