
 FTT approximation at time 1 because ESS =  41.64 / 64. Enhanced ESS is 41.64. 
Not enough number of samples to initialise ftt


  >> ALS  max_local_E  mean_local_E  max_r  max_debug_E  mean_debug_E  cum#fevals
  >>   1  5.93681E+148   1.69623E+147      3  1.00000E+00   1.00000E+00        5148
  >> ALS completed, TT ranks
  >> 1  1  2  1  2  1  1  1  1  1  1  1  1  1  1  1  1  1  1  2  1  2  1  1  2  3  2  3  2  1  2  3  1  3  3  1
The total ESS is 1.00 out of 64. 

 FTT approximation at time 2 because ESS =  3.37 / 64. Enhanced ESS is 11.40. 
Not enough number of samples to initialise ftt


  >> ALS  max_local_E  mean_local_E  max_r  max_debug_E  mean_debug_E  cum#fevals
  >>   1  1.67225E+10   4.77785E+08      4  1.00000E+00   1.00000E+00        4818
  >> ALS completed, TT ranks
  >> 1  2  3  1  2  1  1  1  1  1  1  1  1  1  1  1  1  1  1  2  1  2  1  1  2  3  2  4  2  1  2  3  1  3  3  1
The total ESS is 1.61 out of 64. 

 FTT approximation at time 3 because ESS =  1.03 / 64. newton does not converge, continue with regula falsi
Enhanced ESS is 1.54. 


  >> ALS  max_local_E  mean_local_E  max_r  max_debug_E  mean_debug_E  cum#fevals
  >>   1  5.67819E+06   1.62235E+05      4  1.00000E+00   1.00000E+00        6402
  >> ALS completed, TT ranks
  >> 2  3  4  2  3  2  2  2  2  2  1  1  1  2  1  1  1  1  1  2  1  2  1  1  2  3  2  4  2  2  3  4  2  4  4  1
The total ESS is 2.12 out of 64. 

 FTT approximation at time 4 because ESS =  1.57 / 64. Enhanced ESS is 8.60. 
Not enough number of samples to initialise ftt


  >> ALS  max_local_E  mean_local_E  max_r  max_debug_E  mean_debug_E  cum#fevals
  >>   1  3.38454E+73   9.67012E+71      4  1.00000E+00   1.00000E+00        6237
  >> ALS completed, TT ranks
  >> 2  3  4  2  4  3  2  1  1  2  1  1  1  2  1  1  1  1  1  1  1  2  1  1  2  1  2  2  2  2  2  2  2  1  1  1
The total ESS is 1.00 out of 64. 

 FTT approximation at time 5 because ESS =  1.40 / 64. Enhanced ESS is 4.45. 


  >> ALS  max_local_E  mean_local_E  max_r  max_debug_E  mean_debug_E  cum#fevals
  >>   1  1.02341E+39   2.92403E+37      4  1.00000E+00   1.00000E+00        5478
  >> ALS completed, TT ranks
  >> 1  2  4  3  3  2  1  1  1  2  1  1  1  2  1  1  1  1  1  1  1  2  1  1  2  1  2  2  2  2  2  3  3  2  2  1
The total ESS is 1.90 out of 64. 

 FTT approximation at time 6 because ESS =  20.88 / 64. Enhanced ESS is 20.88. 
Not enough number of samples to initialise ftt


  >> ALS  max_local_E  mean_local_E  max_r  max_debug_E  mean_debug_E  cum#fevals
  >>   1  2.63048E+125   7.51564E+123      3  1.00000E+00   1.00000E+00        4257
  >> ALS completed, TT ranks
  >> 2  2  2  1  3  2  1  2  1  2  2  1  1  2  1  1  1  1  1  1  1  2  1  1  1  1  2  2  1  1  1  1  1  1  1  1
The total ESS is 1.00 out of 64. 

 FTT approximation at time 7 because ESS =  2.81 / 64. Enhanced ESS is 9.30. 
Not enough number of samples to initialise ftt


  >> ALS  max_local_E  mean_local_E  max_r  max_debug_E  mean_debug_E  cum#fevals
  >>   1  2.82767E+46   8.07906E+44      3  1.00000E+00   1.00000E+00        3795
  >> ALS completed, TT ranks
  >> 2  1  1  1  3  2  2  2  2  1  2  1  1  1  1  1  1  1  1  1  1  2  1  1  1  1  2  2  1  1  1  1  1  2  2  1
The total ESS is 1.00 out of 64. 

 FTT approximation at time 8 because ESS =  1.16 / 64. Enhanced ESS is 10.35. 


  >> ALS  max_local_E  mean_local_E  max_r  max_debug_E  mean_debug_E  cum#fevals
  >>   1         Inf          NaN      3  1.00000E+00   1.00000E+00        2838
  >> ALS completed, TT ranks
  >> 3  1  1  1  1  1  1  1  1  1  1  1  1  1  1  1  1  1  1  1  1  1  1  1  1  1  1  1  1  1  1  1  1  1  1  1
The total ESS is 1.42 out of 64. 

 FTT approximation at time 9 because ESS =  16.03 / 64. Enhanced ESS is 16.03. 
Not enough number of samples to initialise ftt


  >> ALS  max_local_E  mean_local_E  max_r  max_debug_E  mean_debug_E  cum#fevals
  >>   1  5.15753E+04   1.47427E+03      3  1.00000E+00   1.00000E+00        3432
  >> ALS completed, TT ranks
  >> 3  1  1  1  1  1  1  1  1  1  1  2  1  2  1  1  1  1  1  1  1  1  2  1  2  2  2  2  2  2  2  2  2  2  2  1
The total ESS is 1.57 out of 64. 

 FTT approximation at time 10 because ESS =  8.23 / 64. Enhanced ESS is 8.23. 
Not enough number of samples to initialise ftt


  >> ALS  max_local_E  mean_local_E  max_r  max_debug_E  mean_debug_E  cum#fevals
  >>   1  2.49047E+09   7.11563E+07      3  9.99998E-01   9.99993E-01        4224
  >> ALS completed, TT ranks
  >> 3  2  1  1  1  1  1  1  1  1  1  2  1  2  1  1  1  1  1  1  1  1  2  1  2  2  2  2  2  2  2  2  2  2  1  1
The total ESS is 2.64 out of 64. 

 FTT approximation at time 11 because ESS =  26.31 / 64. Enhanced ESS is 26.31. 
Not enough number of samples to initialise ftt


  >> ALS  max_local_E  mean_local_E  max_r  max_debug_E  mean_debug_E  cum#fevals
  >>   1  3.51219E+15   1.00348E+14      3  1.00000E+00   1.00000E+00        5082
  >> ALS completed, TT ranks
  >> 3  2  1  1  1  1  1  1  1  1  1  2  1  2  1  1  2  1  1  1  2  1  3  2  3  2  2  2  2  3  2  3  3  3  2  1
The total ESS is 1.25 out of 64. 

 FTT approximation at time 12 because ESS =  44.47 / 64. Enhanced ESS is 44.47. 
Not enough number of samples to initialise ftt


  >> ALS  max_local_E  mean_local_E  max_r  max_debug_E  mean_debug_E  cum#fevals
  >>   1  4.06214E+07   1.16061E+06      4  1.00000E+00   1.00000E+00        5742
  >> ALS completed, TT ranks
  >> 4  3  2  1  1  1  1  1  1  1  1  2  1  2  1  1  2  1  1  1  2  1  2  2  2  2  2  2  2  3  2  2  3  3  2  1
The total ESS is 1.19 out of 64. 

 FTT approximation at time 13 because ESS =  34.57 / 64. Enhanced ESS is 34.57. 
Not enough number of samples to initialise ftt


  >> ALS  max_local_E  mean_local_E  max_r  max_debug_E  mean_debug_E  cum#fevals
  >>   1  5.41030E+05   1.54585E+04      4  1.00000E+00   1.00000E+00        6072
  >> ALS completed, TT ranks
  >> 2  3  2  1  1  1  1  1  1  1  1  2  1  2  1  1  3  1  1  1  2  1  2  2  2  2  2  2  3  3  3  3  3  4  3  1
The total ESS is 1.74 out of 64. 

 FTT approximation at time 14 because ESS =  47.04 / 64. Enhanced ESS is 47.04. 
Not enough number of samples to initialise ftt


  >> ALS  max_local_E  mean_local_E  max_r  max_debug_E  mean_debug_E  cum#fevals
  >>   1  2.14267E+05   6.12243E+03      4  9.99995E-01   9.99934E-01        6699
  >> ALS completed, TT ranks
  >> 3  3  2  2  1  1  1  1  1  1  1  2  1  2  1  1  3  1  1  1  2  1  2  2  2  2  2  2  3  3  3  3  3  4  3  1
The total ESS is 1.50 out of 64. 

 FTT approximation at time 15 because ESS =  55.07 / 64. Enhanced ESS is 55.07. 
Not enough number of samples to initialise ftt


  >> ALS  max_local_E  mean_local_E  max_r  max_debug_E  mean_debug_E  cum#fevals
  >>   1  3.75569E+01   1.50207E+00      4  9.99840E-01   9.99863E-01        7260
  >> ALS completed, TT ranks
  >> 3  3  2  2  1  1  1  1  1  1  1  2  1  2  1  1  3  1  1  1  2  1  2  2  2  2  2  2  4  4  3  3  4  4  3  1
The total ESS is 4.45 out of 64. 

 FTT approximation at time 16 because ESS =  46.63 / 64. Enhanced ESS is 46.63. 
Not enough number of samples to initialise ftt


  >> ALS  max_local_E  mean_local_E  max_r  max_debug_E  mean_debug_E  cum#fevals
  >>   1  1.40320E+03   4.04864E+01      4  9.99929E-01   9.99474E-01        7656
  >> ALS completed, TT ranks
  >> 4  4  2  3  1  1  1  1  1  1  1  2  1  2  1  1  3  1  1  1  2  1  2  2  2  2  2  2  4  4  3  3  4  4  2  1
The total ESS is 5.58 out of 64. 

 FTT approximation at time 17 because ESS =  55.21 / 64. Enhanced ESS is 55.21. 
Not enough number of samples to initialise ftt


  >> ALS  max_local_E  mean_local_E  max_r  max_debug_E  mean_debug_E  cum#fevals
  >>   1  4.95209E+02   1.44906E+01      4  9.94476E-01   9.95568E-01        8052
  >> ALS completed, TT ranks
  >> 4  4  2  3  1  1  1  1  1  1  1  2  1  2  1  1  3  1  1  1  2  1  2  2  2  2  3  2  4  4  3  3  4  4  3  1
The total ESS is 7.20 out of 64. 

 FTT approximation at time 18 because ESS =  52.94 / 64. Enhanced ESS is 52.94. 
Not enough number of samples to initialise ftt


  >> ALS  max_local_E  mean_local_E  max_r  max_debug_E  mean_debug_E  cum#fevals
  >>   1  8.99738E-01   3.77662E-01      4  9.89521E-01   9.87225E-01        7590
  >> ALS completed, TT ranks
  >> 4  4  2  3  1  1  1  1  1  1  1  2  1  2  1  1  3  1  1  1  2  1  2  2  2  2  3  2  4  4  3  3  3  3  1  1
The total ESS is 6.42 out of 64. 

 FTT approximation at time 19 because ESS =  58.23 / 64. Enhanced ESS is 58.23. 
Not enough number of samples to initialise ftt


  >> ALS  max_local_E  mean_local_E  max_r  max_debug_E  mean_debug_E  cum#fevals
  >>   1  9.95092E+01   3.19066E+00      4  9.99561E-01   9.97693E-01        7722
  >> ALS completed, TT ranks
  >> 3  4  2  3  1  1  1  1  1  1  1  2  1  2  1  1  3  1  1  1  2  1  3  2  2  2  3  2  4  4  3  4  4  3  2  1
The total ESS is 3.11 out of 64. 

 FTT approximation at time 20 because ESS =  51.63 / 64. Enhanced ESS is 51.63. 
Not enough number of samples to initialise ftt


  >> ALS  max_local_E  mean_local_E  max_r  max_debug_E  mean_debug_E  cum#fevals
  >>   1  3.16360E+01   1.26479E+00      4  9.34004E-01   8.73991E-01        8052
  >> ALS completed, TT ranks
  >> 4  4  2  3  1  1  1  1  1  1  1  2  1  2  1  1  3  1  1  1  2  1  3  2  2  2  3  2  4  4  3  4  4  3  2  1
The total ESS is 2.32 out of 64. 
18
17
16
15
14
13
12
11
10
9
8
7
6
5
4
3
2
1
0
ZHAO_CUI_REFERENCE_DONE model=sir_austria
