..............                                                           [100%]
=============================== warnings summary ===============================
../../home/ubuntu/anaconda3/envs/tfgpu/lib/python3.13/site-packages/tensorflow_probability/python/__init__.py:57
  /home/ubuntu/anaconda3/envs/tfgpu/lib/python3.13/site-packages/tensorflow_probability/python/__init__.py:57: DeprecationWarning: distutils Version classes are deprecated. Use packaging.version instead.
    if (distutils.version.LooseVersion(tf.__version__) <

../../home/ubuntu/anaconda3/envs/tfgpu/lib/python3.13/site-packages/tensorflow_probability/python/__init__.py:58
  /home/ubuntu/anaconda3/envs/tfgpu/lib/python3.13/site-packages/tensorflow_probability/python/__init__.py:58: DeprecationWarning: distutils Version classes are deprecated. Use packaging.version instead.
    distutils.version.LooseVersion(required_tensorflow_version)):

tests/test_q20_master_integration.py: 3519 warnings
  /home/ubuntu/anaconda3/envs/tfgpu/lib/python3.13/site-packages/gast/astn.py:23: DeprecationWarning: Attribute.__init__ got an unexpected keyword argument '___pyct_anno'. Support for arbitrary keyword arguments is deprecated and will be removed in Python 3.15.
    new_node = cls(

tests/test_q20_master_integration.py: 280 warnings
  /home/ubuntu/anaconda3/envs/tfgpu/lib/python3.13/site-packages/gast/astn.py:23: DeprecationWarning: Tuple.__init__ got an unexpected keyword argument '___pyct_anno'. Support for arbitrary keyword arguments is deprecated and will be removed in Python 3.15.
    new_node = cls(

tests/test_q20_master_integration.py: 2236 warnings
  /home/ubuntu/anaconda3/envs/tfgpu/lib/python3.13/site-packages/gast/astn.py:23: DeprecationWarning: Call.__init__ got an unexpected keyword argument '___pyct_anno'. Support for arbitrary keyword arguments is deprecated and will be removed in Python 3.15.
    new_node = cls(

tests/test_q20_master_integration.py: 610 warnings
  /home/ubuntu/anaconda3/envs/tfgpu/lib/python3.13/site-packages/gast/astn.py:23: DeprecationWarning: Constant.__init__ got an unexpected keyword argument '___pyct_anno'. Support for arbitrary keyword arguments is deprecated and will be removed in Python 3.15.
    new_node = cls(

tests/test_q20_master_integration.py: 102 warnings
  /home/ubuntu/anaconda3/envs/tfgpu/lib/python3.13/site-packages/gast/astn.py:23: DeprecationWarning: Compare.__init__ got an unexpected keyword argument '___pyct_anno'. Support for arbitrary keyword arguments is deprecated and will be removed in Python 3.15.
    new_node = cls(

tests/test_q20_master_integration.py: 126 warnings
  /home/ubuntu/anaconda3/envs/tfgpu/lib/python3.13/site-packages/gast/astn.py:23: DeprecationWarning: BinOp.__init__ got an unexpected keyword argument '___pyct_anno'. Support for arbitrary keyword arguments is deprecated and will be removed in Python 3.15.
    new_node = cls(

tests/test_q20_master_integration.py: 79 warnings
  /home/ubuntu/anaconda3/envs/tfgpu/lib/python3.13/site-packages/gast/astn.py:23: DeprecationWarning: keyword.__init__ got an unexpected keyword argument '___pyct_anno'. Support for arbitrary keyword arguments is deprecated and will be removed in Python 3.15.
    new_node = cls(

tests/test_q20_master_integration.py: 196 warnings
  /home/ubuntu/anaconda3/envs/tfgpu/lib/python3.13/site-packages/gast/astn.py:23: DeprecationWarning: Subscript.__init__ got an unexpected keyword argument '___pyct_anno'. Support for arbitrary keyword arguments is deprecated and will be removed in Python 3.15.
    new_node = cls(

tests/test_q20_master_integration.py: 42 warnings
  /home/ubuntu/anaconda3/envs/tfgpu/lib/python3.13/site-packages/gast/astn.py:23: DeprecationWarning: List.__init__ got an unexpected keyword argument '___pyct_anno'. Support for arbitrary keyword arguments is deprecated and will be removed in Python 3.15.
    new_node = cls(

tests/test_q20_master_integration.py: 80 warnings
  /home/ubuntu/anaconda3/envs/tfgpu/lib/python3.13/site-packages/gast/astn.py:23: DeprecationWarning: Try.__init__ got an unexpected keyword argument '___pyct_anno'. Support for arbitrary keyword arguments is deprecated and will be removed in Python 3.15.
    new_node = cls(

tests/test_q20_master_integration.py: 391 warnings
  /home/ubuntu/anaconda3/envs/tfgpu/lib/python3.13/site-packages/gast/astn.py:23: DeprecationWarning: FunctionDef.__init__ got an unexpected keyword argument '___pyct_anno'. Support for arbitrary keyword arguments is deprecated and will be removed in Python 3.15.
    new_node = cls(

tests/test_q20_master_integration.py: 44 warnings
  /home/ubuntu/anaconda3/envs/tfgpu/lib/python3.13/site-packages/gast/astn.py:23: DeprecationWarning: UnaryOp.__init__ got an unexpected keyword argument '___pyct_anno'. Support for arbitrary keyword arguments is deprecated and will be removed in Python 3.15.
    new_node = cls(

tests/test_q20_master_integration.py: 24 warnings
  /home/ubuntu/anaconda3/envs/tfgpu/lib/python3.13/site-packages/gast/astn.py:23: DeprecationWarning: Dict.__init__ got an unexpected keyword argument '___pyct_anno'. Support for arbitrary keyword arguments is deprecated and will be removed in Python 3.15.
    new_node = cls(

tests/test_q20_master_integration.py: 98 warnings
  /home/ubuntu/anaconda3/envs/tfgpu/lib/python3.13/site-packages/gast/astn.py:23: DeprecationWarning: Expr.__init__ got an unexpected keyword argument '___pyct_anno'. Support for arbitrary keyword arguments is deprecated and will be removed in Python 3.15.
    new_node = cls(

tests/test_q20_master_integration.py::test_actual_pricing_dispatch_and_finite_complete_forecast
tests/test_q20_master_integration.py::test_actual_pricing_dispatch_and_finite_complete_forecast
tests/test_q20_master_integration.py::test_actual_pricing_dispatch_and_finite_complete_forecast
tests/test_q20_master_integration.py::test_actual_pricing_dispatch_and_finite_complete_forecast
tests/test_q20_master_integration.py::test_actual_pricing_dispatch_and_finite_complete_forecast
tests/test_q20_master_integration.py::test_actual_pricing_dispatch_and_finite_complete_forecast
  /home/ubuntu/anaconda3/envs/tfgpu/lib/python3.13/site-packages/gast/astn.py:23: DeprecationWarning: With.__init__ got an unexpected keyword argument '___pyct_anno'. Support for arbitrary keyword arguments is deprecated and will be removed in Python 3.15.
    new_node = cls(

tests/test_q20_master_integration.py: 43 warnings
  /home/ubuntu/anaconda3/envs/tfgpu/lib/python3.13/site-packages/gast/astn.py:23: DeprecationWarning: Raise.__init__ got an unexpected keyword argument '___pyct_anno'. Support for arbitrary keyword arguments is deprecated and will be removed in Python 3.15.
    new_node = cls(

tests/test_q20_master_integration.py: 716 warnings
  /home/ubuntu/anaconda3/envs/tfgpu/lib/python3.13/site-packages/gast/astn.py:23: DeprecationWarning: Load.__init__ got an unexpected keyword argument '___pyct_anno'. Support for arbitrary keyword arguments is deprecated and will be removed in Python 3.15.
    new_node = cls(

tests/test_q20_master_integration.py: 13 warnings
  /home/ubuntu/anaconda3/envs/tfgpu/lib/python3.13/site-packages/gast/astn.py:23: DeprecationWarning: Is.__init__ got an unexpected keyword argument '___pyct_anno'. Support for arbitrary keyword arguments is deprecated and will be removed in Python 3.15.
    new_node = cls(

tests/test_q20_master_integration.py: 30 warnings
  /home/ubuntu/anaconda3/envs/tfgpu/lib/python3.13/site-packages/gast/astn.py:23: DeprecationWarning: Store.__init__ got an unexpected keyword argument '___pyct_anno'. Support for arbitrary keyword arguments is deprecated and will be removed in Python 3.15.
    new_node = cls(

tests/test_q20_master_integration.py::test_actual_pricing_dispatch_and_finite_complete_forecast
tests/test_q20_master_integration.py::test_actual_pricing_dispatch_and_finite_complete_forecast
  /home/ubuntu/anaconda3/envs/tfgpu/lib/python3.13/site-packages/gast/astn.py:23: DeprecationWarning: comprehension.__init__ got an unexpected keyword argument '___pyct_anno'. Support for arbitrary keyword arguments is deprecated and will be removed in Python 3.15.
    new_node = cls(

tests/test_q20_master_integration.py::test_actual_pricing_dispatch_and_finite_complete_forecast
tests/test_q20_master_integration.py::test_actual_pricing_dispatch_and_finite_complete_forecast
tests/test_q20_master_integration.py::test_actual_pricing_dispatch_and_finite_complete_forecast
tests/test_q20_master_integration.py::test_actual_pricing_dispatch_and_finite_complete_forecast
tests/test_q20_master_integration.py::test_actual_pricing_dispatch_and_finite_complete_forecast
tests/test_q20_master_integration.py::test_actual_pricing_dispatch_and_finite_complete_forecast
tests/test_q20_master_integration.py::test_actual_pricing_dispatch_and_finite_complete_forecast
tests/test_q20_master_integration.py::test_actual_pricing_dispatch_and_finite_complete_forecast
  /home/ubuntu/anaconda3/envs/tfgpu/lib/python3.13/site-packages/gast/astn.py:23: DeprecationWarning: GeneratorExp.__init__ got an unexpected keyword argument '___pyct_anno'. Support for arbitrary keyword arguments is deprecated and will be removed in Python 3.15.
    new_node = cls(

tests/test_q20_master_integration.py::test_actual_pricing_dispatch_and_finite_complete_forecast
tests/test_q20_master_integration.py::test_actual_pricing_dispatch_and_finite_complete_forecast
tests/test_q20_master_integration.py::test_actual_pricing_dispatch_and_finite_complete_forecast
tests/test_q20_master_integration.py::test_actual_pricing_dispatch_and_finite_complete_forecast
  /home/ubuntu/anaconda3/envs/tfgpu/lib/python3.13/site-packages/gast/astn.py:23: DeprecationWarning: Starred.__init__ got an unexpected keyword argument '___pyct_anno'. Support for arbitrary keyword arguments is deprecated and will be removed in Python 3.15.
    new_node = cls(

tests/test_q20_master_integration.py::test_actual_pricing_dispatch_and_finite_complete_forecast
tests/test_q20_master_integration.py::test_actual_pricing_dispatch_and_finite_complete_forecast
tests/test_q20_master_integration.py::test_actual_pricing_dispatch_and_finite_complete_forecast
tests/test_q20_master_integration.py::test_actual_pricing_dispatch_and_finite_complete_forecast
tests/test_q20_master_integration.py::test_actual_pricing_dispatch_and_finite_complete_forecast
tests/test_q20_master_integration.py::test_actual_pricing_dispatch_and_finite_complete_forecast
  /home/ubuntu/anaconda3/envs/tfgpu/lib/python3.13/site-packages/gast/astn.py:23: DeprecationWarning: Lambda.__init__ got an unexpected keyword argument '___pyct_anno'. Support for arbitrary keyword arguments is deprecated and will be removed in Python 3.15.
    new_node = cls(

tests/test_q20_master_integration.py: 15 warnings
  /home/ubuntu/anaconda3/envs/tfgpu/lib/python3.13/site-packages/gast/astn.py:23: DeprecationWarning: FormattedValue.__init__ got an unexpected keyword argument '___pyct_anno'. Support for arbitrary keyword arguments is deprecated and will be removed in Python 3.15.
    new_node = cls(

tests/test_q20_master_integration.py: 13 warnings
  /home/ubuntu/anaconda3/envs/tfgpu/lib/python3.13/site-packages/gast/astn.py:23: DeprecationWarning: JoinedStr.__init__ got an unexpected keyword argument '___pyct_anno'. Support for arbitrary keyword arguments is deprecated and will be removed in Python 3.15.
    new_node = cls(

tests/test_q20_master_integration.py: 33 warnings
  /home/ubuntu/anaconda3/envs/tfgpu/lib/python3.13/site-packages/gast/astn.py:23: DeprecationWarning: NotEq.__init__ got an unexpected keyword argument '___pyct_anno'. Support for arbitrary keyword arguments is deprecated and will be removed in Python 3.15.
    new_node = cls(

tests/test_q20_master_integration.py: 10 warnings
  /home/ubuntu/anaconda3/envs/tfgpu/lib/python3.13/site-packages/gast/astn.py:23: DeprecationWarning: USub.__init__ got an unexpected keyword argument '___pyct_anno'. Support for arbitrary keyword arguments is deprecated and will be removed in Python 3.15.
    new_node = cls(

tests/test_q20_master_integration.py::test_actual_pricing_dispatch_and_finite_complete_forecast
tests/test_q20_master_integration.py::test_actual_pricing_dispatch_and_finite_complete_forecast
  /home/ubuntu/anaconda3/envs/tfgpu/lib/python3.13/site-packages/gast/astn.py:23: DeprecationWarning: LtE.__init__ got an unexpected keyword argument '___pyct_anno'. Support for arbitrary keyword arguments is deprecated and will be removed in Python 3.15.
    new_node = cls(

tests/test_q20_master_integration.py::test_actual_pricing_dispatch_and_finite_complete_forecast
  /home/ubuntu/anaconda3/envs/tfgpu/lib/python3.13/site-packages/gast/astn.py:23: DeprecationWarning: Add.__init__ got an unexpected keyword argument '___pyct_anno'. Support for arbitrary keyword arguments is deprecated and will be removed in Python 3.15.
    new_node = cls(

tests/test_q20_master_integration.py::test_actual_pricing_dispatch_and_finite_complete_forecast
tests/test_q20_master_integration.py::test_actual_pricing_dispatch_and_finite_complete_forecast
tests/test_q20_master_integration.py::test_actual_pricing_dispatch_and_finite_complete_forecast
tests/test_q20_master_integration.py::test_actual_pricing_dispatch_and_finite_complete_forecast
tests/test_q20_master_integration.py::test_actual_pricing_dispatch_and_finite_complete_forecast
tests/test_q20_master_integration.py::test_actual_pricing_dispatch_and_finite_complete_forecast
  /home/ubuntu/anaconda3/envs/tfgpu/lib/python3.13/site-packages/gast/astn.py:23: DeprecationWarning: Lt.__init__ got an unexpected keyword argument '___pyct_anno'. Support for arbitrary keyword arguments is deprecated and will be removed in Python 3.15.
    new_node = cls(

tests/test_q20_master_integration.py: 56 warnings
  /home/ubuntu/anaconda3/envs/tfgpu/lib/python3.13/site-packages/gast/astn.py:23: DeprecationWarning: Slice.__init__ got an unexpected keyword argument '___pyct_anno'. Support for arbitrary keyword arguments is deprecated and will be removed in Python 3.15.
    new_node = cls(

tests/test_q20_master_integration.py: 12 warnings
  /home/ubuntu/anaconda3/envs/tfgpu/lib/python3.13/site-packages/gast/astn.py:23: DeprecationWarning: Eq.__init__ got an unexpected keyword argument '___pyct_anno'. Support for arbitrary keyword arguments is deprecated and will be removed in Python 3.15.
    new_node = cls(

tests/test_q20_master_integration.py::test_actual_pricing_dispatch_and_finite_complete_forecast
tests/test_q20_master_integration.py::test_actual_pricing_dispatch_and_finite_complete_forecast
tests/test_q20_master_integration.py::test_actual_pricing_dispatch_and_finite_complete_forecast
  /home/ubuntu/anaconda3/envs/tfgpu/lib/python3.13/site-packages/gast/astn.py:23: DeprecationWarning: AugAssign.__init__ got an unexpected keyword argument '___pyct_anno'. Support for arbitrary keyword arguments is deprecated and will be removed in Python 3.15.
    new_node = cls(

tests/test_q20_master_integration.py::test_actual_pricing_dispatch_and_finite_complete_forecast
tests/test_q20_master_integration.py::test_actual_pricing_dispatch_and_finite_complete_forecast
tests/test_q20_master_integration.py::test_actual_pricing_dispatch_and_finite_complete_forecast
tests/test_q20_master_integration.py::test_actual_pricing_dispatch_and_finite_complete_forecast
tests/test_q20_master_integration.py::test_actual_pricing_dispatch_and_finite_complete_forecast
tests/test_q20_master_integration.py::test_actual_pricing_dispatch_and_finite_complete_forecast
tests/test_q20_master_integration.py::test_actual_pricing_dispatch_and_finite_complete_forecast
  /home/ubuntu/anaconda3/envs/tfgpu/lib/python3.13/site-packages/gast/astn.py:23: DeprecationWarning: IsNot.__init__ got an unexpected keyword argument '___pyct_anno'. Support for arbitrary keyword arguments is deprecated and will be removed in Python 3.15.
    new_node = cls(

tests/test_q20_master_integration.py::test_actual_pricing_dispatch_and_finite_complete_forecast
  /home/ubuntu/anaconda3/envs/tfgpu/lib/python3.13/site-packages/gast/astn.py:23: DeprecationWarning: alias.__init__ got an unexpected keyword argument '___pyct_anno'. Support for arbitrary keyword arguments is deprecated and will be removed in Python 3.15.
    new_node = cls(

tests/test_q20_master_integration.py::test_actual_pricing_dispatch_and_finite_complete_forecast
  /home/ubuntu/anaconda3/envs/tfgpu/lib/python3.13/site-packages/gast/astn.py:23: DeprecationWarning: Import.__init__ got an unexpected keyword argument '___pyct_anno'. Support for arbitrary keyword arguments is deprecated and will be removed in Python 3.15.
    new_node = cls(

tests/test_q20_master_integration.py::test_actual_pricing_dispatch_and_finite_complete_forecast
  /home/ubuntu/anaconda3/envs/tfgpu/lib/python3.13/site-packages/gast/astn.py:23: DeprecationWarning: ClassDef.__init__ got an unexpected keyword argument '___pyct_anno'. Support for arbitrary keyword arguments is deprecated and will be removed in Python 3.15.
    new_node = cls(

tests/test_q20_master_integration.py::test_actual_pricing_dispatch_and_finite_complete_forecast
tests/test_q20_master_integration.py::test_actual_pricing_dispatch_and_finite_complete_forecast
  /home/ubuntu/anaconda3/envs/tfgpu/lib/python3.13/site-packages/gast/astn.py:23: DeprecationWarning: In.__init__ got an unexpected keyword argument '___pyct_anno'. Support for arbitrary keyword arguments is deprecated and will be removed in Python 3.15.
    new_node = cls(

tests/test_q20_master_integration.py::test_actual_pricing_dispatch_and_finite_complete_forecast
tests/test_q20_master_integration.py::test_actual_pricing_dispatch_and_finite_complete_forecast
tests/test_q20_master_integration.py::test_actual_pricing_dispatch_and_finite_complete_forecast
  /home/ubuntu/anaconda3/envs/tfgpu/lib/python3.13/site-packages/gast/astn.py:23: DeprecationWarning: NotIn.__init__ got an unexpected keyword argument '___pyct_anno'. Support for arbitrary keyword arguments is deprecated and will be removed in Python 3.15.
    new_node = cls(

tests/test_q20_master_integration.py::test_actual_pricing_dispatch_and_finite_complete_forecast
  /home/ubuntu/anaconda3/envs/tfgpu/lib/python3.13/site-packages/gast/astn.py:23: DeprecationWarning: ListComp.__init__ got an unexpected keyword argument '___pyct_anno'. Support for arbitrary keyword arguments is deprecated and will be removed in Python 3.15.
    new_node = cls(

tests/test_q20_master_integration.py::test_actual_pricing_dispatch_and_finite_complete_forecast
  /home/ubuntu/anaconda3/envs/tfgpu/lib/python3.13/site-packages/gast/astn.py:23: DeprecationWarning: Gt.__init__ got an unexpected keyword argument '___pyct_anno'. Support for arbitrary keyword arguments is deprecated and will be removed in Python 3.15.
    new_node = cls(

tests/test_q20_master_integration.py::test_actual_pricing_dispatch_and_finite_complete_forecast
  /home/ubuntu/anaconda3/envs/tfgpu/lib/python3.13/site-packages/gast/astn.py:23: DeprecationWarning: BoolOp.__init__ got an unexpected keyword argument '___pyct_anno'. Support for arbitrary keyword arguments is deprecated and will be removed in Python 3.15.
    new_node = cls(

tests/test_q20_master_integration.py::test_actual_pricing_dispatch_and_finite_complete_forecast
tests/test_q20_master_integration.py::test_actual_pricing_dispatch_and_finite_complete_forecast
  /home/ubuntu/anaconda3/envs/tfgpu/lib/python3.13/site-packages/gast/astn.py:23: DeprecationWarning: DictComp.__init__ got an unexpected keyword argument '___pyct_anno'. Support for arbitrary keyword arguments is deprecated and will be removed in Python 3.15.
    new_node = cls(

tests/test_q20_master_integration.py::test_actual_pricing_dispatch_and_finite_complete_forecast
tests/test_q20_master_integration.py::test_actual_pricing_dispatch_and_finite_complete_forecast
tests/test_q20_master_integration.py::test_actual_pricing_dispatch_and_finite_complete_forecast
  /home/ubuntu/anaconda3/envs/tfgpu/lib/python3.13/site-packages/gast/astn.py:23: DeprecationWarning: AnnAssign.__init__ got an unexpected keyword argument '___pyct_anno'. Support for arbitrary keyword arguments is deprecated and will be removed in Python 3.15.
    new_node = cls(

tests/test_q20_master_integration.py::test_actual_pricing_dispatch_and_finite_complete_forecast
  /home/ubuntu/anaconda3/envs/tfgpu/lib/python3.13/site-packages/gast/astn.py:23: DeprecationWarning: Mult.__init__ got an unexpected keyword argument '___pyct_anno'. Support for arbitrary keyword arguments is deprecated and will be removed in Python 3.15.
    new_node = cls(

tests/test_q20_master_integration.py::test_actual_pricing_dispatch_and_finite_complete_forecast
  /home/ubuntu/anaconda3/envs/tfgpu/lib/python3.13/site-packages/gast/astn.py:23: DeprecationWarning: GtE.__init__ got an unexpected keyword argument '___pyct_anno'. Support for arbitrary keyword arguments is deprecated and will be removed in Python 3.15.
    new_node = cls(

-- Docs: https://docs.pytest.org/en/stable/how-to/capture-warnings.html
14 passed, 8833 warnings in 54.39s
