2026-09-15 02:09:35.584322: I tensorflow/core/platform/cpu_feature_guard.cc:210] This TensorFlow binary is optimized to use available CPU instructions in performance-critical operations.
To enable the following instructions: SSE4.1 SSE4.2 AVX AVX2 FMA, in other operations, rebuild TensorFlow with the appropriate compiler flags.
2026-09-15 02:09:37.873736: E external/local_xla/xla/stream_executor/cuda/cuda_platform.cc:51] failed call to cuInit: INTERNAL: CUDA error: Failed call to cuInit: CUDA_ERROR_NO_DEVICE: no CUDA-capable device is detected
WARNING:tensorflow:5 out of the last 9 calls to <function ReusableFullChainHMCRunner._build_runner.<locals>.run_chain at 0x7671e43989a0> triggered tf.function retracing. Tracing is expensive and the excessive number of tracings could be due to (1) creating @tf.function repeatedly in a loop, (2) passing tensors with different shapes, (3) passing Python objects instead of tensors. For (1), please define your @tf.function outside of the loop. For (2), @tf.function has reduce_retracing=True option that can avoid unnecessary retracing. For (3), please refer to https://www.tensorflow.org/guide/function#controlling_retracing and https://www.tensorflow.org/api_docs/python/tf/function for  more details.
WARNING:tensorflow:6 out of the last 10 calls to <function ReusableFullChainHMCRunner._build_runner.<locals>.run_chain at 0x7671e439b4c0> triggered tf.function retracing. Tracing is expensive and the excessive number of tracings could be due to (1) creating @tf.function repeatedly in a loop, (2) passing tensors with different shapes, (3) passing Python objects instead of tensors. For (1), please define your @tf.function outside of the loop. For (2), @tf.function has reduce_retracing=True option that can avoid unnecessary retracing. For (3), please refer to https://www.tensorflow.org/guide/function#controlling_retracing and https://www.tensorflow.org/api_docs/python/tf/function for  more details.
{
  "returned": true,
  "completion": "complete",
  "verified_count": 0,
  "candidate_count": 24,
  "candidates": [
    {
      "L": 3,
      "epsilon": 1.01725427901858,
      "state": "promotion_failed"
    },
    {
      "L": 5,
      "epsilon": 1.01725427901858,
      "state": "promotion_failed"
    },
    {
      "L": 9,
      "epsilon": 1.01725427901858,
      "state": "promotion_failed"
    },
    {
      "L": 13,
      "epsilon": 1.01725427901858,
      "state": "promotion_failed"
    },
    {
      "L": 18,
      "epsilon": 1.01725427901858,
      "state": "promotion_failed"
    },
    {
      "L": 25,
      "epsilon": 1.01725427901858,
      "state": "promotion_failed"
    },
    {
      "L": 3,
      "epsilon": 2.03450855803716,
      "state": "promotion_failed"
    },
    {
      "L": 5,
      "epsilon": 2.03450855803716,
      "state": "promotion_failed"
    },
    {
      "L": 9,
      "epsilon": 2.03450855803716,
      "state": "promotion_failed"
    },
    {
      "L": 13,
      "epsilon": 2.03450855803716,
      "state": "promotion_failed"
    },
    {
      "L": 18,
      "epsilon": 2.03450855803716,
      "state": "promotion_failed"
    },
    {
      "L": 25,
      "epsilon": 2.03450855803716,
      "state": "promotion_failed"
    },
    {
      "L": 5,
      "epsilon": 1.4386147977701402,
      "state": "promotion_failed"
    },
    {
      "L": 9,
      "epsilon": 1.4386147977701402,
      "state": "promotion_failed"
    },
    {
      "L": 13,
      "epsilon": 1.4386147977701402,
      "state": "promotion_failed"
    },
    {
      "L": 18,
      "epsilon": 1.4386147977701402,
      "state": "promotion_failed"
    },
    {
      "L": 5,
      "epsilon": 2.1948885046974973,
      "state": "promotion_failed"
    },
    {
      "L": 9,
      "epsilon": 2.1948885046974973,
      "state": "promotion_failed"
    },
    {
      "L": 13,
      "epsilon": 2.1948885046974973,
      "state": "promotion_failed"
    },
    {
      "L": 18,
      "epsilon": 2.1948885046974973,
      "state": "promotion_failed"
    },
    {
      "L": 25,
      "epsilon": 1.4386147977701402,
      "state": "promotion_failed"
    },
    {
      "L": 25,
      "epsilon": 2.1948885046974973,
      "state": "promotion_failed"
    },
    {
      "L": 3,
      "epsilon": 1.4386147977701402,
      "state": "promotion_failed"
    },
    {
      "L": 3,
      "epsilon": 2.1948885046974973,
      "state": "promotion_failed"
    }
  ],
  "work_count": 28,
  "budget_used": 28,
  "nominee": null,
  "base_seed": [
    20260621,
    8
  ],
  "epsilon_domain": [
    0.06357839243866124,
    2.1948885046974973
  ],
  "wall_seconds_including_imports": 31.82351593201747
}
