2026-09-15 02:17:03.671857: I tensorflow/core/platform/cpu_feature_guard.cc:210] This TensorFlow binary is optimized to use available CPU instructions in performance-critical operations.
To enable the following instructions: SSE4.1 SSE4.2 AVX AVX2 FMA, in other operations, rebuild TensorFlow with the appropriate compiler flags.
2026-09-15 02:17:05.848453: E external/local_xla/xla/stream_executor/cuda/cuda_platform.cc:51] failed call to cuInit: INTERNAL: CUDA error: Failed call to cuInit: CUDA_ERROR_NO_DEVICE: no CUDA-capable device is detected
WARNING:tensorflow:5 out of the last 13 calls to <function ReusableFullChainHMCRunner._build_runner.<locals>.run_chain at 0x719e50429800> triggered tf.function retracing. Tracing is expensive and the excessive number of tracings could be due to (1) creating @tf.function repeatedly in a loop, (2) passing tensors with different shapes, (3) passing Python objects instead of tensors. For (1), please define your @tf.function outside of the loop. For (2), @tf.function has reduce_retracing=True option that can avoid unnecessary retracing. For (3), please refer to https://www.tensorflow.org/guide/function#controlling_retracing and https://www.tensorflow.org/api_docs/python/tf/function for  more details.
WARNING:tensorflow:5 out of the last 13 calls to <function ReusableFullChainHMCRunner._build_runner.<locals>.run_chain at 0x719e502a9800> triggered tf.function retracing. Tracing is expensive and the excessive number of tracings could be due to (1) creating @tf.function repeatedly in a loop, (2) passing tensors with different shapes, (3) passing Python objects instead of tensors. For (1), please define your @tf.function outside of the loop. For (2), @tf.function has reduce_retracing=True option that can avoid unnecessary retracing. For (3), please refer to https://www.tensorflow.org/guide/function#controlling_retracing and https://www.tensorflow.org/api_docs/python/tf/function for  more details.
{
  "baseline": "19ca69737cda7d43c5e7cae5f244312694c5c959",
  "command": [
    "docs/plans/artifacts/hmc-tuning-post-unification-review-2026-09-15/followup_diagnostics.py",
    "docs/plans/artifacts/hmc-tuning-post-unification-review-2026-09-15/followup-r1"
  ],
  "environment": {
    "CUDA_VISIBLE_DEVICES": "-1",
    "TF_FORCE_GPU_ALLOW_GROWTH": "true",
    "BAYESFILTER_TEST_DEVICE_SCOPE": "cpu"
  },
  "versions": {
    "python": "3.13.13",
    "tensorflow": "2.20.0",
    "tensorflow_probability": "0.25.0"
  },
  "wall_seconds_including_imports": 90.59395495400531,
  "results": {
    "monotone_proposal_fixture": {
      "valid_epsilon_interval": [
        1.6,
        1.8
      ],
      "proposals": [
        1.0,
        2.0,
        1.414213562373095,
        2.2
      ],
      "verified": [],
      "completion": "complete",
      "budget_used": 4,
      "remaining_budget": 96
    },
    "promotion_veto_roundtrip": {
      "candidate_states": {
        "scope:search-1:candidate:000001": "promotion_failed",
        "scope:search-1:candidate:000002": "verified"
      },
      "verified": [
        "scope:search-1:candidate:000002"
      ],
      "write_succeeded": true,
      "reload_error": "verified verification receipt contains a hard veto"
    },
    "frozen_scope_interior_search": {
      "same_scope_fields": {
        "target_signature": true,
        "mass_signature": true,
        "coordinate_system": true,
        "start_bank_signature": true,
        "warmup_protocol": true,
        "adapter_signature": true,
        "source_dependency_hash": true,
        "target_preparation_identity": true,
        "transition_identity": true
      },
      "interior_proposals": [
        1.568820561295004,
        1.7108109532564517,
        1.865652573654581
      ],
      "completion": "complete",
      "candidate_count": 35,
      "budget_used": 89,
      "verified": [
        {
          "id": "candidate-bridge-test:review-bracket-interiors-v1:candidate:000001",
          "L": 3,
          "epsilon": 1.568820561295004
        },
        {
          "id": "candidate-bridge-test:review-bracket-interiors-v1:candidate:000003",
          "L": 3,
          "epsilon": 1.865652573654581
        },
        {
          "id": "candidate-bridge-test:review-bracket-interiors-v1:candidate:000004",
          "L": 5,
          "epsilon": 1.568820561295004
        },
        {
          "id": "candidate-bridge-test:review-bracket-interiors-v1:candidate:000005",
          "L": 5,
          "epsilon": 1.7108109532564517
        },
        {
          "id": "candidate-bridge-test:review-bracket-interiors-v1:candidate:000006",
          "L": 5,
          "epsilon": 1.865652573654581
        },
        {
          "id": "candidate-bridge-test:review-bracket-interiors-v1:candidate:000010",
          "L": 13,
          "epsilon": 1.568820561295004
        },
        {
          "id": "candidate-bridge-test:review-bracket-interiors-v1:candidate:000012",
          "L": 13,
          "epsilon": 1.865652573654581
        },
        {
          "id": "candidate-bridge-test:review-bracket-interiors-v1:candidate:000016",
          "L": 25,
          "epsilon": 1.568820561295004
        },
        {
          "id": "candidate-bridge-test:review-bracket-interiors-v1:candidate:000017",
          "L": 25,
          "epsilon": 1.7108109532564517
        },
        {
          "id": "candidate-bridge-test:review-bracket-interiors-v1:candidate:000018",
          "L": 25,
          "epsilon": 1.865652573654581
        },
        {
          "id": "candidate-bridge-test:review-bracket-interiors-v1:candidate:000021",
          "L": 18,
          "epsilon": 1.937792376652657
        },
        {
          "id": "candidate-bridge-test:review-bracket-interiors-v1:candidate:000026",
          "L": 9,
          "epsilon": 1.8556363371952704
        },
        {
          "id": "candidate-bridge-test:review-bracket-interiors-v1:candidate:000035",
          "L": 9,
          "epsilon": 1.7016260239255696
        }
      ],
      "candidate_states": {
        "candidate-bridge-test:review-bracket-interiors-v1:candidate:000001": "verified",
        "candidate-bridge-test:review-bracket-interiors-v1:candidate:000002": "promotion_failed",
        "candidate-bridge-test:review-bracket-interiors-v1:candidate:000003": "verified",
        "candidate-bridge-test:review-bracket-interiors-v1:candidate:000004": "verified",
        "candidate-bridge-test:review-bracket-interiors-v1:candidate:000005": "verified",
        "candidate-bridge-test:review-bracket-interiors-v1:candidate:000006": "verified",
        "candidate-bridge-test:review-bracket-interiors-v1:candidate:000007": "promotion_failed",
        "candidate-bridge-test:review-bracket-interiors-v1:candidate:000008": "promotion_failed",
        "candidate-bridge-test:review-bracket-interiors-v1:candidate:000009": "promotion_failed",
        "candidate-bridge-test:review-bracket-interiors-v1:candidate:000010": "verified",
        "candidate-bridge-test:review-bracket-interiors-v1:candidate:000011": "inconclusive_at_cap",
        "candidate-bridge-test:review-bracket-interiors-v1:candidate:000012": "verified",
        "candidate-bridge-test:review-bracket-interiors-v1:candidate:000013": "promotion_failed",
        "candidate-bridge-test:review-bracket-interiors-v1:candidate:000014": "promotion_failed",
        "candidate-bridge-test:review-bracket-interiors-v1:candidate:000015": "promotion_failed",
        "candidate-bridge-test:review-bracket-interiors-v1:candidate:000016": "verified",
        "candidate-bridge-test:review-bracket-interiors-v1:candidate:000017": "verified",
        "candidate-bridge-test:review-bracket-interiors-v1:candidate:000018": "verified",
        "candidate-bridge-test:review-bracket-interiors-v1:candidate:000019": "promotion_failed",
        "candidate-bridge-test:review-bracket-interiors-v1:candidate:000020": "promotion_failed",
        "candidate-bridge-test:review-bracket-interiors-v1:candidate:000021": "verified",
        "candidate-bridge-test:review-bracket-interiors-v1:candidate:000022": "promotion_failed",
        "candidate-bridge-test:review-bracket-interiors-v1:candidate:000023": "promotion_failed",
        "candidate-bridge-test:review-bracket-interiors-v1:candidate:000024": "promotion_failed",
        "candidate-bridge-test:review-bracket-interiors-v1:candidate:000025": "promotion_failed",
        "candidate-bridge-test:review-bracket-interiors-v1:candidate:000026": "verified",
        "candidate-bridge-test:review-bracket-interiors-v1:candidate:000027": "promotion_failed",
        "candidate-bridge-test:review-bracket-interiors-v1:candidate:000028": "promotion_failed",
        "candidate-bridge-test:review-bracket-interiors-v1:candidate:000029": "promotion_failed",
        "candidate-bridge-test:review-bracket-interiors-v1:candidate:000030": "promotion_failed",
        "candidate-bridge-test:review-bracket-interiors-v1:candidate:000031": "promotion_failed",
        "candidate-bridge-test:review-bracket-interiors-v1:candidate:000032": "promotion_failed",
        "candidate-bridge-test:review-bracket-interiors-v1:candidate:000033": "promotion_failed",
        "candidate-bridge-test:review-bracket-interiors-v1:candidate:000034": "promotion_failed",
        "candidate-bridge-test:review-bracket-interiors-v1:candidate:000035": "verified"
      },
      "role": "Existence check under the existing screen, no candidate ranking"
    }
  }
}
