2026-09-17 01:46:22.428735: E external/local_xla/xla/stream_executor/cuda/cuda_fft.cc:467] Unable to register cuFFT factory: Attempting to register factory for plugin cuFFT when one has already been registered
WARNING: All log messages before absl::InitializeLog() is called are written to STDERR
E0000 00:00:1789580782.444608  149524 cuda_dnn.cc:8579] Unable to register cuDNN factory: Attempting to register factory for plugin cuDNN when one has already been registered
E0000 00:00:1789580782.449639  149524 cuda_blas.cc:1407] Unable to register cuBLAS factory: Attempting to register factory for plugin cuBLAS when one has already been registered
W0000 00:00:1789580782.464133  149524 computation_placer.cc:177] computation placer already registered. Please check linkage and avoid linking the same target more than once.
W0000 00:00:1789580782.464159  149524 computation_placer.cc:177] computation placer already registered. Please check linkage and avoid linking the same target more than once.
W0000 00:00:1789580782.464164  149524 computation_placer.cc:177] computation placer already registered. Please check linkage and avoid linking the same target more than once.
W0000 00:00:1789580782.464167  149524 computation_placer.cc:177] computation placer already registered. Please check linkage and avoid linking the same target more than once.
2026-09-17 01:46:22.468008: I tensorflow/core/platform/cpu_feature_guard.cc:210] This TensorFlow binary is optimized to use available CPU instructions in performance-critical operations.
To enable the following instructions: SSE4.1 SSE4.2 AVX AVX2 FMA, in other operations, rebuild TensorFlow with the appropriate compiler flags.
/home/ubuntu/miniforge3/envs/tf-gpu/lib/python3.11/site-packages/h5py/__init__.py:36: UserWarning: h5py is running against HDF5 2.2.0 when it was built against 2.1.0, this may cause problems
  _warn(("h5py is running against HDF5 {0} when it was built against {1}, "
I0000 00:00:1789580785.325240  149524 gpu_device.cc:2019] Created device /job:localhost/replica:0/task:0/device:GPU:0 with 46565 MB memory:  -> device: 0, name: NVIDIA GeForce RTX 4090, pci bus id: 0000:81:00.0, compute capability: 8.9
I0000 00:00:1789580786.210484  149524 service.cc:152] XLA service 0x64c496634a10 initialized for platform CUDA (this does not guarantee that XLA will be used). Devices:
I0000 00:00:1789580786.210526  149524 service.cc:160]   StreamExecutor device (0): NVIDIA GeForce RTX 4090, Compute Capability 8.9
2026-09-17 01:46:26.247820: W tensorflow/compiler/tf2xla/kernels/assert_op.cc:39] Ignoring Assert operator assert_equal_27/Assert/Assert
2026-09-17 01:46:26.248030: W tensorflow/compiler/tf2xla/kernels/assert_op.cc:39] Ignoring Assert operator assert_equal_29/Assert/Assert
2026-09-17 01:46:26.248396: W tensorflow/compiler/tf2xla/kernels/assert_op.cc:39] Ignoring Assert operator assert_equal_31/Assert/Assert
2026-09-17 01:46:26.248590: W tensorflow/compiler/tf2xla/kernels/assert_op.cc:39] Ignoring Assert operator assert_equal_33/Assert/Assert
2026-09-17 01:46:26.248784: W tensorflow/compiler/tf2xla/kernels/assert_op.cc:39] Ignoring Assert operator assert_equal_35/Assert/Assert
2026-09-17 01:46:26.248975: W tensorflow/compiler/tf2xla/kernels/assert_op.cc:39] Ignoring Assert operator assert_equal_37/Assert/Assert
2026-09-17 01:46:26.249167: W tensorflow/compiler/tf2xla/kernels/assert_op.cc:39] Ignoring Assert operator assert_equal_39/Assert/Assert
2026-09-17 01:46:26.249366: W tensorflow/compiler/tf2xla/kernels/assert_op.cc:39] Ignoring Assert operator assert_equal_41/Assert/Assert
2026-09-17 01:46:26.255042: I tensorflow/compiler/mlir/tensorflow/utils/dump_mlir_util.cc:269] disabling MLIR crash reproducer, set env var `MLIR_CRASH_REPRODUCER_DIRECTORY` to enable.
2026-09-17 01:46:26.263166: W tensorflow/compiler/tf2xla/kernels/assert_op.cc:39] Ignoring Assert operator assert_equal_21/Assert/Assert
2026-09-17 01:46:26.263284: W tensorflow/compiler/tf2xla/kernels/assert_op.cc:39] Ignoring Assert operator assert_equal_1/Assert/Assert
2026-09-17 01:46:26.263334: W tensorflow/compiler/tf2xla/kernels/assert_op.cc:39] Ignoring Assert operator assert_equal_19/Assert/Assert
2026-09-17 01:46:26.263387: W tensorflow/compiler/tf2xla/kernels/assert_op.cc:39] Ignoring Assert operator assert_equal_23/Assert/Assert
2026-09-17 01:46:26.263417: W tensorflow/compiler/tf2xla/kernels/assert_op.cc:39] Ignoring Assert operator assert_equal_25/Assert/Assert
2026-09-17 01:46:26.263469: W tensorflow/compiler/tf2xla/kernels/assert_op.cc:39] Ignoring Assert operator assert_equal_3/Assert/Assert
2026-09-17 01:46:26.263503: W tensorflow/compiler/tf2xla/kernels/assert_op.cc:39] Ignoring Assert operator assert_equal_5/Assert/Assert
2026-09-17 01:46:26.263532: W tensorflow/compiler/tf2xla/kernels/assert_op.cc:39] Ignoring Assert operator assert_equal_7/Assert/Assert
2026-09-17 01:46:26.263562: W tensorflow/compiler/tf2xla/kernels/assert_op.cc:39] Ignoring Assert operator assert_equal_9/Assert/Assert
2026-09-17 01:46:26.263591: W tensorflow/compiler/tf2xla/kernels/assert_op.cc:39] Ignoring Assert operator assert_equal_11/Assert/Assert
2026-09-17 01:46:26.263621: W tensorflow/compiler/tf2xla/kernels/assert_op.cc:39] Ignoring Assert operator assert_equal_13/Assert/Assert
2026-09-17 01:46:26.263649: W tensorflow/compiler/tf2xla/kernels/assert_op.cc:39] Ignoring Assert operator assert_equal_15/Assert/Assert
I0000 00:00:1789580786.454843  149524 cuda_dnn.cc:529] Loaded cuDNN version 91002
I0000 00:00:1789580787.382994  149524 device_compiler.h:188] Compiled cluster using XLA!  This line is logged at most once for the lifetime of the process.
{
  "fixture_name": "covariance",
  "jit_compile": true,
  "wall_seconds": 7.956413859003078,
  "finite": true,
  "trace_count": 1,
  "stages": {
    "before_tf_import": {
      "VmHWM_kib": 19024,
      "VmRSS_kib": 19024,
      "resource_ru_maxrss_kib": 18432
    },
    "after_tf_import_before_fixture": {
      "VmHWM_kib": 708852,
      "VmRSS_kib": 708852,
      "resource_ru_maxrss_kib": 704512
    },
    "after_fixture_and_inputs": {
      "VmHWM_kib": 898032,
      "VmRSS_kib": 898032,
      "resource_ru_maxrss_kib": 872448,
      "gpu_allocator_bytes": {
        "current": 178688,
        "peak": 398080
      }
    },
    "after_trace": {
      "VmHWM_kib": 901976,
      "VmRSS_kib": 901976,
      "resource_ru_maxrss_kib": 878592,
      "gpu_allocator_bytes": {
        "current": 178688,
        "peak": 178688
      }
    },
    "after_cold_outputs_live": {
      "VmHWM_kib": 1024804,
      "VmRSS_kib": 1024804,
      "resource_ru_maxrss_kib": 995844,
      "gpu_allocator_bytes": {
        "current": 180992,
        "peak": 16958464
      }
    },
    "after_cold_outputs_released": {
      "VmHWM_kib": 1024804,
      "VmRSS_kib": 1024804,
      "resource_ru_maxrss_kib": 995844,
      "gpu_allocator_bytes": {
        "current": 178688,
        "peak": 16958464
      }
    },
    "after_warm_outputs_released": {
      "VmHWM_kib": 1024824,
      "VmRSS_kib": 1024824,
      "resource_ru_maxrss_kib": 995844,
      "gpu_allocator_bytes": {
        "current": 178688,
        "peak": 16958464
      }
    }
  }
}
