
==================================== ERRORS ====================================
___________ ERROR collecting tests/test_hmc_acceptance_accounting.py ___________
ImportError while importing test module '/tmp/bayesfilter-hmc-v7-merge-20261005/tests/test_hmc_acceptance_accounting.py'.
Hint: make sure your test modules/packages have valid Python names.
Traceback:
/home/ubuntu/anaconda3/envs/tfgpu/lib/python3.13/importlib/__init__.py:88: in import_module
    return _bootstrap._gcd_import(name[level:], package, level)
           ^^^^^^^^^^^^^^^^^^^^^^^^^^^^^^^^^^^^^^^^^^^^^^^^^^^^
tests/test_hmc_acceptance_accounting.py:11: in <module>
    from bayesfilter.testing.acceptance_decision_models import evidence_accounting
bayesfilter/testing/acceptance_decision_models.py:18: in <module>
    from bayesfilter.runtime.execution_budget import execution_budget
E   ModuleNotFoundError: No module named 'bayesfilter.runtime.execution_budget'
______ ERROR collecting tests/inference_validation/test_timeout_policy.py ______
ImportError while importing test module '/tmp/bayesfilter-hmc-v7-merge-20261005/tests/inference_validation/test_timeout_policy.py'.
Hint: make sure your test modules/packages have valid Python names.
Traceback:
/home/ubuntu/anaconda3/envs/tfgpu/lib/python3.13/importlib/__init__.py:88: in import_module
    return _bootstrap._gcd_import(name[level:], package, level)
           ^^^^^^^^^^^^^^^^^^^^^^^^^^^^^^^^^^^^^^^^^^^^^^^^^^^^
tests/inference_validation/test_timeout_policy.py:20: in <module>
    from bayesfilter.runtime.execution_budget import execution_budget, execution_budget_available
E   ModuleNotFoundError: No module named 'bayesfilter.runtime.execution_budget'
=========================== short test summary info ============================
ERROR tests/test_hmc_acceptance_accounting.py
ERROR tests/inference_validation/test_timeout_policy.py
!!!!!!!!!!!!!!!!!!! Interrupted: 2 errors during collection !!!!!!!!!!!!!!!!!!!!
2 warnings, 2 errors in 7.16s
