2026-09-22 11:49:10.765941: I tensorflow/core/platform/cpu_feature_guard.cc:210] This TensorFlow binary is optimized to use available CPU instructions in performance-critical operations.
To enable the following instructions: SSE4.1 SSE4.2 AVX AVX2 FMA, in other operations, rebuild TensorFlow with the appropriate compiler flags.
WARNING: All log messages before absl::InitializeLog() is called are written to STDERR
I0000 00:00:1790048953.204470 3913164 gpu_device.cc:2020] Created device /job:localhost/replica:0/task:0/device:GPU:0 with 30421 MB memory:  -> device: 0, name: NVIDIA GeForce RTX 4080 SUPER, pci bus id: 0000:21:00.0, compute capability: 8.9
I0000 00:00:1790048954.429936 3913164 cuda_solvers.cc:175] Creating GpuSolver handles for stream 0x568a8e9f9010
2026-09-22 11:49:20.622989: I external/local_xla/xla/service/service.cc:163] XLA service 0x568a9772b250 initialized for platform CUDA (this does not guarantee that XLA will be used). Devices:
2026-09-22 11:49:20.623070: I external/local_xla/xla/service/service.cc:171]   StreamExecutor device (0): NVIDIA GeForce RTX 4080 SUPER, Compute Capability 8.9
2026-09-22 11:49:20.699228: I tensorflow/compiler/mlir/tensorflow/utils/dump_mlir_util.cc:269] disabling MLIR crash reproducer, set env var `MLIR_CRASH_REPRODUCER_DIRECTORY` to enable.
2026-09-22 11:49:20.984172: W tensorflow/compiler/tf2xla/kernels/assert_op.cc:39] Ignoring Assert operator while/assert_less_equal/Assert/AssertGuard/Assert
2026-09-22 11:49:20.985646: W tensorflow/compiler/tf2xla/kernels/assert_op.cc:39] Ignoring Assert operator while/assert_less_equal_1/Assert/AssertGuard/Assert
2026-09-22 11:49:21.276519: W tensorflow/compiler/tf2xla/kernels/assert_op.cc:39] Ignoring Assert operator while/assert_less_equal_2/Assert/AssertGuard/Assert
2026-09-22 11:49:21.350639: W tensorflow/compiler/tf2xla/kernels/assert_op.cc:39] Ignoring Assert operator while/assert_less_equal_3/Assert/AssertGuard/Assert
2026-09-22 11:49:21.352098: W tensorflow/compiler/tf2xla/kernels/assert_op.cc:39] Ignoring Assert operator while/assert_less_equal_4/Assert/AssertGuard/Assert
2026-09-22 11:49:21.506154: W tensorflow/compiler/tf2xla/kernels/assert_op.cc:39] Ignoring Assert operator while/assert_less_equal_5/Assert/AssertGuard/Assert
2026-09-22 11:49:21.634683: I external/local_xla/xla/stream_executor/cuda/cuda_dnn.cc:473] Loaded cuDNN version 91700
I0000 00:00:1790048966.430732 3913164 device_compiler.h:196] Compiled cluster using XLA!  This line is logged at most once for the lifetime of the process.
Starting 00-original_prior_starts-L3-small_step_control
2026-09-22 11:49:34.972919: W tensorflow/compiler/tf2xla/kernels/assert_op.cc:39] Ignoring Assert operator while/assert_less_equal/Assert/AssertGuard/Assert
2026-09-22 11:49:34.974120: W tensorflow/compiler/tf2xla/kernels/assert_op.cc:39] Ignoring Assert operator while/assert_less_equal_1/Assert/AssertGuard/Assert
2026-09-22 11:49:35.229700: W tensorflow/compiler/tf2xla/kernels/assert_op.cc:39] Ignoring Assert operator while/assert_less_equal_2/Assert/AssertGuard/Assert
2026-09-22 11:49:35.297096: W tensorflow/compiler/tf2xla/kernels/assert_op.cc:39] Ignoring Assert operator while/assert_less_equal_3/Assert/AssertGuard/Assert
2026-09-22 11:49:35.298280: W tensorflow/compiler/tf2xla/kernels/assert_op.cc:39] Ignoring Assert operator while/assert_less_equal_4/Assert/AssertGuard/Assert
2026-09-22 11:49:35.443431: W tensorflow/compiler/tf2xla/kernels/assert_op.cc:39] Ignoring Assert operator while/assert_less_equal_5/Assert/AssertGuard/Assert
2026-09-22 11:49:36.015260: W tensorflow/compiler/tf2xla/kernels/assert_op.cc:39] Ignoring Assert operator while/assert_less_equal/Assert/AssertGuard/Assert
2026-09-22 11:49:36.016446: W tensorflow/compiler/tf2xla/kernels/assert_op.cc:39] Ignoring Assert operator while/assert_less_equal_1/Assert/AssertGuard/Assert
2026-09-22 11:49:36.270015: W tensorflow/compiler/tf2xla/kernels/assert_op.cc:39] Ignoring Assert operator while/assert_less_equal_2/Assert/AssertGuard/Assert
2026-09-22 11:49:36.336637: W tensorflow/compiler/tf2xla/kernels/assert_op.cc:39] Ignoring Assert operator while/assert_less_equal_3/Assert/AssertGuard/Assert
2026-09-22 11:49:36.337873: W tensorflow/compiler/tf2xla/kernels/assert_op.cc:39] Ignoring Assert operator while/assert_less_equal_4/Assert/AssertGuard/Assert
2026-09-22 11:49:36.482094: W tensorflow/compiler/tf2xla/kernels/assert_op.cc:39] Ignoring Assert operator while/assert_less_equal_5/Assert/AssertGuard/Assert
2026-09-22 11:49:37.325549: W tensorflow/compiler/tf2xla/kernels/assert_op.cc:39] Ignoring Assert operator while/assert_less_equal/Assert/AssertGuard/Assert
2026-09-22 11:49:37.326715: W tensorflow/compiler/tf2xla/kernels/assert_op.cc:39] Ignoring Assert operator while/assert_less_equal_1/Assert/AssertGuard/Assert
{"L": 3, "epsilon": 0.062002709114199195, "bank": "original_prior_starts", "status": "not_rejected_by_tiny_canary", "acceptance_probability_by_chain": [0.5, 1.0, 0.9994486005144619, 0.8743072312765632], "movement_count_by_chain": [2, 4, 4, 3], "wall_seconds": 40.743145896005444}
Starting 01-map_proposal_starts-L3-small_step_control
{"L": 3, "epsilon": 0.062002709114199195, "bank": "map_proposal_starts", "status": "not_rejected_by_tiny_canary", "acceptance_probability_by_chain": [0.9966425676044426, 0.9875319886959502, 0.9993665663939627, 0.9987378419811185], "movement_count_by_chain": [4, 4, 4, 4], "wall_seconds": 19.381673166062683}
Starting 02-original_prior_starts-L3-gaussian_root_canary
E0000 00:00:1790049050.166925 3913186 check_numerics_op.cc:292] abnormal_detected_host @0x7870ec402000 = {0, 1} HMC qualification: log_accept_ratio
2026-09-22 11:50:50.167091: I tensorflow/core/framework/local_rendezvous.cc:407] Local rendezvous is aborting with status: INVALID_ARGUMENT: HMC qualification: log_accept_ratio : Tensor had Inf values
{"L": 3, "epsilon": 1.2595670000640444, "bank": "original_prior_starts", "status": "failed_numerical_health", "acceptance_probability_by_chain": [0.0, 9.242571632752048e-15, 0.0, 0.0], "movement_count_by_chain": [0, 0, 0, 0], "wall_seconds": 17.318859152961522}
Starting 03-map_proposal_starts-L3-gaussian_root_canary
E0000 00:00:1790049068.039615 3913186 check_numerics_op.cc:292] abnormal_detected_host @0x7870ec401f00 = {0, 1} HMC qualification: log_accept_ratio
2026-09-22 11:51:08.039730: I tensorflow/core/framework/local_rendezvous.cc:407] Local rendezvous is aborting with status: INVALID_ARGUMENT: HMC qualification: log_accept_ratio : Tensor had Inf values
{"L": 3, "epsilon": 1.2595670000640444, "bank": "map_proposal_starts", "status": "failed_numerical_health", "acceptance_probability_by_chain": [0.0, 0.0, 1.3573990144514642e-41, 5.555672578155733e-27], "movement_count_by_chain": [0, 0, 0, 0], "wall_seconds": 17.813130205031484}
Starting 04-original_prior_starts-L5-gaussian_root_canary
E0000 00:00:1790049091.884868 3913186 check_numerics_op.cc:292] abnormal_detected_host @0x7870ec402000 = {0, 1} HMC qualification: log_accept_ratio
{"L": 5, "epsilon": 1.3053652851902746, "bank": "original_prior_starts", "status": "failed_numerical_health", "acceptance_probability_by_chain": [0.0, 0.0, 0.0, 0.0], "movement_count_by_chain": [0, 0, 0, 0], "wall_seconds": 23.78641302092001}
Starting 05-map_proposal_starts-L5-gaussian_root_canary
E0000 00:00:1790049116.439742 3913186 check_numerics_op.cc:292] abnormal_detected_host @0x7870ec401f00 = {0, 1} HMC qualification: log_accept_ratio
2026-09-22 11:51:56.439849: I tensorflow/core/framework/local_rendezvous.cc:407] Local rendezvous is aborting with status: INVALID_ARGUMENT: HMC qualification: log_accept_ratio : Tensor had Inf values
{"L": 5, "epsilon": 1.3053652851902746, "bank": "map_proposal_starts", "status": "failed_numerical_health", "acceptance_probability_by_chain": [0.0, 0.0, 0.0, 0.0], "movement_count_by_chain": [0, 0, 0, 0], "wall_seconds": 24.494243088993244}
Starting 06-original_prior_starts-L9-gaussian_root_canary
E0000 00:00:1790049147.276592 3913186 check_numerics_op.cc:292] abnormal_detected_host @0x7870ec402000 = {0, 1} HMC qualification: log_accept_ratio
{"L": 9, "epsilon": 1.3474553766269795, "bank": "original_prior_starts", "status": "failed_numerical_health", "acceptance_probability_by_chain": [0.0, 0.0, 0.0, 0.0], "movement_count_by_chain": [0, 0, 0, 0], "wall_seconds": 30.77670709195081}
Starting 07-map_proposal_starts-L9-gaussian_root_canary
E0000 00:00:1790049180.599407 3913186 check_numerics_op.cc:292] abnormal_detected_host @0x7870ec401f00 = {0, 1} HMC qualification: log_accept_ratio
{"L": 9, "epsilon": 1.3474553766269795, "bank": "map_proposal_starts", "status": "failed_numerical_health", "acceptance_probability_by_chain": [0.0, 0.0, 0.0, 0.0], "movement_count_by_chain": [0, 0, 0, 0], "wall_seconds": 33.26276467891876}
Starting 08-original_prior_starts-L13-gaussian_root_canary
E0000 00:00:1790049225.315272 3913186 check_numerics_op.cc:292] abnormal_detected_host @0x7870ec402000 = {0, 1} HMC qualification: log_accept_ratio
{"L": 13, "epsilon": 1.206925163480013, "bank": "original_prior_starts", "status": "failed_numerical_health", "acceptance_probability_by_chain": [0.0, 0.0, 0.0, 0.0], "movement_count_by_chain": [0, 0, 0, 0], "wall_seconds": 44.65559543995187}
Starting 09-map_proposal_starts-L13-gaussian_root_canary
E0000 00:00:1790049266.901398 3913186 check_numerics_op.cc:292] abnormal_detected_host @0x7870ec401f00 = {0, 1} HMC qualification: log_accept_ratio
2026-09-22 11:54:26.901516: I tensorflow/core/framework/local_rendezvous.cc:407] Local rendezvous is aborting with status: INVALID_ARGUMENT: HMC qualification: log_accept_ratio : Tensor had Inf values
{"L": 13, "epsilon": 1.206925163480013, "bank": "map_proposal_starts", "status": "failed_numerical_health", "acceptance_probability_by_chain": [0.0, 0.0, 0.0, 0.0], "movement_count_by_chain": [0, 0, 0, 0], "wall_seconds": 41.5262316869339}
Starting 10-original_prior_starts-L18-gaussian_root_canary
E0000 00:00:1790049324.482139 3913186 check_numerics_op.cc:292] abnormal_detected_host @0x7870ec402000 = {0, 1} HMC qualification: log_accept_ratio
{"L": 18, "epsilon": 1.1997862812031914, "bank": "original_prior_starts", "status": "failed_numerical_health", "acceptance_probability_by_chain": [0.0, 0.0, 0.0, 0.0], "movement_count_by_chain": [0, 0, 0, 0], "wall_seconds": 57.521022852975875}
Starting 11-map_proposal_starts-L18-gaussian_root_canary
E0000 00:00:1790049377.630959 3913186 check_numerics_op.cc:292] abnormal_detected_host @0x7870ec401f00 = {0, 1} HMC qualification: log_accept_ratio
{"L": 18, "epsilon": 1.1997862812031914, "bank": "map_proposal_starts", "status": "failed_numerical_health", "acceptance_probability_by_chain": [0.0, 0.0, 0.0, 0.0], "movement_count_by_chain": [0, 0, 0, 0], "wall_seconds": 53.08724715595599}
Starting 12-original_prior_starts-L25-gaussian_root_canary
E0000 00:00:1790049443.074554 3913186 check_numerics_op.cc:292] abnormal_detected_host @0x7870ec402800 = {0, 1} HMC qualification: log_accept_ratio
{"L": 25, "epsilon": 1.211384760112158, "bank": "original_prior_starts", "status": "failed_numerical_health", "acceptance_probability_by_chain": [0.0, 0.0, 0.0, 0.0], "movement_count_by_chain": [0, 0, 0, 0], "wall_seconds": 65.38118713407312}
Starting 13-map_proposal_starts-L25-gaussian_root_canary
E0000 00:00:1790049506.693454 3913186 check_numerics_op.cc:292] abnormal_detected_host @0x7870ec402200 = {0, 1} HMC qualification: log_accept_ratio
{"L": 25, "epsilon": 1.211384760112158, "bank": "map_proposal_starts", "status": "failed_numerical_health", "acceptance_probability_by_chain": [0.0, 0.0, 0.0, 0.0], "movement_count_by_chain": [0, 0, 0, 0], "wall_seconds": 63.5566862130072}
