........................................................................ [ 78%]
....................                                                     [100%]
=============================== warnings summary ===============================
../../reference-env/lib/python3.13/site-packages/matplotlib/_fontconfig_pattern.py:64
  /home/ubuntu/python/BayesFilter/docs/plans/artifacts/hmc-remaining-gaps-2026-09-24/reference-env/lib/python3.13/site-packages/matplotlib/_fontconfig_pattern.py:64: PyparsingDeprecationWarning: 'oneOf' deprecated - use 'one_of'
    prop = Group((name + Suppress("=") + comma_separated(value)) | oneOf(_CONSTANTS))

../../reference-env/lib/python3.13/site-packages/matplotlib/_fontconfig_pattern.py:85
../../reference-env/lib/python3.13/site-packages/matplotlib/_fontconfig_pattern.py:85
../../reference-env/lib/python3.13/site-packages/matplotlib/_fontconfig_pattern.py:85
../../reference-env/lib/python3.13/site-packages/matplotlib/_fontconfig_pattern.py:85
../../reference-env/lib/python3.13/site-packages/matplotlib/_fontconfig_pattern.py:85
../../reference-env/lib/python3.13/site-packages/matplotlib/_fontconfig_pattern.py:85
  /home/ubuntu/python/BayesFilter/docs/plans/artifacts/hmc-remaining-gaps-2026-09-24/reference-env/lib/python3.13/site-packages/matplotlib/_fontconfig_pattern.py:85: PyparsingDeprecationWarning: 'parseString' deprecated - use 'parse_string'
    parse = parser.parseString(pattern)

../../reference-env/lib/python3.13/site-packages/matplotlib/_fontconfig_pattern.py:89
../../reference-env/lib/python3.13/site-packages/matplotlib/_fontconfig_pattern.py:89
../../reference-env/lib/python3.13/site-packages/matplotlib/_fontconfig_pattern.py:89
../../reference-env/lib/python3.13/site-packages/matplotlib/_fontconfig_pattern.py:89
../../reference-env/lib/python3.13/site-packages/matplotlib/_fontconfig_pattern.py:89
../../reference-env/lib/python3.13/site-packages/matplotlib/_fontconfig_pattern.py:89
  /home/ubuntu/python/BayesFilter/docs/plans/artifacts/hmc-remaining-gaps-2026-09-24/reference-env/lib/python3.13/site-packages/matplotlib/_fontconfig_pattern.py:89: PyparsingDeprecationWarning: 'resetCache' deprecated - use 'reset_cache'
    parser.resetCache()

../../reference-env/lib/python3.13/site-packages/matplotlib/_mathtext.py:45
  /home/ubuntu/python/BayesFilter/docs/plans/artifacts/hmc-remaining-gaps-2026-09-24/reference-env/lib/python3.13/site-packages/matplotlib/_mathtext.py:45: PyparsingDeprecationWarning: 'enablePackrat' deprecated - use 'enable_packrat'
    ParserElement.enablePackrat()

../../../../../../../../anaconda3/envs/tfgpu/lib/python3.13/site-packages/tensorflow_probability/python/__init__.py:57
  /home/ubuntu/anaconda3/envs/tfgpu/lib/python3.13/site-packages/tensorflow_probability/python/__init__.py:57: DeprecationWarning: distutils Version classes are deprecated. Use packaging.version instead.
    if (distutils.version.LooseVersion(tf.__version__) <

../../../../../../../../anaconda3/envs/tfgpu/lib/python3.13/site-packages/tensorflow_probability/python/__init__.py:58
  /home/ubuntu/anaconda3/envs/tfgpu/lib/python3.13/site-packages/tensorflow_probability/python/__init__.py:58: DeprecationWarning: distutils Version classes are deprecated. Use packaging.version instead.
    distutils.version.LooseVersion(required_tensorflow_version)):

tests/inference_validation/test_posterior_policy_wiring.py: 19 warnings
tests/test_hmc_overall_repair.py: 79 warnings
tests/test_hmc_bootstrap_checkpoint.py: 6 warnings
  /home/ubuntu/anaconda3/envs/tfgpu/lib/python3.13/site-packages/gast/astn.py:23: DeprecationWarning: Constant.__init__ got an unexpected keyword argument '___pyct_anno'. Support for arbitrary keyword arguments is deprecated and will be removed in Python 3.15.
    new_node = cls(

tests/inference_validation/test_posterior_policy_wiring.py: 7 warnings
tests/test_hmc_overall_repair.py: 14 warnings
tests/test_hmc_bootstrap_checkpoint.py: 1 warning
  /home/ubuntu/anaconda3/envs/tfgpu/lib/python3.13/site-packages/gast/astn.py:23: DeprecationWarning: Compare.__init__ got an unexpected keyword argument '___pyct_anno'. Support for arbitrary keyword arguments is deprecated and will be removed in Python 3.15.
    new_node = cls(

tests/inference_validation/test_posterior_policy_wiring.py: 85 warnings
tests/test_hmc_overall_repair.py: 438 warnings
tests/test_hmc_bootstrap_checkpoint.py: 35 warnings
  /home/ubuntu/anaconda3/envs/tfgpu/lib/python3.13/site-packages/gast/astn.py:23: DeprecationWarning: Attribute.__init__ got an unexpected keyword argument '___pyct_anno'. Support for arbitrary keyword arguments is deprecated and will be removed in Python 3.15.
    new_node = cls(

tests/inference_validation/test_posterior_policy_wiring.py::test_public_stopped_fixed_policy_and_restart_identity
tests/test_hmc_overall_repair.py::test_declared_candidate_exception_preserves_peer_and_reload
tests/test_hmc_overall_repair.py::test_declared_candidate_exception_preserves_peer_and_reload
tests/test_hmc_overall_repair.py::test_declared_candidate_exception_preserves_peer_and_reload
tests/test_hmc_bootstrap_checkpoint.py::test_resume_matches_uninterrupted_chunk_stream[False]
tests/test_hmc_bootstrap_checkpoint.py::test_resume_matches_uninterrupted_chunk_stream[False]
  /home/ubuntu/anaconda3/envs/tfgpu/lib/python3.13/site-packages/gast/astn.py:23: DeprecationWarning: BinOp.__init__ got an unexpected keyword argument '___pyct_anno'. Support for arbitrary keyword arguments is deprecated and will be removed in Python 3.15.
    new_node = cls(

tests/inference_validation/test_posterior_policy_wiring.py: 53 warnings
tests/test_hmc_overall_repair.py: 293 warnings
tests/test_hmc_bootstrap_checkpoint.py: 21 warnings
  /home/ubuntu/anaconda3/envs/tfgpu/lib/python3.13/site-packages/gast/astn.py:23: DeprecationWarning: Call.__init__ got an unexpected keyword argument '___pyct_anno'. Support for arbitrary keyword arguments is deprecated and will be removed in Python 3.15.
    new_node = cls(

tests/inference_validation/test_posterior_policy_wiring.py: 15 warnings
tests/test_hmc_overall_repair.py: 12 warnings
tests/test_hmc_bootstrap_checkpoint.py: 1 warning
  /home/ubuntu/anaconda3/envs/tfgpu/lib/python3.13/site-packages/gast/astn.py:23: DeprecationWarning: keyword.__init__ got an unexpected keyword argument '___pyct_anno'. Support for arbitrary keyword arguments is deprecated and will be removed in Python 3.15.
    new_node = cls(

tests/inference_validation/test_posterior_policy_wiring.py: 18 warnings
tests/test_hmc_overall_repair.py: 73 warnings
tests/test_hmc_bootstrap_checkpoint.py: 1 warning
  /home/ubuntu/anaconda3/envs/tfgpu/lib/python3.13/site-packages/gast/astn.py:23: DeprecationWarning: FunctionDef.__init__ got an unexpected keyword argument '___pyct_anno'. Support for arbitrary keyword arguments is deprecated and will be removed in Python 3.15.
    new_node = cls(

tests/inference_validation/test_posterior_policy_wiring.py: 31 warnings
tests/test_hmc_overall_repair.py: 147 warnings
  /home/ubuntu/anaconda3/envs/tfgpu/lib/python3.13/site-packages/gast/astn.py:23: DeprecationWarning: Load.__init__ got an unexpected keyword argument '___pyct_anno'. Support for arbitrary keyword arguments is deprecated and will be removed in Python 3.15.
    new_node = cls(

tests/inference_validation/test_posterior_policy_wiring.py: 7 warnings
tests/test_hmc_overall_repair.py: 33 warnings
  /home/ubuntu/anaconda3/envs/tfgpu/lib/python3.13/site-packages/gast/astn.py:23: DeprecationWarning: Tuple.__init__ got an unexpected keyword argument '___pyct_anno'. Support for arbitrary keyword arguments is deprecated and will be removed in Python 3.15.
    new_node = cls(

tests/inference_validation/test_posterior_policy_wiring.py: 5 warnings
tests/test_hmc_overall_repair.py: 17 warnings
  /home/ubuntu/anaconda3/envs/tfgpu/lib/python3.13/site-packages/gast/astn.py:23: DeprecationWarning: Expr.__init__ got an unexpected keyword argument '___pyct_anno'. Support for arbitrary keyword arguments is deprecated and will be removed in Python 3.15.
    new_node = cls(

tests/inference_validation/test_posterior_policy_wiring.py::test_public_stopped_fixed_policy_and_restart_identity
  /home/ubuntu/anaconda3/envs/tfgpu/lib/python3.13/site-packages/gast/astn.py:23: DeprecationWarning: Eq.__init__ got an unexpected keyword argument '___pyct_anno'. Support for arbitrary keyword arguments is deprecated and will be removed in Python 3.15.
    new_node = cls(

tests/inference_validation/test_posterior_policy_wiring.py::test_public_stopped_fixed_policy_and_restart_identity
tests/test_hmc_overall_repair.py::test_declared_candidate_exception_preserves_peer_and_reload
tests/test_hmc_overall_repair.py::test_declared_candidate_exception_preserves_peer_and_reload
tests/test_hmc_overall_repair.py::test_declared_candidate_exception_preserves_peer_and_reload
  /home/ubuntu/anaconda3/envs/tfgpu/lib/python3.13/site-packages/gast/astn.py:23: DeprecationWarning: Is.__init__ got an unexpected keyword argument '___pyct_anno'. Support for arbitrary keyword arguments is deprecated and will be removed in Python 3.15.
    new_node = cls(

tests/inference_validation/test_posterior_policy_wiring.py::test_public_stopped_fixed_policy_and_restart_identity
tests/test_hmc_overall_repair.py::test_declared_candidate_exception_preserves_peer_and_reload
  /home/ubuntu/anaconda3/envs/tfgpu/lib/python3.13/site-packages/gast/astn.py:23: DeprecationWarning: IsNot.__init__ got an unexpected keyword argument '___pyct_anno'. Support for arbitrary keyword arguments is deprecated and will be removed in Python 3.15.
    new_node = cls(

tests/inference_validation/test_posterior_policy_wiring.py::test_public_stopped_fixed_policy_and_restart_identity
tests/inference_validation/test_posterior_policy_wiring.py::test_public_stopped_fixed_policy_and_restart_identity
tests/test_hmc_overall_repair.py::test_declared_candidate_exception_preserves_peer_and_reload
tests/test_hmc_overall_repair.py::test_declared_candidate_exception_preserves_peer_and_reload
tests/test_hmc_overall_repair.py::test_declared_candidate_exception_preserves_peer_and_reload
tests/test_hmc_overall_repair.py::test_declared_candidate_exception_preserves_peer_and_reload
tests/test_hmc_bootstrap_checkpoint.py::test_resume_matches_uninterrupted_chunk_stream[False]
  /home/ubuntu/anaconda3/envs/tfgpu/lib/python3.13/site-packages/gast/astn.py:23: DeprecationWarning: Dict.__init__ got an unexpected keyword argument '___pyct_anno'. Support for arbitrary keyword arguments is deprecated and will be removed in Python 3.15.
    new_node = cls(

tests/inference_validation/test_posterior_policy_wiring.py: 2 warnings
tests/test_hmc_overall_repair.py: 19 warnings
tests/test_hmc_bootstrap_checkpoint.py: 1 warning
  /home/ubuntu/anaconda3/envs/tfgpu/lib/python3.13/site-packages/gast/astn.py:23: DeprecationWarning: Try.__init__ got an unexpected keyword argument '___pyct_anno'. Support for arbitrary keyword arguments is deprecated and will be removed in Python 3.15.
    new_node = cls(

tests/inference_validation/test_posterior_policy_wiring.py: 3 warnings
tests/test_hmc_overall_repair.py: 12 warnings
  /home/ubuntu/anaconda3/envs/tfgpu/lib/python3.13/site-packages/gast/astn.py:23: DeprecationWarning: Subscript.__init__ got an unexpected keyword argument '___pyct_anno'. Support for arbitrary keyword arguments is deprecated and will be removed in Python 3.15.
    new_node = cls(

tests/inference_validation/test_posterior_policy_wiring.py::test_public_stopped_fixed_policy_and_restart_identity
tests/test_hmc_overall_repair.py::test_declared_candidate_exception_preserves_peer_and_reload
tests/test_hmc_overall_repair.py::test_declared_candidate_exception_preserves_peer_and_reload
tests/test_hmc_overall_repair.py::test_declared_candidate_exception_preserves_peer_and_reload
tests/test_hmc_overall_repair.py::test_declared_candidate_exception_preserves_peer_and_reload
tests/test_hmc_overall_repair.py::test_declared_candidate_exception_preserves_peer_and_reload
  /home/ubuntu/anaconda3/envs/tfgpu/lib/python3.13/site-packages/gast/astn.py:23: DeprecationWarning: List.__init__ got an unexpected keyword argument '___pyct_anno'. Support for arbitrary keyword arguments is deprecated and will be removed in Python 3.15.
    new_node = cls(

tests/inference_validation/test_posterior_policy_wiring.py::test_public_stopped_fixed_policy_and_restart_identity
tests/test_hmc_overall_repair.py::test_declared_candidate_exception_preserves_peer_and_reload
tests/test_hmc_overall_repair.py::test_declared_candidate_exception_preserves_peer_and_reload
  /home/ubuntu/anaconda3/envs/tfgpu/lib/python3.13/site-packages/gast/astn.py:23: DeprecationWarning: alias.__init__ got an unexpected keyword argument '___pyct_anno'. Support for arbitrary keyword arguments is deprecated and will be removed in Python 3.15.
    new_node = cls(

tests/inference_validation/test_posterior_policy_wiring.py::test_public_stopped_fixed_policy_and_restart_identity
tests/test_hmc_overall_repair.py::test_declared_candidate_exception_preserves_peer_and_reload
tests/test_hmc_overall_repair.py::test_declared_candidate_exception_preserves_peer_and_reload
  /home/ubuntu/anaconda3/envs/tfgpu/lib/python3.13/site-packages/gast/astn.py:23: DeprecationWarning: Import.__init__ got an unexpected keyword argument '___pyct_anno'. Support for arbitrary keyword arguments is deprecated and will be removed in Python 3.15.
    new_node = cls(

tests/test_hmc_overall_repair.py: 12 warnings
  /home/ubuntu/anaconda3/envs/tfgpu/lib/python3.13/site-packages/gast/astn.py:23: DeprecationWarning: Raise.__init__ got an unexpected keyword argument '___pyct_anno'. Support for arbitrary keyword arguments is deprecated and will be removed in Python 3.15.
    new_node = cls(

tests/test_hmc_overall_repair.py::test_declared_candidate_exception_preserves_peer_and_reload
tests/test_hmc_overall_repair.py::test_declared_candidate_exception_preserves_peer_and_reload
  /home/ubuntu/anaconda3/envs/tfgpu/lib/python3.13/site-packages/gast/astn.py:23: DeprecationWarning: NotIn.__init__ got an unexpected keyword argument '___pyct_anno'. Support for arbitrary keyword arguments is deprecated and will be removed in Python 3.15.
    new_node = cls(

tests/test_hmc_overall_repair.py::test_declared_candidate_exception_preserves_peer_and_reload
tests/test_hmc_overall_repair.py::test_declared_candidate_exception_preserves_peer_and_reload
  /home/ubuntu/anaconda3/envs/tfgpu/lib/python3.13/site-packages/gast/astn.py:23: DeprecationWarning: Store.__init__ got an unexpected keyword argument '___pyct_anno'. Support for arbitrary keyword arguments is deprecated and will be removed in Python 3.15.
    new_node = cls(

tests/test_hmc_overall_repair.py::test_declared_candidate_exception_preserves_peer_and_reload
tests/test_hmc_overall_repair.py::test_declared_candidate_exception_preserves_peer_and_reload
  /home/ubuntu/anaconda3/envs/tfgpu/lib/python3.13/site-packages/gast/astn.py:23: DeprecationWarning: comprehension.__init__ got an unexpected keyword argument '___pyct_anno'. Support for arbitrary keyword arguments is deprecated and will be removed in Python 3.15.
    new_node = cls(

tests/test_hmc_overall_repair.py::test_declared_candidate_exception_preserves_peer_and_reload
tests/test_hmc_overall_repair.py::test_declared_candidate_exception_preserves_peer_and_reload
  /home/ubuntu/anaconda3/envs/tfgpu/lib/python3.13/site-packages/gast/astn.py:23: DeprecationWarning: GeneratorExp.__init__ got an unexpected keyword argument '___pyct_anno'. Support for arbitrary keyword arguments is deprecated and will be removed in Python 3.15.
    new_node = cls(

tests/test_hmc_overall_repair.py::test_declared_candidate_exception_preserves_peer_and_reload
tests/test_hmc_overall_repair.py::test_declared_candidate_exception_preserves_peer_and_reload
  /home/ubuntu/anaconda3/envs/tfgpu/lib/python3.13/site-packages/gast/astn.py:23: DeprecationWarning: DictComp.__init__ got an unexpected keyword argument '___pyct_anno'. Support for arbitrary keyword arguments is deprecated and will be removed in Python 3.15.
    new_node = cls(

tests/test_hmc_overall_repair.py::test_declared_candidate_exception_preserves_peer_and_reload
tests/test_hmc_overall_repair.py::test_declared_candidate_exception_preserves_peer_and_reload
tests/test_hmc_overall_repair.py::test_declared_candidate_exception_preserves_peer_and_reload
  /home/ubuntu/anaconda3/envs/tfgpu/lib/python3.13/site-packages/gast/astn.py:23: DeprecationWarning: NotEq.__init__ got an unexpected keyword argument '___pyct_anno'. Support for arbitrary keyword arguments is deprecated and will be removed in Python 3.15.
    new_node = cls(

tests/test_hmc_overall_repair.py::test_declared_candidate_exception_preserves_peer_and_reload
  /home/ubuntu/anaconda3/envs/tfgpu/lib/python3.13/site-packages/gast/astn.py:23: DeprecationWarning: ClassDef.__init__ got an unexpected keyword argument '___pyct_anno'. Support for arbitrary keyword arguments is deprecated and will be removed in Python 3.15.
    new_node = cls(

tests/test_hmc_overall_repair.py::test_declared_candidate_exception_preserves_peer_and_reload
tests/test_hmc_overall_repair.py::test_declared_candidate_exception_preserves_peer_and_reload
tests/test_hmc_overall_repair.py::test_declared_candidate_exception_preserves_peer_and_reload
tests/test_hmc_overall_repair.py::test_declared_candidate_exception_preserves_peer_and_reload
tests/test_hmc_overall_repair.py::test_declared_candidate_exception_preserves_peer_and_reload
  /home/ubuntu/anaconda3/envs/tfgpu/lib/python3.13/site-packages/gast/astn.py:23: DeprecationWarning: FormattedValue.__init__ got an unexpected keyword argument '___pyct_anno'. Support for arbitrary keyword arguments is deprecated and will be removed in Python 3.15.
    new_node = cls(

tests/test_hmc_overall_repair.py::test_declared_candidate_exception_preserves_peer_and_reload
tests/test_hmc_overall_repair.py::test_declared_candidate_exception_preserves_peer_and_reload
tests/test_hmc_overall_repair.py::test_declared_candidate_exception_preserves_peer_and_reload
tests/test_hmc_overall_repair.py::test_declared_candidate_exception_preserves_peer_and_reload
tests/test_hmc_overall_repair.py::test_declared_candidate_exception_preserves_peer_and_reload
  /home/ubuntu/anaconda3/envs/tfgpu/lib/python3.13/site-packages/gast/astn.py:23: DeprecationWarning: JoinedStr.__init__ got an unexpected keyword argument '___pyct_anno'. Support for arbitrary keyword arguments is deprecated and will be removed in Python 3.15.
    new_node = cls(

tests/test_hmc_overall_repair.py::test_declared_candidate_exception_preserves_peer_and_reload
  /home/ubuntu/anaconda3/envs/tfgpu/lib/python3.13/site-packages/gast/astn.py:23: DeprecationWarning: Lt.__init__ got an unexpected keyword argument '___pyct_anno'. Support for arbitrary keyword arguments is deprecated and will be removed in Python 3.15.
    new_node = cls(

tests/test_hmc_overall_repair.py::test_declared_candidate_exception_preserves_peer_and_reload
  /home/ubuntu/anaconda3/envs/tfgpu/lib/python3.13/site-packages/gast/astn.py:23: DeprecationWarning: Gt.__init__ got an unexpected keyword argument '___pyct_anno'. Support for arbitrary keyword arguments is deprecated and will be removed in Python 3.15.
    new_node = cls(

tests/test_hmc_overall_repair.py::test_declared_candidate_exception_preserves_peer_and_reload
tests/test_hmc_overall_repair.py::test_declared_candidate_exception_preserves_peer_and_reload
tests/test_hmc_overall_repair.py::test_declared_candidate_exception_preserves_peer_and_reload
tests/test_hmc_bootstrap_checkpoint.py::test_resume_matches_uninterrupted_chunk_stream[False]
  /home/ubuntu/anaconda3/envs/tfgpu/lib/python3.13/site-packages/gast/astn.py:23: DeprecationWarning: UnaryOp.__init__ got an unexpected keyword argument '___pyct_anno'. Support for arbitrary keyword arguments is deprecated and will be removed in Python 3.15.
    new_node = cls(

tests/test_hmc_overall_repair.py::test_declared_candidate_exception_preserves_peer_and_reload
tests/test_hmc_overall_repair.py::test_declared_candidate_exception_preserves_peer_and_reload
  /home/ubuntu/anaconda3/envs/tfgpu/lib/python3.13/site-packages/gast/astn.py:23: DeprecationWarning: Slice.__init__ got an unexpected keyword argument '___pyct_anno'. Support for arbitrary keyword arguments is deprecated and will be removed in Python 3.15.
    new_node = cls(

tests/test_hmc_overall_repair.py::test_declared_candidate_exception_preserves_peer_and_reload
  /home/ubuntu/anaconda3/envs/tfgpu/lib/python3.13/site-packages/gast/astn.py:23: DeprecationWarning: Lambda.__init__ got an unexpected keyword argument '___pyct_anno'. Support for arbitrary keyword arguments is deprecated and will be removed in Python 3.15.
    new_node = cls(

-- Docs: https://docs.pytest.org/en/stable/how-to/capture-warnings.html
92 passed, 2 deselected, 1541 warnings in 51.91s
