2026-10-02 09:27:48.074330: I tensorflow/core/util/port.cc:153] oneDNN custom operations are on. You may see slightly different numerical results due to floating-point round-off errors from different computation orders. To turn them off, set the environment variable `TF_ENABLE_ONEDNN_OPTS=0`.
2026-10-02 09:27:48.082969: I external/local_xla/xla/stream_executor/cuda/cuda_fft.cc:469] Unable to register cuFFT factory: Attempting to register factory for plugin cuFFT when one has already been registered
WARNING: All log messages before absl::InitializeLog() is called are written to STDERR
I0000 00:00:1790904468.091561 1583350 cuda_dnn.cc:8703] Unable to register cuDNN factory: Attempting to register factory for plugin cuDNN when one has already been registered
I0000 00:00:1790904468.094241 1583350 cuda_blas.cc:1413] Unable to register cuBLAS factory: Attempting to register factory for plugin cuBLAS when one has already been registered
W0000 00:00:1790904468.101377 1583350 computation_placer.cc:177] computation placer already registered. Please check linkage and avoid linking the same target more than once.
W0000 00:00:1790904468.101425 1583350 computation_placer.cc:177] computation placer already registered. Please check linkage and avoid linking the same target more than once.
W0000 00:00:1790904468.101431 1583350 computation_placer.cc:177] computation placer already registered. Please check linkage and avoid linking the same target more than once.
W0000 00:00:1790904468.101432 1583350 computation_placer.cc:177] computation placer already registered. Please check linkage and avoid linking the same target more than once.
2026-10-02 09:27:48.103681: I tensorflow/core/platform/cpu_feature_guard.cc:210] This TensorFlow binary is optimized to use available CPU instructions in performance-critical operations.
To enable the following instructions: SSE3 SSE4.1 SSE4.2 AVX AVX2 AVX512F AVX512_VNNI AVX512_BF16 AVX_VNNI FMA, in other operations, rebuild TensorFlow with the appropriate compiler flags.
I0000 00:00:1790904470.136094 1583350 gpu_device.cc:2018] Created device /job:localhost/replica:0/task:0/device:GPU:0 with 13495 MB memory:  -> device: 0, name: NVIDIA GeForce RTX 4080 SUPER, pci bus id: 0000:09:00.0, compute capability: 8.9
2026-10-02 09:27:50.620120: I external/local_xla/xla/service/service.cc:152] XLA service 0x56e78916a880 initialized for platform CUDA (this does not guarantee that XLA will be used). Devices:
2026-10-02 09:27:50.620178: I external/local_xla/xla/service/service.cc:160]   StreamExecutor device (0): NVIDIA GeForce RTX 4080 SUPER, Compute Capability 8.9
2026-10-02 09:27:50.633698: I tensorflow/compiler/mlir/tensorflow/utils/dump_mlir_util.cc:269] disabling MLIR crash reproducer, set env var `MLIR_CRASH_REPRODUCER_DIRECTORY` to enable.
I0000 00:00:1790904470.925536 1583350 cuda_dnn.cc:529] Loaded cuDNN version 92000
WARNING: All log messages before absl::InitializeLog() is called are written to STDERR
I0000 00:00:1790904471.962791 1583350 device_compiler.h:196] Compiled cluster using XLA!  This line is logged at most once for the lifetime of the process.
2026-10-02 09:27:56.010989: W tensorflow/compiler/tf2xla/kernels/assert_op.cc:39] Ignoring Assert operator while/while/assert_equal_1/Assert/AssertGuard/Assert
2026-10-02 09:27:58.347101: W tensorflow/compiler/tf2xla/kernels/assert_op.cc:39] Ignoring Assert operator while/while/assert_equal_1/Assert/AssertGuard/Assert
2026-10-02 09:28:04.149545: I external/local_xla/xla/stream_executor/cuda/subprocess_compilation.cc:346] ptxas warning : Registers are spilled to local memory in function 'gemm_fusion_dot_1529', 8 bytes spill stores, 8 bytes spill loads

2026-10-02 09:28:04.222037: I external/local_xla/xla/stream_executor/cuda/subprocess_compilation.cc:346] ptxas warning : Registers are spilled to local memory in function 'gemm_fusion_dot_1658', 12 bytes spill stores, 12 bytes spill loads

2026-10-02 09:28:24.335000: W tensorflow/compiler/tf2xla/kernels/assert_op.cc:39] Ignoring Assert operator assert_equal_1/Assert/AssertGuard/Assert
{"arm": "original", "design_seed": 260301, "log_likelihood": null, "score": [0.0, 0.0, 0.0], "valid": false}
I0000 00:00:1790904519.039942 1583350 cuda_solvers.cc:175] Creating GpuSolver handles for stream 0x56e7866a8a20
2026-10-02 09:28:47.311033: W tensorflow/compiler/tf2xla/kernels/assert_op.cc:39] Ignoring Assert operator while/while/assert_equal_1/Assert/AssertGuard/Assert
2026-10-02 09:28:51.229525: W tensorflow/compiler/tf2xla/kernels/assert_op.cc:39] Ignoring Assert operator while/while/assert_equal_1/Assert/AssertGuard/Assert
2026-10-02 09:28:54.449286: I external/local_xla/xla/stream_executor/cuda/subprocess_compilation.cc:346] ptxas warning : Registers are spilled to local memory in function 'gemm_fusion_dot_2058', 8 bytes spill stores, 8 bytes spill loads

2026-10-02 09:29:21.212737: W tensorflow/compiler/tf2xla/kernels/assert_op.cc:39] Ignoring Assert operator assert_equal_1/Assert/AssertGuard/Assert
{"arm": "guarded_pairwise", "design_seed": 260301, "log_likelihood": null, "score": [0.0, 0.0, 0.0], "valid": false}
