2026-10-02 09:25:30.058979: I tensorflow/core/util/port.cc:153] oneDNN custom operations are on. You may see slightly different numerical results due to floating-point round-off errors from different computation orders. To turn them off, set the environment variable `TF_ENABLE_ONEDNN_OPTS=0`.
2026-10-02 09:25:30.067503: I external/local_xla/xla/stream_executor/cuda/cuda_fft.cc:469] Unable to register cuFFT factory: Attempting to register factory for plugin cuFFT when one has already been registered
WARNING: All log messages before absl::InitializeLog() is called are written to STDERR
I0000 00:00:1790904330.076596 1580139 cuda_dnn.cc:8703] Unable to register cuDNN factory: Attempting to register factory for plugin cuDNN when one has already been registered
I0000 00:00:1790904330.079375 1580139 cuda_blas.cc:1413] Unable to register cuBLAS factory: Attempting to register factory for plugin cuBLAS when one has already been registered
W0000 00:00:1790904330.086697 1580139 computation_placer.cc:177] computation placer already registered. Please check linkage and avoid linking the same target more than once.
W0000 00:00:1790904330.086751 1580139 computation_placer.cc:177] computation placer already registered. Please check linkage and avoid linking the same target more than once.
W0000 00:00:1790904330.086758 1580139 computation_placer.cc:177] computation placer already registered. Please check linkage and avoid linking the same target more than once.
W0000 00:00:1790904330.086759 1580139 computation_placer.cc:177] computation placer already registered. Please check linkage and avoid linking the same target more than once.
2026-10-02 09:25:30.088988: I tensorflow/core/platform/cpu_feature_guard.cc:210] This TensorFlow binary is optimized to use available CPU instructions in performance-critical operations.
To enable the following instructions: SSE3 SSE4.1 SSE4.2 AVX AVX2 AVX512F AVX512_VNNI AVX512_BF16 AVX_VNNI FMA, in other operations, rebuild TensorFlow with the appropriate compiler flags.
I0000 00:00:1790904332.457286 1580139 gpu_device.cc:2018] Created device /job:localhost/replica:0/task:0/device:GPU:0 with 13495 MB memory:  -> device: 0, name: NVIDIA GeForce RTX 4080 SUPER, pci bus id: 0000:09:00.0, compute capability: 8.9
2026-10-02 09:25:33.007281: I external/local_xla/xla/service/service.cc:152] XLA service 0x55a2b99a74a0 initialized for platform CUDA (this does not guarantee that XLA will be used). Devices:
2026-10-02 09:25:33.007362: I external/local_xla/xla/service/service.cc:160]   StreamExecutor device (0): NVIDIA GeForce RTX 4080 SUPER, Compute Capability 8.9
I0000 00:00:1790904333.237806 1580139 cuda_dnn.cc:529] Loaded cuDNN version 92000
WARNING: All log messages before absl::InitializeLog() is called are written to STDERR
I0000 00:00:1790904334.765417 1580139 device_compiler.h:196] Compiled cluster using XLA!  This line is logged at most once for the lifetime of the process.
2026-10-02 09:25:40.611621: I tensorflow/compiler/mlir/tensorflow/utils/dump_mlir_util.cc:269] disabling MLIR crash reproducer, set env var `MLIR_CRASH_REPRODUCER_DIRECTORY` to enable.
2026-10-02 09:25:41.953212: W tensorflow/compiler/tf2xla/kernels/assert_op.cc:39] Ignoring Assert operator while/while/assert_equal_1/Assert/AssertGuard/Assert
2026-10-02 09:25:45.349311: W tensorflow/compiler/tf2xla/kernels/assert_op.cc:39] Ignoring Assert operator while/while/assert_equal_1/Assert/AssertGuard/Assert
2026-10-02 09:25:50.253712: I external/local_xla/xla/stream_executor/cuda/subprocess_compilation.cc:346] ptxas warning : Registers are spilled to local memory in function 'gemm_fusion_dot_1131', 20 bytes spill stores, 20 bytes spill loads

2026-10-02 09:26:15.720214: W tensorflow/compiler/tf2xla/kernels/assert_op.cc:39] Ignoring Assert operator assert_equal_1/Assert/AssertGuard/Assert
{"arm": "original", "design_seed": 260301, "log_likelihood": -15.533039093017578, "score": [-39.202476501464844, -0.7637518048286438, -0.03741348907351494, 7.892340660095215, 3.0086021423339844, -4.144073486328125], "valid": true}
I0000 00:00:1790904395.078259 1580139 cuda_solvers.cc:175] Creating GpuSolver handles for stream 0x55a2b855b950
2026-10-02 09:26:43.989588: W tensorflow/compiler/tf2xla/kernels/assert_op.cc:39] Ignoring Assert operator while/while/assert_equal_1/Assert/AssertGuard/Assert
2026-10-02 09:26:47.964985: W tensorflow/compiler/tf2xla/kernels/assert_op.cc:39] Ignoring Assert operator while/while/assert_equal_1/Assert/AssertGuard/Assert
2026-10-02 09:27:21.891209: W tensorflow/compiler/tf2xla/kernels/assert_op.cc:39] Ignoring Assert operator assert_equal_1/Assert/AssertGuard/Assert
{"arm": "guarded_pairwise", "design_seed": 260301, "log_likelihood": -15.617095947265625, "score": [-39.97319793701172, -0.7716299891471863, -0.03900729864835739, 7.547934532165527, 3.5290610790252686, -4.820899486541748], "valid": true}
