2026-10-02 09:34:50.951453: I tensorflow/core/util/port.cc:153] oneDNN custom operations are on. You may see slightly different numerical results due to floating-point round-off errors from different computation orders. To turn them off, set the environment variable `TF_ENABLE_ONEDNN_OPTS=0`.
2026-10-02 09:34:50.960173: I external/local_xla/xla/stream_executor/cuda/cuda_fft.cc:469] Unable to register cuFFT factory: Attempting to register factory for plugin cuFFT when one has already been registered
WARNING: All log messages before absl::InitializeLog() is called are written to STDERR
I0000 00:00:1790904890.969533 1592989 cuda_dnn.cc:8703] Unable to register cuDNN factory: Attempting to register factory for plugin cuDNN when one has already been registered
I0000 00:00:1790904890.972378 1592989 cuda_blas.cc:1413] Unable to register cuBLAS factory: Attempting to register factory for plugin cuBLAS when one has already been registered
W0000 00:00:1790904890.979663 1592989 computation_placer.cc:177] computation placer already registered. Please check linkage and avoid linking the same target more than once.
W0000 00:00:1790904890.979717 1592989 computation_placer.cc:177] computation placer already registered. Please check linkage and avoid linking the same target more than once.
W0000 00:00:1790904890.979723 1592989 computation_placer.cc:177] computation placer already registered. Please check linkage and avoid linking the same target more than once.
W0000 00:00:1790904890.979724 1592989 computation_placer.cc:177] computation placer already registered. Please check linkage and avoid linking the same target more than once.
2026-10-02 09:34:50.982136: I tensorflow/core/platform/cpu_feature_guard.cc:210] This TensorFlow binary is optimized to use available CPU instructions in performance-critical operations.
To enable the following instructions: SSE3 SSE4.1 SSE4.2 AVX AVX2 AVX512F AVX512_VNNI AVX512_BF16 AVX_VNNI FMA, in other operations, rebuild TensorFlow with the appropriate compiler flags.
I0000 00:00:1790904894.024655 1592989 gpu_device.cc:2018] Created device /job:localhost/replica:0/task:0/device:GPU:0 with 13495 MB memory:  -> device: 0, name: NVIDIA GeForce RTX 4080 SUPER, pci bus id: 0000:09:00.0, compute capability: 8.9
2026-10-02 09:34:54.530342: I external/local_xla/xla/service/service.cc:152] XLA service 0x60271fb5ddb0 initialized for platform CUDA (this does not guarantee that XLA will be used). Devices:
2026-10-02 09:34:54.530421: I external/local_xla/xla/service/service.cc:160]   StreamExecutor device (0): NVIDIA GeForce RTX 4080 SUPER, Compute Capability 8.9
2026-10-02 09:34:54.547847: I tensorflow/compiler/mlir/tensorflow/utils/dump_mlir_util.cc:269] disabling MLIR crash reproducer, set env var `MLIR_CRASH_REPRODUCER_DIRECTORY` to enable.
I0000 00:00:1790904894.874618 1592989 cuda_dnn.cc:529] Loaded cuDNN version 92000
WARNING: All log messages before absl::InitializeLog() is called are written to STDERR
I0000 00:00:1790904895.927565 1592989 device_compiler.h:196] Compiled cluster using XLA!  This line is logged at most once for the lifetime of the process.
I0000 00:00:1790904896.058278 1592989 cuda_solvers.cc:175] Creating GpuSolver handles for stream 0x60271cfc47f0
2026-10-02 09:35:02.932174: W tensorflow/compiler/tf2xla/kernels/assert_op.cc:39] Ignoring Assert operator while/while/assert_equal_1/Assert/AssertGuard/Assert
2026-10-02 09:35:06.482192: W tensorflow/compiler/tf2xla/kernels/assert_op.cc:39] Ignoring Assert operator while/while/assert_equal_1/Assert/AssertGuard/Assert
2026-10-02 09:35:08.753866: I external/local_xla/xla/stream_executor/cuda/subprocess_compilation.cc:346] ptxas warning : Registers are spilled to local memory in function 'gemm_fusion_dot_1176', 4 bytes spill stores, 4 bytes spill loads

2026-10-02 09:35:08.787506: I external/local_xla/xla/stream_executor/cuda/subprocess_compilation.cc:346] ptxas warning : Registers are spilled to local memory in function 'gemm_fusion_dot_1176', 92 bytes spill stores, 92 bytes spill loads

2026-10-02 09:35:08.838323: I external/local_xla/xla/stream_executor/cuda/subprocess_compilation.cc:346] ptxas warning : Registers are spilled to local memory in function 'gemm_fusion_dot_1176', 4 bytes spill stores, 4 bytes spill loads

2026-10-02 09:35:08.928486: I external/local_xla/xla/stream_executor/cuda/subprocess_compilation.cc:346] ptxas warning : Registers are spilled to local memory in function 'gemm_fusion_dot_1076', 240 bytes spill stores, 200 bytes spill loads

2026-10-02 09:35:08.959762: I external/local_xla/xla/stream_executor/cuda/subprocess_compilation.cc:346] ptxas warning : Registers are spilled to local memory in function 'gemm_fusion_dot_1176', 32 bytes spill stores, 32 bytes spill loads

2026-10-02 09:35:09.040964: I external/local_xla/xla/stream_executor/cuda/subprocess_compilation.cc:346] ptxas warning : Registers are spilled to local memory in function 'gemm_fusion_dot_1176', 116 bytes spill stores, 116 bytes spill loads

2026-10-02 09:35:09.048368: I external/local_xla/xla/stream_executor/cuda/subprocess_compilation.cc:346] ptxas warning : Registers are spilled to local memory in function 'gemm_fusion_dot_1177', 92 bytes spill stores, 92 bytes spill loads

2026-10-02 09:35:09.062276: I external/local_xla/xla/stream_executor/cuda/subprocess_compilation.cc:346] ptxas warning : Registers are spilled to local memory in function 'gemm_fusion_dot_1076', 96 bytes spill stores, 96 bytes spill loads

2026-10-02 09:35:09.158493: I external/local_xla/xla/stream_executor/cuda/subprocess_compilation.cc:346] ptxas warning : Registers are spilled to local memory in function 'gemm_fusion_dot_1080', 36 bytes spill stores, 36 bytes spill loads

2026-10-02 09:35:09.213881: I external/local_xla/xla/stream_executor/cuda/subprocess_compilation.cc:346] ptxas warning : Registers are spilled to local memory in function 'gemm_fusion_dot_1177', 28 bytes spill stores, 28 bytes spill loads

2026-10-02 09:35:09.311012: I external/local_xla/xla/stream_executor/cuda/subprocess_compilation.cc:346] ptxas warning : Registers are spilled to local memory in function 'gemm_fusion_dot_1080', 4 bytes spill stores, 4 bytes spill loads

2026-10-02 09:35:09.565322: I external/local_xla/xla/stream_executor/cuda/subprocess_compilation.cc:346] ptxas warning : Registers are spilled to local memory in function 'gemm_fusion_dot_1176', 6552 bytes spill stores, 6616 bytes spill loads

2026-10-02 09:35:09.575871: I external/local_xla/xla/stream_executor/cuda/subprocess_compilation.cc:346] ptxas warning : Registers are spilled to local memory in function 'gemm_fusion_dot_1811', 12 bytes spill stores, 12 bytes spill loads

2026-10-02 09:35:09.587309: I external/local_xla/xla/stream_executor/cuda/subprocess_compilation.cc:346] ptxas warning : Registers are spilled to local memory in function 'gemm_fusion_dot_1076', 6192 bytes spill stores, 6200 bytes spill loads

2026-10-02 09:35:09.673183: I external/local_xla/xla/stream_executor/cuda/subprocess_compilation.cc:346] ptxas warning : Registers are spilled to local memory in function 'gemm_fusion_dot_1080', 80 bytes spill stores, 80 bytes spill loads

2026-10-02 09:35:09.792001: I external/local_xla/xla/stream_executor/cuda/subprocess_compilation.cc:346] ptxas warning : Registers are spilled to local memory in function 'gemm_fusion_dot_1177', 8 bytes spill stores, 8 bytes spill loads

2026-10-02 09:35:09.940023: I external/local_xla/xla/stream_executor/cuda/subprocess_compilation.cc:346] ptxas warning : Registers are spilled to local memory in function 'gemm_fusion_dot_1080', 4 bytes spill stores, 4 bytes spill loads

2026-10-02 09:35:10.135323: I external/local_xla/xla/stream_executor/cuda/subprocess_compilation.cc:346] ptxas warning : Registers are spilled to local memory in function 'gemm_fusion_dot_1177', 80 bytes spill stores, 80 bytes spill loads

2026-10-02 09:35:10.192671: I external/local_xla/xla/stream_executor/cuda/subprocess_compilation.cc:346] ptxas warning : Registers are spilled to local memory in function 'gemm_fusion_dot_1177', 2796 bytes spill stores, 2796 bytes spill loads

2026-10-02 09:35:10.744695: I external/local_xla/xla/stream_executor/cuda/subprocess_compilation.cc:346] ptxas warning : Registers are spilled to local memory in function 'gemm_fusion_dot_1080', 6720 bytes spill stores, 6804 bytes spill loads

2026-10-02 09:35:10.989121: I external/local_xla/xla/stream_executor/cuda/subprocess_compilation.cc:346] ptxas warning : Registers are spilled to local memory in function 'gemm_fusion_dot_1082', 56 bytes spill stores, 56 bytes spill loads

2026-10-02 09:35:10.990699: I external/local_xla/xla/stream_executor/cuda/subprocess_compilation.cc:346] ptxas warning : Registers are spilled to local memory in function 'gemm_fusion_dot_1082', 152 bytes spill stores, 152 bytes spill loads

2026-10-02 09:35:10.992299: I external/local_xla/xla/stream_executor/cuda/subprocess_compilation.cc:346] ptxas warning : Registers are spilled to local memory in function 'gemm_fusion_dot_1825', 68 bytes spill stores, 68 bytes spill loads

2026-10-02 09:35:11.022416: I external/local_xla/xla/stream_executor/cuda/subprocess_compilation.cc:346] ptxas warning : Registers are spilled to local memory in function 'gemm_fusion_dot_1177', 4 bytes spill stores, 4 bytes spill loads

2026-10-02 09:35:11.031866: I external/local_xla/xla/stream_executor/cuda/subprocess_compilation.cc:346] ptxas warning : Registers are spilled to local memory in function 'gemm_fusion_dot_1082', 6368 bytes spill stores, 6376 bytes spill loads

2026-10-02 09:35:11.146294: I external/local_xla/xla/stream_executor/cuda/subprocess_compilation.cc:346] ptxas warning : Registers are spilled to local memory in function 'gemm_fusion_dot_1823', 68 bytes spill stores, 68 bytes spill loads

2026-10-02 09:35:11.404141: I external/local_xla/xla/stream_executor/cuda/subprocess_compilation.cc:346] ptxas warning : Registers are spilled to local memory in function 'gemm_fusion_dot_1811', 8 bytes spill stores, 8 bytes spill loads

2026-10-02 09:35:11.668205: I external/local_xla/xla/stream_executor/cuda/subprocess_compilation.cc:346] ptxas warning : Registers are spilled to local memory in function 'gemm_fusion_dot_1798', 580 bytes spill stores, 580 bytes spill loads

2026-10-02 09:35:11.669643: I external/local_xla/xla/stream_executor/cuda/subprocess_compilation.cc:346] ptxas warning : Registers are spilled to local memory in function 'gemm_fusion_dot_1080', 116 bytes spill stores, 116 bytes spill loads

2026-10-02 09:35:11.976765: I external/local_xla/xla/stream_executor/cuda/subprocess_compilation.cc:346] ptxas warning : Registers are spilled to local memory in function 'gemm_fusion_dot_845', 160 bytes spill stores, 160 bytes spill loads

2026-10-02 09:35:12.219072: I external/local_xla/xla/stream_executor/cuda/subprocess_compilation.cc:346] ptxas warning : Registers are spilled to local memory in function 'gemm_fusion_dot_1823', 5736 bytes spill stores, 5776 bytes spill loads

2026-10-02 09:35:12.373574: I external/local_xla/xla/stream_executor/cuda/subprocess_compilation.cc:346] ptxas warning : Registers are spilled to local memory in function 'gemm_fusion_dot_845', 92 bytes spill stores, 92 bytes spill loads

2026-10-02 09:35:12.731414: I external/local_xla/xla/stream_executor/cuda/subprocess_compilation.cc:346] ptxas warning : Registers are spilled to local memory in function 'gemm_fusion_dot_845', 6504 bytes spill stores, 6516 bytes spill loads

2026-10-02 09:35:12.837372: I external/local_xla/xla/stream_executor/cuda/subprocess_compilation.cc:346] ptxas warning : Registers are spilled to local memory in function 'gemm_fusion_dot_1811', 112 bytes spill stores, 112 bytes spill loads

2026-10-02 09:35:13.495879: I external/local_xla/xla/stream_executor/cuda/subprocess_compilation.cc:346] ptxas warning : Registers are spilled to local memory in function 'gemm_fusion_dot_1811', 4 bytes spill stores, 4 bytes spill loads

2026-10-02 09:35:13.510608: I external/local_xla/xla/stream_executor/cuda/subprocess_compilation.cc:346] ptxas warning : Registers are spilled to local memory in function 'gemm_fusion_dot_1811', 7308 bytes spill stores, 7352 bytes spill loads

2026-10-02 09:35:13.633362: I external/local_xla/xla/stream_executor/cuda/subprocess_compilation.cc:346] ptxas warning : Registers are spilled to local memory in function 'gemm_fusion_dot_1760', 160 bytes spill stores, 160 bytes spill loads

2026-10-02 09:35:13.684216: I external/local_xla/xla/stream_executor/cuda/subprocess_compilation.cc:346] ptxas warning : Registers are spilled to local memory in function 'gemm_fusion_dot_1798', 140 bytes spill stores, 140 bytes spill loads

2026-10-02 09:35:13.837821: I external/local_xla/xla/stream_executor/cuda/subprocess_compilation.cc:346] ptxas warning : Registers are spilled to local memory in function 'gemm_fusion_dot_1921', 6788 bytes spill stores, 6744 bytes spill loads

2026-10-02 09:35:14.331686: I external/local_xla/xla/stream_executor/cuda/subprocess_compilation.cc:346] ptxas warning : Registers are spilled to local memory in function 'gemm_fusion_dot_1811', 84 bytes spill stores, 84 bytes spill loads

2026-10-02 09:35:14.767201: I external/local_xla/xla/stream_executor/cuda/subprocess_compilation.cc:346] ptxas warning : Registers are spilled to local memory in function 'gemm_fusion_dot_1800', 132 bytes spill stores, 132 bytes spill loads

2026-10-02 09:35:15.373941: I external/local_xla/xla/stream_executor/cuda/subprocess_compilation.cc:346] ptxas warning : Registers are spilled to local memory in function 'gemm_fusion_dot_1767', 200 bytes spill stores, 200 bytes spill loads

2026-10-02 09:35:15.383456: I external/local_xla/xla/stream_executor/cuda/subprocess_compilation.cc:346] ptxas warning : Registers are spilled to local memory in function 'gemm_fusion_dot_1920', 64 bytes spill stores, 64 bytes spill loads

2026-10-02 09:35:15.470075: I external/local_xla/xla/stream_executor/cuda/subprocess_compilation.cc:346] ptxas warning : Registers are spilled to local memory in function 'gemm_fusion_dot_1825', 5736 bytes spill stores, 5776 bytes spill loads

2026-10-02 09:35:15.851957: I external/local_xla/xla/stream_executor/cuda/subprocess_compilation.cc:346] ptxas warning : Registers are spilled to local memory in function 'gemm_fusion_dot_1920', 176 bytes spill stores, 176 bytes spill loads

2026-10-02 09:35:16.151323: I external/local_xla/xla/stream_executor/cuda/subprocess_compilation.cc:346] ptxas warning : Registers are spilled to local memory in function 'gemm_fusion_dot_1915', 36 bytes spill stores, 36 bytes spill loads

2026-10-02 09:35:16.238977: I external/local_xla/xla/stream_executor/cuda/subprocess_compilation.cc:346] ptxas warning : Registers are spilled to local memory in function 'gemm_fusion_dot_1767', 96 bytes spill stores, 96 bytes spill loads

2026-10-02 09:35:16.255485: I external/local_xla/xla/stream_executor/cuda/subprocess_compilation.cc:346] ptxas warning : Registers are spilled to local memory in function 'gemm_fusion_dot_1798', 844 bytes spill stores, 848 bytes spill loads

2026-10-02 09:35:16.366734: I external/local_xla/xla/stream_executor/cuda/subprocess_compilation.cc:346] ptxas warning : Registers are spilled to local memory in function 'gemm_fusion_dot_1921', 208 bytes spill stores, 208 bytes spill loads

2026-10-02 09:35:16.438372: I external/local_xla/xla/stream_executor/cuda/subprocess_compilation.cc:346] ptxas warning : Registers are spilled to local memory in function 'gemm_fusion_dot_1900', 116 bytes spill stores, 116 bytes spill loads

2026-10-02 09:35:16.708593: I external/local_xla/xla/stream_executor/cuda/subprocess_compilation.cc:346] ptxas warning : Registers are spilled to local memory in function 'gemm_fusion_dot_1897', 96 bytes spill stores, 96 bytes spill loads

2026-10-02 09:35:16.720172: I external/local_xla/xla/stream_executor/cuda/subprocess_compilation.cc:346] ptxas warning : Registers are spilled to local memory in function 'gemm_fusion_dot_1920', 6156 bytes spill stores, 5944 bytes spill loads

2026-10-02 09:35:16.956197: I external/local_xla/xla/stream_executor/cuda/subprocess_compilation.cc:346] ptxas warning : Registers are spilled to local memory in function 'gemm_fusion_dot_1890', 240 bytes spill stores, 200 bytes spill loads

2026-10-02 09:35:17.063752: I external/local_xla/xla/stream_executor/cuda/subprocess_compilation.cc:346] ptxas warning : Registers are spilled to local memory in function 'gemm_fusion_dot_1800', 608 bytes spill stores, 608 bytes spill loads

2026-10-02 09:35:17.105648: I external/local_xla/xla/stream_executor/cuda/subprocess_compilation.cc:346] ptxas warning : Registers are spilled to local memory in function 'gemm_fusion_dot_1921', 160 bytes spill stores, 160 bytes spill loads

2026-10-02 09:35:17.149737: I external/local_xla/xla/stream_executor/cuda/subprocess_compilation.cc:346] ptxas warning : Registers are spilled to local memory in function 'gemm_fusion_dot_1921', 116 bytes spill stores, 116 bytes spill loads

2026-10-02 09:35:17.199608: I external/local_xla/xla/stream_executor/cuda/subprocess_compilation.cc:346] ptxas warning : Registers are spilled to local memory in function 'gemm_fusion_dot_1898', 200 bytes spill stores, 200 bytes spill loads

2026-10-02 09:35:17.271356: I external/local_xla/xla/stream_executor/cuda/subprocess_compilation.cc:346] ptxas warning : Registers are spilled to local memory in function 'gemm_fusion_dot_1898', 156 bytes spill stores, 156 bytes spill loads

2026-10-02 09:35:17.509735: I external/local_xla/xla/stream_executor/cuda/subprocess_compilation.cc:346] ptxas warning : Registers are spilled to local memory in function 'gemm_fusion_dot_1800', 48 bytes spill stores, 48 bytes spill loads

2026-10-02 09:35:17.583670: I external/local_xla/xla/stream_executor/cuda/subprocess_compilation.cc:346] ptxas warning : Registers are spilled to local memory in function 'gemm_fusion_dot_1798', 1152 bytes spill stores, 868 bytes spill loads

2026-10-02 09:35:17.691476: I external/local_xla/xla/stream_executor/cuda/subprocess_compilation.cc:346] ptxas warning : Registers are spilled to local memory in function 'gemm_fusion_dot_1913', 152 bytes spill stores, 152 bytes spill loads

2026-10-02 09:35:17.722829: I external/local_xla/xla/stream_executor/cuda/subprocess_compilation.cc:346] ptxas warning : Registers are spilled to local memory in function 'gemm_fusion_dot_1899', 36 bytes spill stores, 36 bytes spill loads

2026-10-02 09:35:17.781362: I external/local_xla/xla/stream_executor/cuda/subprocess_compilation.cc:346] ptxas warning : Registers are spilled to local memory in function 'gemm_fusion_dot_1800', 868 bytes spill stores, 700 bytes spill loads

2026-10-02 09:35:17.949337: I external/local_xla/xla/stream_executor/cuda/subprocess_compilation.cc:346] ptxas warning : Registers are spilled to local memory in function 'gemm_fusion_dot_1916', 240 bytes spill stores, 200 bytes spill loads

2026-10-02 09:35:18.130449: I external/local_xla/xla/stream_executor/cuda/subprocess_compilation.cc:346] ptxas warning : Registers are spilled to local memory in function 'gemm_fusion_dot_1900', 36 bytes spill stores, 36 bytes spill loads

2026-10-02 09:35:18.268044: I external/local_xla/xla/stream_executor/cuda/subprocess_compilation.cc:346] ptxas warning : Registers are spilled to local memory in function 'gemm_fusion_dot_1800', 468 bytes spill stores, 468 bytes spill loads

2026-10-02 09:35:18.547974: I external/local_xla/xla/stream_executor/cuda/subprocess_compilation.cc:346] ptxas warning : Registers are spilled to local memory in function 'gemm_fusion_dot_1920', 8 bytes spill stores, 8 bytes spill loads

2026-10-02 09:35:18.590666: I external/local_xla/xla/stream_executor/cuda/subprocess_compilation.cc:346] ptxas warning : Registers are spilled to local memory in function 'gemm_fusion_dot_1899', 6084 bytes spill stores, 6060 bytes spill loads

2026-10-02 09:35:18.633387: I external/local_xla/xla/stream_executor/cuda/subprocess_compilation.cc:346] ptxas warning : Registers are spilled to local memory in function 'gemm_fusion_dot_1914', 36 bytes spill stores, 36 bytes spill loads

2026-10-02 09:35:18.658016: I external/local_xla/xla/stream_executor/cuda/subprocess_compilation.cc:346] ptxas warning : Registers are spilled to local memory in function 'gemm_fusion_dot_1920', 8 bytes spill stores, 8 bytes spill loads

2026-10-02 09:35:18.705828: I external/local_xla/xla/stream_executor/cuda/subprocess_compilation.cc:346] ptxas warning : Registers are spilled to local memory in function 'gemm_fusion_dot_1760', 6504 bytes spill stores, 6516 bytes spill loads

2026-10-02 09:35:18.738336: I external/local_xla/xla/stream_executor/cuda/subprocess_compilation.cc:346] ptxas warning : Registers are spilled to local memory in function 'gemm_fusion_dot_1897', 200 bytes spill stores, 200 bytes spill loads

2026-10-02 09:35:18.846719: I external/local_xla/xla/stream_executor/cuda/subprocess_compilation.cc:346] ptxas warning : Registers are spilled to local memory in function 'gemm_fusion_dot_1914', 116 bytes spill stores, 116 bytes spill loads

2026-10-02 09:35:18.847785: I external/local_xla/xla/stream_executor/cuda/subprocess_compilation.cc:346] ptxas warning : Registers are spilled to local memory in function 'gemm_fusion_dot_1767', 6368 bytes spill stores, 6356 bytes spill loads

2026-10-02 09:35:18.849604: I external/local_xla/xla/stream_executor/cuda/subprocess_compilation.cc:346] ptxas warning : Registers are spilled to local memory in function 'gemm_fusion_dot_1913', 56 bytes spill stores, 56 bytes spill loads

2026-10-02 09:35:19.172804: I external/local_xla/xla/stream_executor/cuda/subprocess_compilation.cc:346] ptxas warning : Registers are spilled to local memory in function 'gemm_fusion_dot_1916', 96 bytes spill stores, 96 bytes spill loads

2026-10-02 09:35:19.210958: I external/local_xla/xla/stream_executor/cuda/subprocess_compilation.cc:346] ptxas warning : Registers are spilled to local memory in function 'gemm_fusion_dot_1906', 56 bytes spill stores, 56 bytes spill loads

2026-10-02 09:35:19.247766: I external/local_xla/xla/stream_executor/cuda/subprocess_compilation.cc:346] ptxas warning : Registers are spilled to local memory in function 'gemm_fusion_dot_1920', 8 bytes spill stores, 8 bytes spill loads

2026-10-02 09:35:19.393424: I external/local_xla/xla/stream_executor/cuda/subprocess_compilation.cc:346] ptxas warning : Registers are spilled to local memory in function 'gemm_fusion_dot_1890', 6192 bytes spill stores, 6200 bytes spill loads

2026-10-02 09:35:19.433234: I external/local_xla/xla/stream_executor/cuda/subprocess_compilation.cc:346] ptxas warning : Registers are spilled to local memory in function 'gemm_fusion_dot_1898', 208 bytes spill stores, 208 bytes spill loads

2026-10-02 09:35:20.087778: I external/local_xla/xla/stream_executor/cuda/subprocess_compilation.cc:346] ptxas warning : Registers are spilled to local memory in function 'gemm_fusion_dot_1900', 6084 bytes spill stores, 6060 bytes spill loads

2026-10-02 09:35:20.094843: I external/local_xla/xla/stream_executor/cuda/subprocess_compilation.cc:346] ptxas warning : Registers are spilled to local memory in function 'gemm_fusion_dot_1915', 116 bytes spill stores, 116 bytes spill loads

2026-10-02 09:35:20.166712: I external/local_xla/xla/stream_executor/cuda/subprocess_compilation.cc:346] ptxas warning : Registers are spilled to local memory in function 'gemm_fusion_dot_1899', 116 bytes spill stores, 116 bytes spill loads

2026-10-02 09:35:20.283060: I external/local_xla/xla/stream_executor/cuda/subprocess_compilation.cc:346] ptxas warning : Registers are spilled to local memory in function 'gemm_fusion_dot_1760', 92 bytes spill stores, 92 bytes spill loads

2026-10-02 09:35:20.296082: I external/local_xla/xla/stream_executor/cuda/subprocess_compilation.cc:346] ptxas warning : Registers are spilled to local memory in function 'gemm_fusion_dot_1890', 96 bytes spill stores, 96 bytes spill loads

2026-10-02 09:35:20.496586: I external/local_xla/xla/stream_executor/cuda/subprocess_compilation.cc:346] ptxas warning : Registers are spilled to local memory in function 'gemm_fusion_dot_1906', 6368 bytes spill stores, 6376 bytes spill loads

2026-10-02 09:35:20.603571: I external/local_xla/xla/stream_executor/cuda/subprocess_compilation.cc:346] ptxas warning : Registers are spilled to local memory in function 'gemm_fusion_dot_1906', 152 bytes spill stores, 152 bytes spill loads

2026-10-02 09:35:20.752914: I external/local_xla/xla/stream_executor/cuda/subprocess_compilation.cc:346] ptxas warning : Registers are spilled to local memory in function 'gemm_fusion_dot_1915', 6084 bytes spill stores, 6060 bytes spill loads

2026-10-02 09:35:20.908627: I external/local_xla/xla/stream_executor/cuda/subprocess_compilation.cc:346] ptxas warning : Registers are spilled to local memory in function 'gemm_fusion_dot_1898', 5804 bytes spill stores, 5800 bytes spill loads

2026-10-02 09:35:20.990626: I external/local_xla/xla/stream_executor/cuda/subprocess_compilation.cc:346] ptxas warning : Registers are spilled to local memory in function 'gemm_fusion_dot_1914', 6084 bytes spill stores, 6060 bytes spill loads

2026-10-02 09:35:21.120046: I external/local_xla/xla/stream_executor/cuda/subprocess_compilation.cc:346] ptxas warning : Registers are spilled to local memory in function 'gemm_fusion_dot_1916', 6192 bytes spill stores, 6200 bytes spill loads

2026-10-02 09:35:21.206693: I external/local_xla/xla/stream_executor/cuda/subprocess_compilation.cc:346] ptxas warning : Registers are spilled to local memory in function 'gemm_fusion_dot_1897', 6368 bytes spill stores, 6356 bytes spill loads

2026-10-02 09:35:21.216024: I external/local_xla/xla/stream_executor/cuda/subprocess_compilation.cc:346] ptxas warning : Registers are spilled to local memory in function 'gemm_fusion_dot_1913', 6368 bytes spill stores, 6376 bytes spill loads

2026-10-02 09:35:47.494126: W tensorflow/compiler/tf2xla/kernels/assert_op.cc:39] Ignoring Assert operator assert_equal_1/Assert/AssertGuard/Assert
{"arm": "guarded_pairwise", "design_seed": 260301, "log_likelihood": -81.81232452392578, "score": [-143.58233642578125, 52.07194519042969, 38.652503967285156], "valid": true}
