.....................................................                    [100%]
=============================== warnings summary ===============================
../../../../../../../../anaconda3/envs/tfgpu/lib/python3.13/site-packages/tensorflow_probability/python/__init__.py:57
  /home/ubuntu/anaconda3/envs/tfgpu/lib/python3.13/site-packages/tensorflow_probability/python/__init__.py:57: DeprecationWarning: distutils Version classes are deprecated. Use packaging.version instead.
    if (distutils.version.LooseVersion(tf.__version__) <

../../../../../../../../anaconda3/envs/tfgpu/lib/python3.13/site-packages/tensorflow_probability/python/__init__.py:58
  /home/ubuntu/anaconda3/envs/tfgpu/lib/python3.13/site-packages/tensorflow_probability/python/__init__.py:58: DeprecationWarning: distutils Version classes are deprecated. Use packaging.version instead.
    distutils.version.LooseVersion(required_tensorflow_version)):

tests/inference_validation/test_posterior_policy_wiring.py: 19 warnings
  /home/ubuntu/anaconda3/envs/tfgpu/lib/python3.13/site-packages/gast/astn.py:23: DeprecationWarning: Constant.__init__ got an unexpected keyword argument '___pyct_anno'. Support for arbitrary keyword arguments is deprecated and will be removed in Python 3.15.
    new_node = cls(

tests/inference_validation/test_posterior_policy_wiring.py::test_public_stopped_fixed_policy_and_restart_identity
tests/inference_validation/test_posterior_policy_wiring.py::test_public_stopped_fixed_policy_and_restart_identity
tests/inference_validation/test_posterior_policy_wiring.py::test_public_stopped_fixed_policy_and_restart_identity
tests/inference_validation/test_posterior_policy_wiring.py::test_public_stopped_fixed_policy_and_restart_identity
tests/inference_validation/test_posterior_policy_wiring.py::test_public_stopped_fixed_policy_and_restart_identity
tests/inference_validation/test_posterior_policy_wiring.py::test_public_stopped_fixed_policy_and_restart_identity
tests/inference_validation/test_posterior_policy_wiring.py::test_public_stopped_fixed_policy_and_restart_identity
  /home/ubuntu/anaconda3/envs/tfgpu/lib/python3.13/site-packages/gast/astn.py:23: DeprecationWarning: Compare.__init__ got an unexpected keyword argument '___pyct_anno'. Support for arbitrary keyword arguments is deprecated and will be removed in Python 3.15.
    new_node = cls(

tests/inference_validation/test_posterior_policy_wiring.py: 85 warnings
  /home/ubuntu/anaconda3/envs/tfgpu/lib/python3.13/site-packages/gast/astn.py:23: DeprecationWarning: Attribute.__init__ got an unexpected keyword argument '___pyct_anno'. Support for arbitrary keyword arguments is deprecated and will be removed in Python 3.15.
    new_node = cls(

tests/inference_validation/test_posterior_policy_wiring.py::test_public_stopped_fixed_policy_and_restart_identity
  /home/ubuntu/anaconda3/envs/tfgpu/lib/python3.13/site-packages/gast/astn.py:23: DeprecationWarning: BinOp.__init__ got an unexpected keyword argument '___pyct_anno'. Support for arbitrary keyword arguments is deprecated and will be removed in Python 3.15.
    new_node = cls(

tests/inference_validation/test_posterior_policy_wiring.py: 53 warnings
  /home/ubuntu/anaconda3/envs/tfgpu/lib/python3.13/site-packages/gast/astn.py:23: DeprecationWarning: Call.__init__ got an unexpected keyword argument '___pyct_anno'. Support for arbitrary keyword arguments is deprecated and will be removed in Python 3.15.
    new_node = cls(

tests/inference_validation/test_posterior_policy_wiring.py: 15 warnings
  /home/ubuntu/anaconda3/envs/tfgpu/lib/python3.13/site-packages/gast/astn.py:23: DeprecationWarning: keyword.__init__ got an unexpected keyword argument '___pyct_anno'. Support for arbitrary keyword arguments is deprecated and will be removed in Python 3.15.
    new_node = cls(

tests/inference_validation/test_posterior_policy_wiring.py: 18 warnings
  /home/ubuntu/anaconda3/envs/tfgpu/lib/python3.13/site-packages/gast/astn.py:23: DeprecationWarning: FunctionDef.__init__ got an unexpected keyword argument '___pyct_anno'. Support for arbitrary keyword arguments is deprecated and will be removed in Python 3.15.
    new_node = cls(

tests/inference_validation/test_posterior_policy_wiring.py: 31 warnings
  /home/ubuntu/anaconda3/envs/tfgpu/lib/python3.13/site-packages/gast/astn.py:23: DeprecationWarning: Load.__init__ got an unexpected keyword argument '___pyct_anno'. Support for arbitrary keyword arguments is deprecated and will be removed in Python 3.15.
    new_node = cls(

tests/inference_validation/test_posterior_policy_wiring.py::test_public_stopped_fixed_policy_and_restart_identity
tests/inference_validation/test_posterior_policy_wiring.py::test_public_stopped_fixed_policy_and_restart_identity
tests/inference_validation/test_posterior_policy_wiring.py::test_public_stopped_fixed_policy_and_restart_identity
tests/inference_validation/test_posterior_policy_wiring.py::test_public_stopped_fixed_policy_and_restart_identity
tests/inference_validation/test_posterior_policy_wiring.py::test_public_stopped_fixed_policy_and_restart_identity
tests/inference_validation/test_posterior_policy_wiring.py::test_public_stopped_fixed_policy_and_restart_identity
tests/inference_validation/test_posterior_policy_wiring.py::test_public_stopped_fixed_policy_and_restart_identity
  /home/ubuntu/anaconda3/envs/tfgpu/lib/python3.13/site-packages/gast/astn.py:23: DeprecationWarning: Tuple.__init__ got an unexpected keyword argument '___pyct_anno'. Support for arbitrary keyword arguments is deprecated and will be removed in Python 3.15.
    new_node = cls(

tests/inference_validation/test_posterior_policy_wiring.py::test_public_stopped_fixed_policy_and_restart_identity
tests/inference_validation/test_posterior_policy_wiring.py::test_public_stopped_fixed_policy_and_restart_identity
tests/inference_validation/test_posterior_policy_wiring.py::test_public_stopped_fixed_policy_and_restart_identity
tests/inference_validation/test_posterior_policy_wiring.py::test_public_stopped_fixed_policy_and_restart_identity
tests/inference_validation/test_posterior_policy_wiring.py::test_public_stopped_fixed_policy_and_restart_identity
  /home/ubuntu/anaconda3/envs/tfgpu/lib/python3.13/site-packages/gast/astn.py:23: DeprecationWarning: Expr.__init__ got an unexpected keyword argument '___pyct_anno'. Support for arbitrary keyword arguments is deprecated and will be removed in Python 3.15.
    new_node = cls(

tests/inference_validation/test_posterior_policy_wiring.py::test_public_stopped_fixed_policy_and_restart_identity
  /home/ubuntu/anaconda3/envs/tfgpu/lib/python3.13/site-packages/gast/astn.py:23: DeprecationWarning: Eq.__init__ got an unexpected keyword argument '___pyct_anno'. Support for arbitrary keyword arguments is deprecated and will be removed in Python 3.15.
    new_node = cls(

tests/inference_validation/test_posterior_policy_wiring.py::test_public_stopped_fixed_policy_and_restart_identity
  /home/ubuntu/anaconda3/envs/tfgpu/lib/python3.13/site-packages/gast/astn.py:23: DeprecationWarning: Is.__init__ got an unexpected keyword argument '___pyct_anno'. Support for arbitrary keyword arguments is deprecated and will be removed in Python 3.15.
    new_node = cls(

tests/inference_validation/test_posterior_policy_wiring.py::test_public_stopped_fixed_policy_and_restart_identity
  /home/ubuntu/anaconda3/envs/tfgpu/lib/python3.13/site-packages/gast/astn.py:23: DeprecationWarning: IsNot.__init__ got an unexpected keyword argument '___pyct_anno'. Support for arbitrary keyword arguments is deprecated and will be removed in Python 3.15.
    new_node = cls(

tests/inference_validation/test_posterior_policy_wiring.py::test_public_stopped_fixed_policy_and_restart_identity
tests/inference_validation/test_posterior_policy_wiring.py::test_public_stopped_fixed_policy_and_restart_identity
  /home/ubuntu/anaconda3/envs/tfgpu/lib/python3.13/site-packages/gast/astn.py:23: DeprecationWarning: Dict.__init__ got an unexpected keyword argument '___pyct_anno'. Support for arbitrary keyword arguments is deprecated and will be removed in Python 3.15.
    new_node = cls(

tests/inference_validation/test_posterior_policy_wiring.py::test_public_stopped_fixed_policy_and_restart_identity
tests/inference_validation/test_posterior_policy_wiring.py::test_public_stopped_fixed_policy_and_restart_identity
  /home/ubuntu/anaconda3/envs/tfgpu/lib/python3.13/site-packages/gast/astn.py:23: DeprecationWarning: Try.__init__ got an unexpected keyword argument '___pyct_anno'. Support for arbitrary keyword arguments is deprecated and will be removed in Python 3.15.
    new_node = cls(

tests/inference_validation/test_posterior_policy_wiring.py::test_public_stopped_fixed_policy_and_restart_identity
tests/inference_validation/test_posterior_policy_wiring.py::test_public_stopped_fixed_policy_and_restart_identity
tests/inference_validation/test_posterior_policy_wiring.py::test_public_stopped_fixed_policy_and_restart_identity
  /home/ubuntu/anaconda3/envs/tfgpu/lib/python3.13/site-packages/gast/astn.py:23: DeprecationWarning: Subscript.__init__ got an unexpected keyword argument '___pyct_anno'. Support for arbitrary keyword arguments is deprecated and will be removed in Python 3.15.
    new_node = cls(

tests/inference_validation/test_posterior_policy_wiring.py::test_public_stopped_fixed_policy_and_restart_identity
  /home/ubuntu/anaconda3/envs/tfgpu/lib/python3.13/site-packages/gast/astn.py:23: DeprecationWarning: List.__init__ got an unexpected keyword argument '___pyct_anno'. Support for arbitrary keyword arguments is deprecated and will be removed in Python 3.15.
    new_node = cls(

tests/inference_validation/test_posterior_policy_wiring.py::test_public_stopped_fixed_policy_and_restart_identity
  /home/ubuntu/anaconda3/envs/tfgpu/lib/python3.13/site-packages/gast/astn.py:23: DeprecationWarning: alias.__init__ got an unexpected keyword argument '___pyct_anno'. Support for arbitrary keyword arguments is deprecated and will be removed in Python 3.15.
    new_node = cls(

tests/inference_validation/test_posterior_policy_wiring.py::test_public_stopped_fixed_policy_and_restart_identity
  /home/ubuntu/anaconda3/envs/tfgpu/lib/python3.13/site-packages/gast/astn.py:23: DeprecationWarning: Import.__init__ got an unexpected keyword argument '___pyct_anno'. Support for arbitrary keyword arguments is deprecated and will be removed in Python 3.15.
    new_node = cls(

-- Docs: https://docs.pytest.org/en/stable/how-to/capture-warnings.html
53 passed, 256 warnings in 126.20s (0:02:06)
