2026-09-15 04:34:52.696923: I tensorflow/core/platform/cpu_feature_guard.cc:210] This TensorFlow binary is optimized to use available CPU instructions in performance-critical operations.
To enable the following instructions: SSE4.1 SSE4.2 AVX AVX2 FMA, in other operations, rebuild TensorFlow with the appropriate compiler flags.
2026-09-15 04:34:55.193788: E external/local_xla/xla/stream_executor/cuda/cuda_platform.cc:51] failed call to cuInit: INTERNAL: CUDA error: Failed call to cuInit: CUDA_ERROR_NO_DEVICE: no CUDA-capable device is detected
2026-09-15 04:34:55.680070: I external/local_xla/xla/service/service.cc:163] XLA service 0x6054b47e8300 initialized for platform Host (this does not guarantee that XLA will be used). Devices:
2026-09-15 04:34:55.680152: I external/local_xla/xla/service/service.cc:171]   StreamExecutor device (0): Host, Default Version
2026-09-15 04:34:55.699694: I tensorflow/compiler/mlir/tensorflow/utils/dump_mlir_util.cc:269] disabling MLIR crash reproducer, set env var `MLIR_CRASH_REPRODUCER_DIRECTORY` to enable.
WARNING: All log messages before absl::InitializeLog() is called are written to STDERR
I0000 00:00:1789418096.382710       4 device_compiler.h:196] Compiled cluster using XLA!  This line is logged at most once for the lifetime of the process.
WARNING:tensorflow:5 out of the last 5 calls to <function ReusableFullChainHMCRunner._build_runner.<locals>.run_chain at 0x7e36b81fede0> triggered tf.function retracing. Tracing is expensive and the excessive number of tracings could be due to (1) creating @tf.function repeatedly in a loop, (2) passing tensors with different shapes, (3) passing Python objects instead of tensors. For (1), please define your @tf.function outside of the loop. For (2), @tf.function has reduce_retracing=True option that can avoid unnecessary retracing. For (3), please refer to https://www.tensorflow.org/guide/function#controlling_retracing and https://www.tensorflow.org/api_docs/python/tf/function for  more details.
WARNING:tensorflow:6 out of the last 6 calls to <function ReusableFullChainHMCRunner._build_runner.<locals>.run_chain at 0x7e36b81ffd80> triggered tf.function retracing. Tracing is expensive and the excessive number of tracings could be due to (1) creating @tf.function repeatedly in a loop, (2) passing tensors with different shapes, (3) passing Python objects instead of tensors. For (1), please define your @tf.function outside of the loop. For (2), @tf.function has reduce_retracing=True option that can avoid unnecessary retracing. For (3), please refer to https://www.tensorflow.org/guide/function#controlling_retracing and https://www.tensorflow.org/api_docs/python/tf/function for  more details.
2026-09-15 04:35:12.488086: W tensorflow/compiler/tf2xla/kernels/assert_op.cc:39] Ignoring Assert operator assert_positive/assert_less/Assert/AssertGuard/Assert
2026-09-15 04:35:12.505592: W tensorflow/compiler/tf2xla/kernels/assert_op.cc:39] Ignoring Assert operator assert_positive_1/assert_less/Assert/AssertGuard/Assert
2026-09-15 04:35:12.505777: W tensorflow/compiler/tf2xla/kernels/assert_op.cc:39] Ignoring Assert operator dual_averaging_step_size_adaptation___init__/_bootstrap_results/assert_equal_1/Assert/Assert
2026-09-15 04:35:12.512180: W tensorflow/compiler/tf2xla/kernels/assert_op.cc:39] Ignoring Assert operator dual_averaging_step_size_adaptation___init__/_bootstrap_results/assert_equal_3/Assert/AssertGuard/Assert
2026-09-15 04:35:12.555605: W tensorflow/compiler/tf2xla/kernels/assert_op.cc:39] Ignoring Assert operator while/dual_averaging_step_size_adaptation___init__/_one_step/assert_equal_1/Assert/Assert
2026-09-15 04:35:12.569187: W tensorflow/compiler/tf2xla/kernels/assert_op.cc:39] Ignoring Assert operator while/dual_averaging_step_size_adaptation___init__/_one_step/assert_equal_3/Assert/Assert
2026-09-15 04:35:12.569246: W tensorflow/compiler/tf2xla/kernels/assert_op.cc:39] Ignoring Assert operator while/dual_averaging_step_size_adaptation___init__/_one_step/assert_equal_5/Assert/Assert
2026-09-15 04:35:12.569279: W tensorflow/compiler/tf2xla/kernels/assert_op.cc:39] Ignoring Assert operator while/dual_averaging_step_size_adaptation___init__/_one_step/assert_equal_7/Assert/Assert
2026-09-15 04:35:12.572576: W tensorflow/compiler/tf2xla/kernels/assert_op.cc:39] Ignoring Assert operator while/dual_averaging_step_size_adaptation___init__/_one_step/assert_equal_9/Assert/Assert
2026-09-15 04:35:12.582828: W tensorflow/compiler/tf2xla/kernels/assert_op.cc:39] Ignoring Assert operator while/dual_averaging_step_size_adaptation___init__/_one_step/assert_equal_11/Assert/Assert
2026-09-15 04:35:12.587144: W tensorflow/compiler/tf2xla/kernels/assert_op.cc:39] Ignoring Assert operator while/dual_averaging_step_size_adaptation___init__/_one_step/assert_positive/assert_less/Assert/AssertGuard/Assert
2026-09-15 04:35:12.587444: W tensorflow/compiler/tf2xla/kernels/assert_op.cc:39] Ignoring Assert operator while/dual_averaging_step_size_adaptation___init__/_one_step/assert_equal_13/Assert/Assert
2026-09-15 04:35:12.587507: W tensorflow/compiler/tf2xla/kernels/assert_op.cc:39] Ignoring Assert operator while/dual_averaging_step_size_adaptation___init__/_one_step/assert_equal_15/Assert/Assert
2026-09-15 04:35:12.604680: W tensorflow/compiler/tf2xla/kernels/assert_op.cc:39] Ignoring Assert operator while/dual_averaging_step_size_adaptation___init__/_one_step/while/cond/assert_equal_1/Assert/Assert
2026-09-15 04:35:12.604742: W tensorflow/compiler/tf2xla/kernels/assert_op.cc:39] Ignoring Assert operator while/dual_averaging_step_size_adaptation___init__/_one_step/while/cond/assert_equal_3/Assert/Assert
2026-09-15 04:35:12.616644: W tensorflow/compiler/tf2xla/kernels/assert_op.cc:39] Ignoring Assert operator while/dual_averaging_step_size_adaptation___init__/_one_step/assert_equal_17/Assert/Assert
2026-09-15 04:35:12.616733: W tensorflow/compiler/tf2xla/kernels/assert_op.cc:39] Ignoring Assert operator while/dual_averaging_step_size_adaptation___init__/_one_step/assert_equal_19/Assert/Assert
2026-09-15 04:35:12.620756: W tensorflow/compiler/tf2xla/kernels/assert_op.cc:39] Ignoring Assert operator while/dual_averaging_step_size_adaptation___init__/_one_step/assert_equal_21/Assert/Assert
2026-09-15 04:35:12.625556: W tensorflow/compiler/tf2xla/kernels/assert_op.cc:39] Ignoring Assert operator while/dual_averaging_step_size_adaptation___init__/_one_step/assert_equal_23/Assert/AssertGuard/Assert
2026-09-15 04:35:12.632805: W tensorflow/compiler/tf2xla/kernels/assert_op.cc:39] Ignoring Assert operator while/dual_averaging_step_size_adaptation___init__/_one_step/assert_equal_25/Assert/Assert
{
  "passed": true,
  "mode": "cpu",
  "jit_compile": true,
  "completion": "complete",
  "verified_count": 4,
  "resumed_more_work": true,
  "samples_devices": [
    "/job:localhost/replica:0/task:0/device:CPU:0"
  ],
  "retained_device": "/job:localhost/replica:0/task:0/device:CPU:0",
  "position_pilot_transitions": 72,
  "runtime": {
    "device_type": "CPU",
    "memory_policy": {
      "schema": "bayesfilter.tensorflow.gpu_memory_policy.v1",
      "mode": "memory_growth",
      "physical_devices": [],
      "all_physical_devices_memory_growth": true,
      "full_device_preallocation_disabled": true,
      "memory_growth_is_hard_memory_cap": false,
      "logical_device_memory_limit_required_for_hard_cap": true,
      "configured_before_logical_device_initialization": true,
      "tf_force_gpu_allow_growth": "true"
    },
    "tf32_enabled": true,
    "cuda_visible_devices": "-1"
  },
  "posterior_convergence_authority": false,
  "wall_seconds_including_imports": 21.936808897997253
}
