
==================================== ERRORS ====================================
___________ ERROR collecting tests/test_hmc_tuning_policy_repair.py ____________
ImportError while importing test module '/tmp/bayesfilter-hmc-policy-baseline-20260915/tests/test_hmc_tuning_policy_repair.py'.
Hint: make sure your test modules/packages have valid Python names.
Traceback:
bayesfilter/ops/symmetric_sylvester_tf.py:15: in <module>
    _lib = tf.load_op_library(str(_LIB_PATH))
           ^^^^^^^^^^^^^^^^^^^^^^^^^^^^^^^^^^
/home/ubuntu/anaconda3/envs/tfgpu/lib/python3.13/site-packages/tensorflow/python/framework/load_library.py:54: in load_op_library
    lib_handle = py_tf.TF_LoadLibrary(library_filename)
                 ^^^^^^^^^^^^^^^^^^^^^^^^^^^^^^^^^^^^^^
E   tensorflow.python.framework.errors_impl.NotFoundError: /tmp/bayesfilter-hmc-policy-baseline-20260915/bayesfilter/ops/_symmetric_sylvester_ops.so: cannot open shared object file: No such file or directory

The above exception was the direct cause of the following exception:
/home/ubuntu/anaconda3/envs/tfgpu/lib/python3.13/importlib/__init__.py:88: in import_module
    return _bootstrap._gcd_import(name[level:], package, level)
           ^^^^^^^^^^^^^^^^^^^^^^^^^^^^^^^^^^^^^^^^^^^^^^^^^^^^
tests/test_hmc_tuning_policy_repair.py:18: in <module>
    from bayesfilter.inference import (
bayesfilter/__init__.py:13: in <module>
    from bayesfilter.ops import symmetric_principal_sqrt as _preloaded_principal_sqrt
bayesfilter/ops/__init__.py:5: in <module>
    from bayesfilter.ops.symmetric_sylvester_tf import (
bayesfilter/ops/symmetric_sylvester_tf.py:17: in <module>
    raise ImportError(
E   ImportError: Could not load BayesFilter symmetric Sylvester op at /tmp/bayesfilter-hmc-policy-baseline-20260915/bayesfilter/ops/_symmetric_sylvester_ops.so. Build it with the BayesFilter CMakeLists.txt before importing this module. Original error: /tmp/bayesfilter-hmc-policy-baseline-20260915/bayesfilter/ops/_symmetric_sylvester_ops.so: cannot open shared object file: No such file or directory
=========================== short test summary info ============================
ERROR tests/test_hmc_tuning_policy_repair.py
!!!!!!!!!!!!!!!!!!!! Interrupted: 1 error during collection !!!!!!!!!!!!!!!!!!!!
1 error in 1.94s
