.............................FFFF...........                             [100%]
=================================== FAILURES ===================================
_ test_position_field_warmup_health_and_mixed_receipts_survive_restart[state] __
tests/test_hmc_consistency_gap_repair.py:302: in test_position_field_warmup_health_and_mixed_receipts_survive_restart
    tune_hmc_kernel(adapter=_Adapter(), initial_position=tf.zeros([4, 2], tf.float64),
bayesfilter/inference/hmc_tuning_dispatch.py:117: in tune_hmc_kernel
    return run_shared_position_field_tuning(
bayesfilter/inference/hmc_candidate_set_position_field.py:186: in run_shared_position_field_tuning
    policy = HMCAcceptancePolicy(target=config.target_accept_prob,
<string>:15: in __init__
    ???
bayesfilter/inference/hmc_verification.py:537: in __post_init__
    raise ValueError("practical_region must be ordered inside (0, 1)")
E   ValueError: practical_region must be ordered inside (0, 1)
_ test_position_field_warmup_health_and_mixed_receipts_survive_restart[log_accept_ratio] _
tests/test_hmc_consistency_gap_repair.py:302: in test_position_field_warmup_health_and_mixed_receipts_survive_restart
    tune_hmc_kernel(adapter=_Adapter(), initial_position=tf.zeros([4, 2], tf.float64),
bayesfilter/inference/hmc_tuning_dispatch.py:117: in tune_hmc_kernel
    return run_shared_position_field_tuning(
bayesfilter/inference/hmc_candidate_set_position_field.py:186: in run_shared_position_field_tuning
    policy = HMCAcceptancePolicy(target=config.target_accept_prob,
<string>:15: in __init__
    ???
bayesfilter/inference/hmc_verification.py:537: in __post_init__
    raise ValueError("practical_region must be ordered inside (0, 1)")
E   ValueError: practical_region must be ordered inside (0, 1)
_ test_position_field_warmup_health_and_mixed_receipts_survive_restart[delta_h] _
tests/test_hmc_consistency_gap_repair.py:302: in test_position_field_warmup_health_and_mixed_receipts_survive_restart
    tune_hmc_kernel(adapter=_Adapter(), initial_position=tf.zeros([4, 2], tf.float64),
bayesfilter/inference/hmc_tuning_dispatch.py:117: in tune_hmc_kernel
    return run_shared_position_field_tuning(
bayesfilter/inference/hmc_candidate_set_position_field.py:186: in run_shared_position_field_tuning
    policy = HMCAcceptancePolicy(target=config.target_accept_prob,
<string>:15: in __init__
    ???
bayesfilter/inference/hmc_verification.py:537: in __post_init__
    raise ValueError("practical_region must be ordered inside (0, 1)")
E   ValueError: practical_region must be ordered inside (0, 1)
_ test_position_field_warmup_health_and_mixed_receipts_survive_restart[divergence] _
tests/test_hmc_consistency_gap_repair.py:302: in test_position_field_warmup_health_and_mixed_receipts_survive_restart
    tune_hmc_kernel(adapter=_Adapter(), initial_position=tf.zeros([4, 2], tf.float64),
bayesfilter/inference/hmc_tuning_dispatch.py:117: in tune_hmc_kernel
    return run_shared_position_field_tuning(
bayesfilter/inference/hmc_candidate_set_position_field.py:186: in run_shared_position_field_tuning
    policy = HMCAcceptancePolicy(target=config.target_accept_prob,
<string>:15: in __init__
    ???
bayesfilter/inference/hmc_verification.py:537: in __post_init__
    raise ValueError("practical_region must be ordered inside (0, 1)")
E   ValueError: practical_region must be ordered inside (0, 1)
=========================== short test summary info ============================
FAILED tests/test_hmc_consistency_gap_repair.py::test_position_field_warmup_health_and_mixed_receipts_survive_restart[state]
FAILED tests/test_hmc_consistency_gap_repair.py::test_position_field_warmup_health_and_mixed_receipts_survive_restart[log_accept_ratio]
FAILED tests/test_hmc_consistency_gap_repair.py::test_position_field_warmup_health_and_mixed_receipts_survive_restart[delta_h]
FAILED tests/test_hmc_consistency_gap_repair.py::test_position_field_warmup_health_and_mixed_receipts_survive_restart[divergence]
4 failed, 40 passed, 351 warnings in 26.21s
