.FFFF                                                                    [100%]
=================================== FAILURES ===================================
_ test_position_field_warmup_health_and_mixed_receipts_survive_restart[state] __
tests/test_hmc_consistency_gap_repair.py:337: in test_position_field_warmup_health_and_mixed_receipts_survive_restart
    resumed = resume_position_field_candidate_tuning(tmp_path / "controller_checkpoint.json",
bayesfilter/inference/hmc_candidate_set_position_field.py:297: in resume_position_field_candidate_tuning
    return run_typed_hmc_candidate_set(typed, controller.config, output_dir=path.parent,
bayesfilter/inference/hmc_candidate_set_adapters.py:213: in run_typed_hmc_candidate_set
    raise FileExistsError(root / "candidate_set_result.json")
E   FileExistsError: /tmp/pytest-of-ubuntu/pytest-242/test_position_field_warmup_hea0/candidate_set_result.json
----------------------------- Captured stderr call -----------------------------
WARNING: All log messages before absl::InitializeLog() is called are written to STDERR
W0000 00:00:1789416466.765729       3 loop_optimizer.cc:934] Skipping loop optimization for Merge node with control input: assert_positive_1/assert_less/Assert/AssertGuard/branch_executed/_17
_ test_position_field_warmup_health_and_mixed_receipts_survive_restart[log_accept_ratio] _
tests/test_hmc_consistency_gap_repair.py:337: in test_position_field_warmup_health_and_mixed_receipts_survive_restart
    resumed = resume_position_field_candidate_tuning(tmp_path / "controller_checkpoint.json",
bayesfilter/inference/hmc_candidate_set_position_field.py:297: in resume_position_field_candidate_tuning
    return run_typed_hmc_candidate_set(typed, controller.config, output_dir=path.parent,
bayesfilter/inference/hmc_candidate_set_adapters.py:213: in run_typed_hmc_candidate_set
    raise FileExistsError(root / "candidate_set_result.json")
E   FileExistsError: /tmp/pytest-of-ubuntu/pytest-242/test_position_field_warmup_hea1/candidate_set_result.json
----------------------------- Captured stderr call -----------------------------
W0000 00:00:1789416468.172072       3 loop_optimizer.cc:934] Skipping loop optimization for Merge node with control input: assert_positive_1/assert_less/Assert/AssertGuard/branch_executed/_17
_ test_position_field_warmup_health_and_mixed_receipts_survive_restart[delta_h] _
tests/test_hmc_consistency_gap_repair.py:337: in test_position_field_warmup_health_and_mixed_receipts_survive_restart
    resumed = resume_position_field_candidate_tuning(tmp_path / "controller_checkpoint.json",
bayesfilter/inference/hmc_candidate_set_position_field.py:297: in resume_position_field_candidate_tuning
    return run_typed_hmc_candidate_set(typed, controller.config, output_dir=path.parent,
bayesfilter/inference/hmc_candidate_set_adapters.py:213: in run_typed_hmc_candidate_set
    raise FileExistsError(root / "candidate_set_result.json")
E   FileExistsError: /tmp/pytest-of-ubuntu/pytest-242/test_position_field_warmup_hea2/candidate_set_result.json
----------------------------- Captured stderr call -----------------------------
W0000 00:00:1789416469.164365       3 loop_optimizer.cc:934] Skipping loop optimization for Merge node with control input: assert_positive_1/assert_less/Assert/AssertGuard/branch_executed/_17
_ test_position_field_warmup_health_and_mixed_receipts_survive_restart[divergence] _
tests/test_hmc_consistency_gap_repair.py:337: in test_position_field_warmup_health_and_mixed_receipts_survive_restart
    resumed = resume_position_field_candidate_tuning(tmp_path / "controller_checkpoint.json",
bayesfilter/inference/hmc_candidate_set_position_field.py:297: in resume_position_field_candidate_tuning
    return run_typed_hmc_candidate_set(typed, controller.config, output_dir=path.parent,
bayesfilter/inference/hmc_candidate_set_adapters.py:213: in run_typed_hmc_candidate_set
    raise FileExistsError(root / "candidate_set_result.json")
E   FileExistsError: /tmp/pytest-of-ubuntu/pytest-242/test_position_field_warmup_hea3/candidate_set_result.json
----------------------------- Captured stderr call -----------------------------
W0000 00:00:1789416470.146097       3 loop_optimizer.cc:934] Skipping loop optimization for Merge node with control input: assert_positive_1/assert_less/Assert/AssertGuard/branch_executed/_17
=========================== short test summary info ============================
FAILED tests/test_hmc_consistency_gap_repair.py::test_position_field_warmup_health_and_mixed_receipts_survive_restart[state]
FAILED tests/test_hmc_consistency_gap_repair.py::test_position_field_warmup_health_and_mixed_receipts_survive_restart[log_accept_ratio]
FAILED tests/test_hmc_consistency_gap_repair.py::test_position_field_warmup_health_and_mixed_receipts_survive_restart[delta_h]
FAILED tests/test_hmc_consistency_gap_repair.py::test_position_field_warmup_health_and_mixed_receipts_survive_restart[divergence]
4 failed, 1 passed, 32 deselected, 351 warnings in 12.38s
