
==================================== ERRORS ====================================
______ ERROR collecting tests/test_hmc_posterior_diagnostic_reference.py _______
ImportError while importing test module '/home/ubuntu/python/BayesFilter/docs/plans/artifacts/hmc-remaining-gaps-2026-09-24/a-r1/source-r1/tests/test_hmc_posterior_diagnostic_reference.py'.
Hint: make sure your test modules/packages have valid Python names.
Traceback:
bayesfilter/ops/symmetric_sylvester_tf.py:15: in <module>
    _lib = tf.load_op_library(str(_LIB_PATH))
           ^^^^^^^^^^^^^^^^^^^^^^^^^^^^^^^^^^
/home/ubuntu/anaconda3/envs/tfgpu/lib/python3.13/site-packages/tensorflow/python/framework/load_library.py:54: in load_op_library
    lib_handle = py_tf.TF_LoadLibrary(library_filename)
                 ^^^^^^^^^^^^^^^^^^^^^^^^^^^^^^^^^^^^^^
E   tensorflow.python.framework.errors_impl.NotFoundError: /home/ubuntu/python/BayesFilter/docs/plans/artifacts/hmc-remaining-gaps-2026-09-24/a-r1/source-r1/bayesfilter/ops/_symmetric_sylvester_ops.so: cannot open shared object file: No such file or directory

The above exception was the direct cause of the following exception:
/home/ubuntu/anaconda3/envs/tfgpu/lib/python3.13/importlib/__init__.py:88: in import_module
    return _bootstrap._gcd_import(name[level:], package, level)
           ^^^^^^^^^^^^^^^^^^^^^^^^^^^^^^^^^^^^^^^^^^^^^^^^^^^^
tests/test_hmc_posterior_diagnostic_reference.py:8: in <module>
    from bayesfilter.inference import hmc_posterior_diagnostics as native
bayesfilter/__init__.py:13: in <module>
    from bayesfilter.ops import symmetric_principal_sqrt as _preloaded_principal_sqrt
bayesfilter/ops/__init__.py:5: in <module>
    from bayesfilter.ops.symmetric_sylvester_tf import (
bayesfilter/ops/symmetric_sylvester_tf.py:17: in <module>
    raise ImportError(
E   ImportError: Could not load BayesFilter symmetric Sylvester op at /home/ubuntu/python/BayesFilter/docs/plans/artifacts/hmc-remaining-gaps-2026-09-24/a-r1/source-r1/bayesfilter/ops/_symmetric_sylvester_ops.so. Build it with the BayesFilter CMakeLists.txt before importing this module. Original error: /home/ubuntu/python/BayesFilter/docs/plans/artifacts/hmc-remaining-gaps-2026-09-24/a-r1/source-r1/bayesfilter/ops/_symmetric_sylvester_ops.so: cannot open shared object file: No such file or directory
=============================== warnings summary ===============================
../../reference-env/lib/python3.13/site-packages/matplotlib/_fontconfig_pattern.py:64
  /home/ubuntu/python/BayesFilter/docs/plans/artifacts/hmc-remaining-gaps-2026-09-24/reference-env/lib/python3.13/site-packages/matplotlib/_fontconfig_pattern.py:64: PyparsingDeprecationWarning: 'oneOf' deprecated - use 'one_of'
    prop = Group((name + Suppress("=") + comma_separated(value)) | oneOf(_CONSTANTS))

../../reference-env/lib/python3.13/site-packages/matplotlib/_fontconfig_pattern.py:85
../../reference-env/lib/python3.13/site-packages/matplotlib/_fontconfig_pattern.py:85
../../reference-env/lib/python3.13/site-packages/matplotlib/_fontconfig_pattern.py:85
../../reference-env/lib/python3.13/site-packages/matplotlib/_fontconfig_pattern.py:85
../../reference-env/lib/python3.13/site-packages/matplotlib/_fontconfig_pattern.py:85
../../reference-env/lib/python3.13/site-packages/matplotlib/_fontconfig_pattern.py:85
  /home/ubuntu/python/BayesFilter/docs/plans/artifacts/hmc-remaining-gaps-2026-09-24/reference-env/lib/python3.13/site-packages/matplotlib/_fontconfig_pattern.py:85: PyparsingDeprecationWarning: 'parseString' deprecated - use 'parse_string'
    parse = parser.parseString(pattern)

../../reference-env/lib/python3.13/site-packages/matplotlib/_fontconfig_pattern.py:89
../../reference-env/lib/python3.13/site-packages/matplotlib/_fontconfig_pattern.py:89
../../reference-env/lib/python3.13/site-packages/matplotlib/_fontconfig_pattern.py:89
../../reference-env/lib/python3.13/site-packages/matplotlib/_fontconfig_pattern.py:89
../../reference-env/lib/python3.13/site-packages/matplotlib/_fontconfig_pattern.py:89
../../reference-env/lib/python3.13/site-packages/matplotlib/_fontconfig_pattern.py:89
  /home/ubuntu/python/BayesFilter/docs/plans/artifacts/hmc-remaining-gaps-2026-09-24/reference-env/lib/python3.13/site-packages/matplotlib/_fontconfig_pattern.py:89: PyparsingDeprecationWarning: 'resetCache' deprecated - use 'reset_cache'
    parser.resetCache()

../../reference-env/lib/python3.13/site-packages/matplotlib/_mathtext.py:45
  /home/ubuntu/python/BayesFilter/docs/plans/artifacts/hmc-remaining-gaps-2026-09-24/reference-env/lib/python3.13/site-packages/matplotlib/_mathtext.py:45: PyparsingDeprecationWarning: 'enablePackrat' deprecated - use 'enable_packrat'
    ParserElement.enablePackrat()

-- Docs: https://docs.pytest.org/en/stable/how-to/capture-warnings.html
=========================== short test summary info ============================
ERROR tests/test_hmc_posterior_diagnostic_reference.py
!!!!!!!!!!!!!!!!!!!! Interrupted: 1 error during collection !!!!!!!!!!!!!!!!!!!!
14 warnings, 1 error in 4.29s
