WARNING: All log messages before absl::InitializeLog() is called are written to STDERR
I0000 00:00:1790612174.992215 1310075 cuda_dnn.cc:8703] Unable to register cuDNN factory: Attempting to register factory for plugin cuDNN when one has already been registered
I0000 00:00:1790612174.994840 1310075 cuda_blas.cc:1413] Unable to register cuBLAS factory: Attempting to register factory for plugin cuBLAS when one has already been registered
W0000 00:00:1790612175.001892 1310075 computation_placer.cc:177] computation placer already registered. Please check linkage and avoid linking the same target more than once.
W0000 00:00:1790612175.001935 1310075 computation_placer.cc:177] computation placer already registered. Please check linkage and avoid linking the same target more than once.
W0000 00:00:1790612175.001941 1310075 computation_placer.cc:177] computation placer already registered. Please check linkage and avoid linking the same target more than once.
W0000 00:00:1790612175.001943 1310075 computation_placer.cc:177] computation placer already registered. Please check linkage and avoid linking the same target more than once.
I0000 00:00:1790612176.523481 1310075 gpu_device.cc:2018] Created device /job:localhost/replica:0/task:0/device:GPU:0 with 13495 MB memory:  -> device: 0, name: NVIDIA GeForce RTX 4080 SUPER, pci bus id: 0000:09:00.0, compute capability: 8.9
WARNING: All log messages before absl::InitializeLog() is called are written to STDERR
I0000 00:00:1790612179.541174 1310172 cuda_solvers.cc:175] Creating GpuSolver handles for stream 0x577425c2d200
I0000 00:00:1790612184.350975 1310075 cuda_dnn.cc:529] Loaded cuDNN version 92000
I0000 00:00:1790612186.915547 1310075 device_compiler.h:196] Compiled cluster using XLA!  This line is logged at most once for the lifetime of the process.
{"route": "iid_dual_cap", "value": -3.460484981487717, "score": [-0.0915675812211354, -0.20669642230405863], "graph_xla_max_error": 2.942091015256665e-15, "finite_difference": [-0.09156758125072882, -0.2066964222668943], "finite_difference_max_error": 3.7164327171268496e-11}
{"route": "previous_inverse_cdf", "value": -3.490938392770452, "score": [-0.07532912613182197, -0.1387274053699278], "graph_xla_max_error": 1.942890293094024e-15, "finite_difference": [-0.07532912609242715, -0.13872740536324812], "finite_difference_max_error": 3.939482073889167e-11}
WARNING:tensorflow:5 out of the last 13 calls to <function _kernel.<locals>.compute at 0x7bf89fb5ee80> triggered tf.function retracing. Tracing is expensive and the excessive number of tracings could be due to (1) creating @tf.function repeatedly in a loop, (2) passing tensors with different shapes, (3) passing Python objects instead of tensors. For (1), please define your @tf.function outside of the loop. For (2), @tf.function has reduce_retracing=True option that can avoid unnecessary retracing. For (3), please refer to https://www.tensorflow.org/guide/function#controlling_retracing and https://www.tensorflow.org/api_docs/python/tf/function for  more details.
{"route": "repaired_permutation", "value": -3.490938392770452, "score": [-0.07532912613182197, -0.1387274053699278], "graph_xla_max_error": 1.942890293094024e-15, "finite_difference": [-0.07532912609242715, -0.13872740536324812], "finite_difference_max_error": 3.939482073889167e-11}
WARNING:tensorflow:5 out of the last 13 calls to <function _kernel.<locals>.compute at 0x7bf87efafce0> triggered tf.function retracing. Tracing is expensive and the excessive number of tracings could be due to (1) creating @tf.function repeatedly in a loop, (2) passing tensors with different shapes, (3) passing Python objects instead of tensors. For (1), please define your @tf.function outside of the loop. For (2), @tf.function has reduce_retracing=True option that can avoid unnecessary retracing. For (3), please refer to https://www.tensorflow.org/guide/function#controlling_retracing and https://www.tensorflow.org/api_docs/python/tf/function for  more details.
{"route": "repaired_permutation_ablation", "value": -3.491319306699014, "score": [-0.07555845746572712, -0.13854360468422525], "graph_xla_max_error": 1.582067810090848e-15, "finite_difference": [-0.0755584574241297, -0.13854360467746574], "finite_difference_max_error": 4.159741995302113e-11}
{"route": "iid_dual_cap", "particle_count": 1008, "valid": true, "value": -3.5446134488164294, "score": [-0.08171776450058349, -0.19874585989545934]}
{"route": "previous_inverse_cdf", "particle_count": 1008, "valid": true, "value": -3.5395427621737694, "score": [-0.07965013764816307, -0.2198996126873641]}
{"route": "repaired_permutation", "particle_count": 1008, "valid": true, "value": -3.5397514059276993, "score": [-0.07977151830074479, -0.21944818433656674]}
{"route": "repaired_permutation_ablation", "particle_count": 1008, "valid": true, "value": -3.5398282734279674, "score": [-0.0796931891140526, -0.21942137415320978]}
