WARNING: All log messages before absl::InitializeLog() is called are written to STDERR
I0000 00:00:1790612494.961795 1316779 cuda_dnn.cc:8703] Unable to register cuDNN factory: Attempting to register factory for plugin cuDNN when one has already been registered
I0000 00:00:1790612494.964586 1316779 cuda_blas.cc:1413] Unable to register cuBLAS factory: Attempting to register factory for plugin cuBLAS when one has already been registered
W0000 00:00:1790612494.972151 1316779 computation_placer.cc:177] computation placer already registered. Please check linkage and avoid linking the same target more than once.
W0000 00:00:1790612494.972201 1316779 computation_placer.cc:177] computation placer already registered. Please check linkage and avoid linking the same target more than once.
W0000 00:00:1790612494.972208 1316779 computation_placer.cc:177] computation placer already registered. Please check linkage and avoid linking the same target more than once.
W0000 00:00:1790612494.972209 1316779 computation_placer.cc:177] computation placer already registered. Please check linkage and avoid linking the same target more than once.
I0000 00:00:1790612496.639755 1316779 gpu_device.cc:2018] Created device /job:localhost/replica:0/task:0/device:GPU:0 with 13495 MB memory:  -> device: 0, name: NVIDIA GeForce RTX 4080 SUPER, pci bus id: 0000:09:00.0, compute capability: 8.9
I0000 00:00:1790612497.441139 1316779 cuda_dnn.cc:529] Loaded cuDNN version 92000
WARNING: All log messages before absl::InitializeLog() is called are written to STDERR
I0000 00:00:1790612497.985803 1316779 device_compiler.h:196] Compiled cluster using XLA!  This line is logged at most once for the lifetime of the process.
{"stage": "transport_calibration", "flow_substeps": 8, "seed": 211001, "valid": false, "nomination_pass": false, "epsilon": 0.4, "maximum_column_tv": 0.0030508435992897915, "wall_seconds": 8.226319816953037}
{"stage": "transport_calibration", "flow_substeps": 8, "seed": 211002, "valid": false, "nomination_pass": false, "epsilon": 0.4, "maximum_column_tv": 0.008328614544689972, "wall_seconds": 0.1000248430063948}
{"stage": "transport_calibration", "flow_substeps": 8, "seed": 211001, "valid": true, "nomination_pass": false, "epsilon": 1.6, "maximum_column_tv": 5.567031348781622e-05, "wall_seconds": 0.08590413100318983}
{"stage": "transport_calibration", "flow_substeps": 8, "seed": 211002, "valid": true, "nomination_pass": false, "epsilon": 1.6, "maximum_column_tv": 6.63353824576051e-05, "wall_seconds": 0.08427521999692544}
{"stage": "transport_calibration", "flow_substeps": 8, "seed": 211001, "valid": true, "nomination_pass": false, "epsilon": 6.4, "maximum_column_tv": 8.97117123842335e-06, "wall_seconds": 0.0829971720231697}
{"stage": "transport_calibration", "flow_substeps": 8, "seed": 211002, "valid": true, "nomination_pass": false, "epsilon": 6.4, "maximum_column_tv": 9.051561113544761e-06, "wall_seconds": 0.0830517650465481}
{"stage": "transport_calibration", "flow_substeps": 8, "seed": 211001, "valid": true, "nomination_pass": false, "epsilon": 25.6, "maximum_column_tv": 1.9709948247847232e-06, "wall_seconds": 0.08568541600834578}
{"stage": "transport_calibration", "flow_substeps": 8, "seed": 211002, "valid": true, "nomination_pass": false, "epsilon": 25.6, "maximum_column_tv": 2.0118685538587965e-06, "wall_seconds": 0.0835266409558244}
{"stage": "transport_calibration", "flow_substeps": 8, "seed": 211001, "valid": true, "nomination_pass": true, "epsilon": 102.4, "maximum_column_tv": 4.835281305238368e-07, "wall_seconds": 0.08311666699592024}
{"stage": "transport_calibration", "flow_substeps": 8, "seed": 211002, "valid": true, "nomination_pass": true, "epsilon": 102.4, "maximum_column_tv": 4.944777241385282e-07, "wall_seconds": 0.08271233004052192}
{"stage": "calibration", "route": "repaired_permutation", "horizon": 10, "seed": 211001, "valid": true, "error": 0.06276077420053654}
{"stage": "calibration", "route": "repaired_permutation", "horizon": 10, "seed": 211002, "valid": true, "error": 0.29650006723916966}
{"stage": "calibration", "route": "repaired_permutation", "horizon": 10, "seed": 211001, "valid": true, "error": 0.059518170943700995}
{"stage": "calibration", "route": "repaired_permutation", "horizon": 10, "seed": 211002, "valid": true, "error": 0.30439185653034345}
{"stage": "validation", "route": "repaired_permutation", "horizon": 10, "seed": 212001, "valid": true, "error": 0.12315121885146328}
{"stage": "safety_sensitivity", "route": "repaired_permutation", "horizon": 10, "seed": 211001, "valid": true, "error": 0.06276078691664683}
{"stage": "safety_sensitivity", "route": "repaired_permutation", "horizon": 10, "seed": 211001, "valid": true, "error": 0.06279480385373913}
WARNING:tensorflow:5 out of the last 9 calls to <function _kernel.<locals>.compute at 0x7f7fa6dde8e0> triggered tf.function retracing. Tracing is expensive and the excessive number of tracings could be due to (1) creating @tf.function repeatedly in a loop, (2) passing tensors with different shapes, (3) passing Python objects instead of tensors. For (1), please define your @tf.function outside of the loop. For (2), @tf.function has reduce_retracing=True option that can avoid unnecessary retracing. For (3), please refer to https://www.tensorflow.org/guide/function#controlling_retracing and https://www.tensorflow.org/api_docs/python/tf/function for  more details.
{"stage": "safety_sensitivity", "route": "repaired_permutation", "horizon": 10, "seed": 211001, "valid": true, "error": 0.06233014942696516}
WARNING:tensorflow:6 out of the last 10 calls to <function _kernel.<locals>.compute at 0x7f7fa62a2480> triggered tf.function retracing. Tracing is expensive and the excessive number of tracings could be due to (1) creating @tf.function repeatedly in a loop, (2) passing tensors with different shapes, (3) passing Python objects instead of tensors. For (1), please define your @tf.function outside of the loop. For (2), @tf.function has reduce_retracing=True option that can avoid unnecessary retracing. For (3), please refer to https://www.tensorflow.org/guide/function#controlling_retracing and https://www.tensorflow.org/api_docs/python/tf/function for  more details.
{"stage": "safety_sensitivity", "route": "repaired_permutation", "horizon": 10, "seed": 211001, "valid": true, "error": 0.0631297915141657}
{"stage": "safety_sensitivity", "route": "repaired_permutation", "horizon": 10, "seed": 211001, "valid": true, "error": 0.07241304808285669}
{"stage": "safety_sensitivity", "route": "repaired_permutation", "horizon": 10, "seed": 211001, "valid": true, "error": 0.048291978192858964}
{"stage": "final", "route": "repaired_permutation", "horizon": 10, "seed": 214001, "valid": true, "error": 0.0663137842260686}
{"stage": "final", "route": "repaired_permutation", "horizon": 10, "seed": 214002, "valid": true, "error": 0.09752199544264818}
{"stage": "final", "route": "repaired_permutation", "horizon": 10, "seed": 214003, "valid": true, "error": 0.159319145511955}
{"stage": "final", "route": "repaired_permutation", "horizon": 10, "seed": 214004, "valid": true, "error": 0.42676708477768305}
{"stage": "final", "route": "repaired_permutation", "horizon": 10, "seed": 214005, "valid": true, "error": 0.21001862500878057}
{"stage": "final", "route": "repaired_permutation", "horizon": 10, "seed": 214006, "valid": true, "error": 0.04193601861378002}
{"stage": "final", "route": "repaired_permutation", "horizon": 10, "seed": 214007, "valid": true, "error": 0.12094746397773562}
{"stage": "final", "route": "repaired_permutation", "horizon": 10, "seed": 214008, "valid": true, "error": 0.1859585977518881}
