WARNING: All log messages before absl::InitializeLog() is called are written to STDERR
I0000 00:00:1790612592.592995 1319492 cuda_dnn.cc:8703] Unable to register cuDNN factory: Attempting to register factory for plugin cuDNN when one has already been registered
I0000 00:00:1790612592.595779 1319492 cuda_blas.cc:1413] Unable to register cuBLAS factory: Attempting to register factory for plugin cuBLAS when one has already been registered
W0000 00:00:1790612592.602991 1319492 computation_placer.cc:177] computation placer already registered. Please check linkage and avoid linking the same target more than once.
W0000 00:00:1790612592.603054 1319492 computation_placer.cc:177] computation placer already registered. Please check linkage and avoid linking the same target more than once.
W0000 00:00:1790612592.603087 1319492 computation_placer.cc:177] computation placer already registered. Please check linkage and avoid linking the same target more than once.
W0000 00:00:1790612592.603093 1319492 computation_placer.cc:177] computation placer already registered. Please check linkage and avoid linking the same target more than once.
I0000 00:00:1790612594.416814 1319492 gpu_device.cc:2018] Created device /job:localhost/replica:0/task:0/device:GPU:0 with 13495 MB memory:  -> device: 0, name: NVIDIA GeForce RTX 4080 SUPER, pci bus id: 0000:09:00.0, compute capability: 8.9
I0000 00:00:1790612595.199669 1319492 cuda_dnn.cc:529] Loaded cuDNN version 92000
WARNING: All log messages before absl::InitializeLog() is called are written to STDERR
I0000 00:00:1790612595.757806 1319492 device_compiler.h:196] Compiled cluster using XLA!  This line is logged at most once for the lifetime of the process.
{"stage": "transport_calibration", "flow_substeps": 8, "seed": 211001, "valid": false, "nomination_pass": false, "epsilon": 0.4, "maximum_column_tv": 0.003058611192443187, "wall_seconds": 8.658609086996876}
{"stage": "transport_calibration", "flow_substeps": 8, "seed": 211002, "valid": false, "nomination_pass": false, "epsilon": 0.4, "maximum_column_tv": 0.008288081785743227, "wall_seconds": 0.15205599804176018}
{"stage": "transport_calibration", "flow_substeps": 8, "seed": 211001, "valid": true, "nomination_pass": false, "epsilon": 1.6, "maximum_column_tv": 5.5662538491124145e-05, "wall_seconds": 0.08929909899597988}
{"stage": "transport_calibration", "flow_substeps": 8, "seed": 211002, "valid": true, "nomination_pass": false, "epsilon": 1.6, "maximum_column_tv": 6.621441845113e-05, "wall_seconds": 0.08922364498721436}
{"stage": "transport_calibration", "flow_substeps": 8, "seed": 211001, "valid": true, "nomination_pass": false, "epsilon": 6.4, "maximum_column_tv": 8.972873368299434e-06, "wall_seconds": 0.08856432500761002}
{"stage": "transport_calibration", "flow_substeps": 8, "seed": 211002, "valid": true, "nomination_pass": false, "epsilon": 6.4, "maximum_column_tv": 9.049383732821712e-06, "wall_seconds": 0.09254877897910774}
{"stage": "transport_calibration", "flow_substeps": 8, "seed": 211001, "valid": true, "nomination_pass": false, "epsilon": 25.6, "maximum_column_tv": 1.970291794547022e-06, "wall_seconds": 0.10913518397137523}
{"stage": "transport_calibration", "flow_substeps": 8, "seed": 211002, "valid": true, "nomination_pass": false, "epsilon": 25.6, "maximum_column_tv": 2.011248742558196e-06, "wall_seconds": 0.10619108699029312}
{"stage": "transport_calibration", "flow_substeps": 8, "seed": 211001, "valid": true, "nomination_pass": true, "epsilon": 102.4, "maximum_column_tv": 4.834291787602208e-07, "wall_seconds": 0.10678400797769427}
{"stage": "transport_calibration", "flow_substeps": 8, "seed": 211002, "valid": true, "nomination_pass": true, "epsilon": 102.4, "maximum_column_tv": 4.944041390625328e-07, "wall_seconds": 0.08682875102385879}
{"stage": "calibration", "route": "repaired_permutation_ablation", "horizon": 10, "seed": 211001, "valid": true, "error": 0.06160627228356627}
{"stage": "calibration", "route": "repaired_permutation_ablation", "horizon": 10, "seed": 211002, "valid": true, "error": 0.3000096025102238}
{"stage": "calibration", "route": "repaired_permutation_ablation", "horizon": 10, "seed": 211001, "valid": true, "error": 0.058799303249423826}
{"stage": "calibration", "route": "repaired_permutation_ablation", "horizon": 10, "seed": 211002, "valid": true, "error": 0.3065959280629338}
{"stage": "validation", "route": "repaired_permutation_ablation", "horizon": 10, "seed": 212001, "valid": true, "error": 0.11928165724014501}
{"stage": "safety_sensitivity", "route": "repaired_permutation_ablation", "horizon": 10, "seed": 211001, "valid": true, "error": 0.06160629450111359}
{"stage": "safety_sensitivity", "route": "repaired_permutation_ablation", "horizon": 10, "seed": 211001, "valid": true, "error": 0.06165779237246232}
WARNING:tensorflow:5 out of the last 9 calls to <function _kernel.<locals>.compute at 0x72fb8d9128e0> triggered tf.function retracing. Tracing is expensive and the excessive number of tracings could be due to (1) creating @tf.function repeatedly in a loop, (2) passing tensors with different shapes, (3) passing Python objects instead of tensors. For (1), please define your @tf.function outside of the loop. For (2), @tf.function has reduce_retracing=True option that can avoid unnecessary retracing. For (3), please refer to https://www.tensorflow.org/guide/function#controlling_retracing and https://www.tensorflow.org/api_docs/python/tf/function for  more details.
{"stage": "safety_sensitivity", "route": "repaired_permutation_ablation", "horizon": 10, "seed": 211001, "valid": true, "error": 0.06174769688835162}
WARNING:tensorflow:6 out of the last 10 calls to <function _kernel.<locals>.compute at 0x72fb8c8f6480> triggered tf.function retracing. Tracing is expensive and the excessive number of tracings could be due to (1) creating @tf.function repeatedly in a loop, (2) passing tensors with different shapes, (3) passing Python objects instead of tensors. For (1), please define your @tf.function outside of the loop. For (2), @tf.function has reduce_retracing=True option that can avoid unnecessary retracing. For (3), please refer to https://www.tensorflow.org/guide/function#controlling_retracing and https://www.tensorflow.org/api_docs/python/tf/function for  more details.
{"stage": "safety_sensitivity", "route": "repaired_permutation_ablation", "horizon": 10, "seed": 211001, "valid": true, "error": 0.06353670913711207}
{"stage": "safety_sensitivity", "route": "repaired_permutation_ablation", "horizon": 10, "seed": 211001, "valid": true, "error": 0.0735883334165182}
{"stage": "safety_sensitivity", "route": "repaired_permutation_ablation", "horizon": 10, "seed": 211001, "valid": true, "error": 0.04951916799063223}
{"stage": "final", "route": "repaired_permutation_ablation", "horizon": 10, "seed": 214001, "valid": true, "error": 0.06328961938638043}
{"stage": "final", "route": "repaired_permutation_ablation", "horizon": 10, "seed": 214002, "valid": true, "error": 0.10282029719852644}
{"stage": "final", "route": "repaired_permutation_ablation", "horizon": 10, "seed": 214003, "valid": true, "error": 0.16220277850864093}
{"stage": "final", "route": "repaired_permutation_ablation", "horizon": 10, "seed": 214004, "valid": true, "error": 0.42991524629463085}
{"stage": "final", "route": "repaired_permutation_ablation", "horizon": 10, "seed": 214005, "valid": true, "error": 0.21215231811053997}
{"stage": "final", "route": "repaired_permutation_ablation", "horizon": 10, "seed": 214006, "valid": true, "error": 0.042592720990297296}
{"stage": "final", "route": "repaired_permutation_ablation", "horizon": 10, "seed": 214007, "valid": true, "error": 0.12058919582062327}
{"stage": "final", "route": "repaired_permutation_ablation", "horizon": 10, "seed": 214008, "valid": true, "error": 0.18675177949640717}
