WARNING: All log messages before absl::InitializeLog() is called are written to STDERR
I0000 00:00:1790612693.068490 1321968 cuda_dnn.cc:8703] Unable to register cuDNN factory: Attempting to register factory for plugin cuDNN when one has already been registered
I0000 00:00:1790612693.071334 1321968 cuda_blas.cc:1413] Unable to register cuBLAS factory: Attempting to register factory for plugin cuBLAS when one has already been registered
W0000 00:00:1790612693.078576 1321968 computation_placer.cc:177] computation placer already registered. Please check linkage and avoid linking the same target more than once.
W0000 00:00:1790612693.078626 1321968 computation_placer.cc:177] computation placer already registered. Please check linkage and avoid linking the same target more than once.
W0000 00:00:1790612693.078633 1321968 computation_placer.cc:177] computation placer already registered. Please check linkage and avoid linking the same target more than once.
W0000 00:00:1790612693.078634 1321968 computation_placer.cc:177] computation placer already registered. Please check linkage and avoid linking the same target more than once.
I0000 00:00:1790612694.827011 1321968 gpu_device.cc:2018] Created device /job:localhost/replica:0/task:0/device:GPU:0 with 13495 MB memory:  -> device: 0, name: NVIDIA GeForce RTX 4080 SUPER, pci bus id: 0000:09:00.0, compute capability: 8.9
I0000 00:00:1790612695.792249 1321968 cuda_dnn.cc:529] Loaded cuDNN version 92000
WARNING: All log messages before absl::InitializeLog() is called are written to STDERR
I0000 00:00:1790612696.525296 1321968 device_compiler.h:196] Compiled cluster using XLA!  This line is logged at most once for the lifetime of the process.
{"stage": "transport_calibration", "flow_substeps": 8, "seed": 211001, "valid": false, "nomination_pass": false, "epsilon": 0.4, "maximum_column_tv": 0.0010844989836965575, "wall_seconds": 9.857505990948994}
{"stage": "transport_calibration", "flow_substeps": 8, "seed": 211002, "valid": false, "nomination_pass": false, "epsilon": 0.4, "maximum_column_tv": 0.0014582083923905666, "wall_seconds": 0.23514859296847135}
{"stage": "transport_calibration", "flow_substeps": 8, "seed": 211001, "valid": true, "nomination_pass": false, "epsilon": 1.6, "maximum_column_tv": 3.925068367611124e-05, "wall_seconds": 0.23976882902206853}
{"stage": "transport_calibration", "flow_substeps": 8, "seed": 211002, "valid": true, "nomination_pass": false, "epsilon": 1.6, "maximum_column_tv": 5.150474079872838e-05, "wall_seconds": 0.23927834001369774}
{"stage": "transport_calibration", "flow_substeps": 8, "seed": 211001, "valid": true, "nomination_pass": false, "epsilon": 6.4, "maximum_column_tv": 7.693032598820469e-06, "wall_seconds": 0.26695842802291736}
{"stage": "transport_calibration", "flow_substeps": 8, "seed": 211002, "valid": true, "nomination_pass": false, "epsilon": 6.4, "maximum_column_tv": 8.781487434865568e-06, "wall_seconds": 0.25206801400054246}
{"stage": "transport_calibration", "flow_substeps": 8, "seed": 211001, "valid": true, "nomination_pass": false, "epsilon": 25.6, "maximum_column_tv": 1.821667438890948e-06, "wall_seconds": 0.23906934296246618}
{"stage": "transport_calibration", "flow_substeps": 8, "seed": 211002, "valid": true, "nomination_pass": false, "epsilon": 25.6, "maximum_column_tv": 1.972305084446915e-06, "wall_seconds": 0.2731023179949261}
{"stage": "transport_calibration", "flow_substeps": 8, "seed": 211001, "valid": true, "nomination_pass": true, "epsilon": 102.4, "maximum_column_tv": 4.5144009161262027e-07, "wall_seconds": 0.23210305196698755}
{"stage": "transport_calibration", "flow_substeps": 8, "seed": 211002, "valid": true, "nomination_pass": true, "epsilon": 102.4, "maximum_column_tv": 4.788988202005048e-07, "wall_seconds": 0.26072770199971274}
{"stage": "calibration", "route": "iid_dual_cap", "horizon": 20, "seed": 211001, "valid": true, "error": 0.3834697713737804}
{"stage": "calibration", "route": "iid_dual_cap", "horizon": 20, "seed": 211002, "valid": true, "error": 0.4140659276004049}
{"stage": "calibration", "route": "iid_dual_cap", "horizon": 20, "seed": 211001, "valid": true, "error": 0.34668798035941994}
{"stage": "calibration", "route": "iid_dual_cap", "horizon": 20, "seed": 211002, "valid": true, "error": 0.5739530043836545}
{"stage": "validation", "route": "iid_dual_cap", "horizon": 20, "seed": 212001, "valid": true, "error": 0.2804064808202231}
{"stage": "safety_sensitivity", "route": "iid_dual_cap", "horizon": 20, "seed": 211001, "valid": true, "error": 0.38346979965546485}
{"stage": "safety_sensitivity", "route": "iid_dual_cap", "horizon": 20, "seed": 211001, "valid": true, "error": 0.383469488623617}
WARNING:tensorflow:5 out of the last 9 calls to <function _kernel.<locals>.compute at 0x729d6e96f060> triggered tf.function retracing. Tracing is expensive and the excessive number of tracings could be due to (1) creating @tf.function repeatedly in a loop, (2) passing tensors with different shapes, (3) passing Python objects instead of tensors. For (1), please define your @tf.function outside of the loop. For (2), @tf.function has reduce_retracing=True option that can avoid unnecessary retracing. For (3), please refer to https://www.tensorflow.org/guide/function#controlling_retracing and https://www.tensorflow.org/api_docs/python/tf/function for  more details.
{"stage": "safety_sensitivity", "route": "iid_dual_cap", "horizon": 20, "seed": 211001, "valid": true, "error": 0.38330058825175906}
WARNING:tensorflow:6 out of the last 10 calls to <function _kernel.<locals>.compute at 0x729d6e96fa60> triggered tf.function retracing. Tracing is expensive and the excessive number of tracings could be due to (1) creating @tf.function repeatedly in a loop, (2) passing tensors with different shapes, (3) passing Python objects instead of tensors. For (1), please define your @tf.function outside of the loop. For (2), @tf.function has reduce_retracing=True option that can avoid unnecessary retracing. For (3), please refer to https://www.tensorflow.org/guide/function#controlling_retracing and https://www.tensorflow.org/api_docs/python/tf/function for  more details.
{"stage": "safety_sensitivity", "route": "iid_dual_cap", "horizon": 20, "seed": 211001, "valid": true, "error": 0.385823020873755}
{"stage": "safety_sensitivity", "route": "iid_dual_cap", "horizon": 20, "seed": 211001, "valid": true, "error": 0.4724041109361878}
{"stage": "safety_sensitivity", "route": "iid_dual_cap", "horizon": 20, "seed": 211001, "valid": true, "error": 0.17409658473562029}
{"stage": "final", "route": "iid_dual_cap", "horizon": 20, "seed": 214001, "valid": true, "error": 0.34234953975866006}
{"stage": "final", "route": "iid_dual_cap", "horizon": 20, "seed": 214002, "valid": true, "error": 0.15661489427266292}
{"stage": "final", "route": "iid_dual_cap", "horizon": 20, "seed": 214003, "valid": true, "error": 0.25087003521552154}
{"stage": "final", "route": "iid_dual_cap", "horizon": 20, "seed": 214004, "valid": true, "error": 0.41818692659447393}
{"stage": "final", "route": "iid_dual_cap", "horizon": 20, "seed": 214005, "valid": true, "error": 0.8238756212257267}
{"stage": "final", "route": "iid_dual_cap", "horizon": 20, "seed": 214006, "valid": true, "error": 0.5408142323028715}
{"stage": "final", "route": "iid_dual_cap", "horizon": 20, "seed": 214007, "valid": true, "error": 0.27580422560989454}
{"stage": "final", "route": "iid_dual_cap", "horizon": 20, "seed": 214008, "valid": true, "error": 0.029820085162375266}
