WARNING: All log messages before absl::InitializeLog() is called are written to STDERR
I0000 00:00:1790612903.074975 1327440 cuda_dnn.cc:8703] Unable to register cuDNN factory: Attempting to register factory for plugin cuDNN when one has already been registered
I0000 00:00:1790612903.078016 1327440 cuda_blas.cc:1413] Unable to register cuBLAS factory: Attempting to register factory for plugin cuBLAS when one has already been registered
W0000 00:00:1790612903.085697 1327440 computation_placer.cc:177] computation placer already registered. Please check linkage and avoid linking the same target more than once.
W0000 00:00:1790612903.085765 1327440 computation_placer.cc:177] computation placer already registered. Please check linkage and avoid linking the same target more than once.
W0000 00:00:1790612903.085771 1327440 computation_placer.cc:177] computation placer already registered. Please check linkage and avoid linking the same target more than once.
W0000 00:00:1790612903.085773 1327440 computation_placer.cc:177] computation placer already registered. Please check linkage and avoid linking the same target more than once.
I0000 00:00:1790612904.888622 1327440 gpu_device.cc:2018] Created device /job:localhost/replica:0/task:0/device:GPU:0 with 13495 MB memory:  -> device: 0, name: NVIDIA GeForce RTX 4080 SUPER, pci bus id: 0000:09:00.0, compute capability: 8.9
I0000 00:00:1790612905.698140 1327440 cuda_dnn.cc:529] Loaded cuDNN version 92000
WARNING: All log messages before absl::InitializeLog() is called are written to STDERR
I0000 00:00:1790612906.275440 1327440 device_compiler.h:196] Compiled cluster using XLA!  This line is logged at most once for the lifetime of the process.
{"stage": "transport_calibration", "flow_substeps": 8, "seed": 211001, "valid": false, "nomination_pass": false, "epsilon": 0.4, "maximum_column_tv": 0.002508505227797075, "wall_seconds": 10.391715505043976}
{"stage": "transport_calibration", "flow_substeps": 8, "seed": 211002, "valid": false, "nomination_pass": false, "epsilon": 0.4, "maximum_column_tv": 0.044839714779228775, "wall_seconds": 0.2760035080136731}
{"stage": "transport_calibration", "flow_substeps": 8, "seed": 211001, "valid": true, "nomination_pass": false, "epsilon": 1.6, "maximum_column_tv": 5.236540510344461e-05, "wall_seconds": 0.2922297439654358}
{"stage": "transport_calibration", "flow_substeps": 8, "seed": 211002, "valid": false, "nomination_pass": false, "epsilon": 1.6, "maximum_column_tv": 0.0002863481032607364, "wall_seconds": 0.2969396180124022}
{"stage": "transport_calibration", "flow_substeps": 8, "seed": 211001, "valid": true, "nomination_pass": false, "epsilon": 6.4, "maximum_column_tv": 8.782968755801515e-06, "wall_seconds": 0.27942546200938523}
{"stage": "transport_calibration", "flow_substeps": 8, "seed": 211002, "valid": true, "nomination_pass": false, "epsilon": 6.4, "maximum_column_tv": 2.184824715068706e-05, "wall_seconds": 0.25423190800938755}
{"stage": "transport_calibration", "flow_substeps": 8, "seed": 211001, "valid": true, "nomination_pass": false, "epsilon": 25.6, "maximum_column_tv": 1.9392739919389076e-06, "wall_seconds": 0.2704037880175747}
{"stage": "transport_calibration", "flow_substeps": 8, "seed": 211002, "valid": true, "nomination_pass": false, "epsilon": 25.6, "maximum_column_tv": 4.1686417819825625e-06, "wall_seconds": 0.26760221499716863}
{"stage": "transport_calibration", "flow_substeps": 8, "seed": 211001, "valid": true, "nomination_pass": true, "epsilon": 102.4, "maximum_column_tv": 4.742469655331319e-07, "wall_seconds": 0.24089510802878067}
{"stage": "transport_calibration", "flow_substeps": 8, "seed": 211002, "valid": true, "nomination_pass": true, "epsilon": 102.4, "maximum_column_tv": 9.719873542756076e-07, "wall_seconds": 0.20681303599849343}
{"stage": "calibration", "route": "repaired_permutation", "horizon": 20, "seed": 211001, "valid": true, "error": 0.46603659647410345}
{"stage": "calibration", "route": "repaired_permutation", "horizon": 20, "seed": 211002, "valid": true, "error": 0.18061674061242564}
{"stage": "calibration", "route": "repaired_permutation", "horizon": 20, "seed": 211001, "valid": true, "error": 0.45923353308991693}
{"stage": "calibration", "route": "repaired_permutation", "horizon": 20, "seed": 211002, "valid": true, "error": 0.17551143007524403}
{"stage": "validation", "route": "repaired_permutation", "horizon": 20, "seed": 212001, "valid": true, "error": 0.3043282148088667}
{"stage": "safety_sensitivity", "route": "repaired_permutation", "horizon": 20, "seed": 211001, "valid": true, "error": 0.4592335718736935}
{"stage": "safety_sensitivity", "route": "repaired_permutation", "horizon": 20, "seed": 211001, "valid": true, "error": 0.4592778301157544}
WARNING:tensorflow:5 out of the last 9 calls to <function _kernel.<locals>.compute at 0x73c1a1bca980> triggered tf.function retracing. Tracing is expensive and the excessive number of tracings could be due to (1) creating @tf.function repeatedly in a loop, (2) passing tensors with different shapes, (3) passing Python objects instead of tensors. For (1), please define your @tf.function outside of the loop. For (2), @tf.function has reduce_retracing=True option that can avoid unnecessary retracing. For (3), please refer to https://www.tensorflow.org/guide/function#controlling_retracing and https://www.tensorflow.org/api_docs/python/tf/function for  more details.
{"stage": "safety_sensitivity", "route": "repaired_permutation", "horizon": 20, "seed": 211001, "valid": true, "error": 0.4597405917619268}
WARNING:tensorflow:6 out of the last 10 calls to <function _kernel.<locals>.compute at 0x73c1a0eb2fc0> triggered tf.function retracing. Tracing is expensive and the excessive number of tracings could be due to (1) creating @tf.function repeatedly in a loop, (2) passing tensors with different shapes, (3) passing Python objects instead of tensors. For (1), please define your @tf.function outside of the loop. For (2), @tf.function has reduce_retracing=True option that can avoid unnecessary retracing. For (3), please refer to https://www.tensorflow.org/guide/function#controlling_retracing and https://www.tensorflow.org/api_docs/python/tf/function for  more details.
{"stage": "safety_sensitivity", "route": "repaired_permutation", "horizon": 20, "seed": 211001, "valid": true, "error": 0.4631204225633957}
{"stage": "safety_sensitivity", "route": "repaired_permutation", "horizon": 20, "seed": 211001, "valid": true, "error": 0.5529703055989696}
{"stage": "safety_sensitivity", "route": "repaired_permutation", "horizon": 20, "seed": 211001, "valid": true, "error": 0.2607991119252147}
{"stage": "final", "route": "repaired_permutation", "horizon": 20, "seed": 214001, "valid": true, "error": 0.26353939286908395}
{"stage": "final", "route": "repaired_permutation", "horizon": 20, "seed": 214002, "valid": true, "error": 0.1104433206238262}
{"stage": "final", "route": "repaired_permutation", "horizon": 20, "seed": 214003, "valid": true, "error": 0.19192629321515617}
{"stage": "final", "route": "repaired_permutation", "horizon": 20, "seed": 214004, "valid": true, "error": 0.3285461779510677}
{"stage": "final", "route": "repaired_permutation", "horizon": 20, "seed": 214005, "valid": true, "error": 0.29948877883415803}
{"stage": "final", "route": "repaired_permutation", "horizon": 20, "seed": 214006, "valid": true, "error": 0.664619614938391}
{"stage": "final", "route": "repaired_permutation", "horizon": 20, "seed": 214007, "valid": true, "error": 0.24481405585637458}
{"stage": "final", "route": "repaired_permutation", "horizon": 20, "seed": 214008, "valid": true, "error": 0.1142586100015318}
