WARNING: All log messages before absl::InitializeLog() is called are written to STDERR
I0000 00:00:1790613224.837310 1335511 cuda_dnn.cc:8703] Unable to register cuDNN factory: Attempting to register factory for plugin cuDNN when one has already been registered
I0000 00:00:1790613224.840341 1335511 cuda_blas.cc:1413] Unable to register cuBLAS factory: Attempting to register factory for plugin cuBLAS when one has already been registered
W0000 00:00:1790613224.848523 1335511 computation_placer.cc:177] computation placer already registered. Please check linkage and avoid linking the same target more than once.
W0000 00:00:1790613224.848595 1335511 computation_placer.cc:177] computation placer already registered. Please check linkage and avoid linking the same target more than once.
W0000 00:00:1790613224.848601 1335511 computation_placer.cc:177] computation placer already registered. Please check linkage and avoid linking the same target more than once.
W0000 00:00:1790613224.848603 1335511 computation_placer.cc:177] computation placer already registered. Please check linkage and avoid linking the same target more than once.
I0000 00:00:1790613226.539840 1335511 gpu_device.cc:2018] Created device /job:localhost/replica:0/task:0/device:GPU:0 with 13495 MB memory:  -> device: 0, name: NVIDIA GeForce RTX 4080 SUPER, pci bus id: 0000:09:00.0, compute capability: 8.9
I0000 00:00:1790613227.301316 1335511 cuda_dnn.cc:529] Loaded cuDNN version 92000
WARNING: All log messages before absl::InitializeLog() is called are written to STDERR
I0000 00:00:1790613227.862338 1335511 device_compiler.h:196] Compiled cluster using XLA!  This line is logged at most once for the lifetime of the process.
{"stage": "transport_calibration", "flow_substeps": 8, "seed": 211001, "valid": false, "nomination_pass": false, "epsilon": 0.4, "maximum_column_tv": 0.007857532827423163, "wall_seconds": 13.968284278991632}
{"stage": "transport_calibration", "flow_substeps": 8, "seed": 211002, "valid": false, "nomination_pass": false, "epsilon": 0.4, "maximum_column_tv": 0.012222351726859997, "wall_seconds": 0.47330480796517804}
{"stage": "transport_calibration", "flow_substeps": 8, "seed": 211001, "valid": true, "nomination_pass": false, "epsilon": 1.6, "maximum_column_tv": 6.446643419796117e-05, "wall_seconds": 0.40586451202398166}
{"stage": "transport_calibration", "flow_substeps": 8, "seed": 211002, "valid": true, "nomination_pass": false, "epsilon": 1.6, "maximum_column_tv": 8.492061922296956e-05, "wall_seconds": 0.4773367579909973}
{"stage": "transport_calibration", "flow_substeps": 8, "seed": 211001, "valid": true, "nomination_pass": false, "epsilon": 6.4, "maximum_column_tv": 9.349554531414448e-06, "wall_seconds": 0.419797690003179}
{"stage": "transport_calibration", "flow_substeps": 8, "seed": 211002, "valid": true, "nomination_pass": false, "epsilon": 6.4, "maximum_column_tv": 9.886791866915487e-06, "wall_seconds": 0.452274999988731}
{"stage": "transport_calibration", "flow_substeps": 8, "seed": 211001, "valid": true, "nomination_pass": false, "epsilon": 25.6, "maximum_column_tv": 2.091005268948971e-06, "wall_seconds": 0.4148310640011914}
{"stage": "transport_calibration", "flow_substeps": 8, "seed": 211002, "valid": true, "nomination_pass": false, "epsilon": 25.6, "maximum_column_tv": 2.138421626356834e-06, "wall_seconds": 0.4083221670007333}
{"stage": "transport_calibration", "flow_substeps": 8, "seed": 211001, "valid": true, "nomination_pass": true, "epsilon": 102.4, "maximum_column_tv": 5.098644880415071e-07, "wall_seconds": 0.4086717609898187}
{"stage": "transport_calibration", "flow_substeps": 8, "seed": 211002, "valid": true, "nomination_pass": true, "epsilon": 102.4, "maximum_column_tv": 5.332053036284454e-07, "wall_seconds": 0.426810747012496}
{"stage": "calibration", "route": "previous_inverse_cdf", "horizon": 50, "seed": 211001, "valid": true, "error": 2.117946377615255}
{"stage": "calibration", "route": "previous_inverse_cdf", "horizon": 50, "seed": 211002, "valid": true, "error": 0.6859378861717631}
{"stage": "calibration", "route": "previous_inverse_cdf", "horizon": 50, "seed": 211001, "valid": true, "error": 2.1260524831086256}
{"stage": "calibration", "route": "previous_inverse_cdf", "horizon": 50, "seed": 211002, "valid": true, "error": 0.7463049139747936}
{"stage": "validation", "route": "previous_inverse_cdf", "horizon": 50, "seed": 212001, "valid": true, "error": 0.15663932857271887}
{"stage": "safety_sensitivity", "route": "previous_inverse_cdf", "horizon": 50, "seed": 211001, "valid": true, "error": 2.1179153878970247}
{"stage": "safety_sensitivity", "route": "previous_inverse_cdf", "horizon": 50, "seed": 211001, "valid": true, "error": 2.113671786053939}
WARNING:tensorflow:5 out of the last 9 calls to <function _kernel.<locals>.compute at 0x7ed270f08ea0> triggered tf.function retracing. Tracing is expensive and the excessive number of tracings could be due to (1) creating @tf.function repeatedly in a loop, (2) passing tensors with different shapes, (3) passing Python objects instead of tensors. For (1), please define your @tf.function outside of the loop. For (2), @tf.function has reduce_retracing=True option that can avoid unnecessary retracing. For (3), please refer to https://www.tensorflow.org/guide/function#controlling_retracing and https://www.tensorflow.org/api_docs/python/tf/function for  more details.
{"stage": "safety_sensitivity", "route": "previous_inverse_cdf", "horizon": 50, "seed": 211001, "valid": true, "error": 2.120063621293705}
WARNING:tensorflow:6 out of the last 10 calls to <function _kernel.<locals>.compute at 0x7ed24de7d120> triggered tf.function retracing. Tracing is expensive and the excessive number of tracings could be due to (1) creating @tf.function repeatedly in a loop, (2) passing tensors with different shapes, (3) passing Python objects instead of tensors. For (1), please define your @tf.function outside of the loop. For (2), @tf.function has reduce_retracing=True option that can avoid unnecessary retracing. For (3), please refer to https://www.tensorflow.org/guide/function#controlling_retracing and https://www.tensorflow.org/api_docs/python/tf/function for  more details.
{"stage": "safety_sensitivity", "route": "previous_inverse_cdf", "horizon": 50, "seed": 211001, "valid": true, "error": 2.165048206271507}
{"stage": "safety_sensitivity", "route": "previous_inverse_cdf", "horizon": 50, "seed": 211001, "valid": true, "error": 2.3601217335683895}
{"stage": "safety_sensitivity", "route": "previous_inverse_cdf", "horizon": 50, "seed": 211001, "valid": true, "error": 1.7560390572256444}
{"stage": "final", "route": "previous_inverse_cdf", "horizon": 50, "seed": 214001, "valid": true, "error": 0.3602817141177719}
{"stage": "final", "route": "previous_inverse_cdf", "horizon": 50, "seed": 214002, "valid": true, "error": 0.21364969478407034}
{"stage": "final", "route": "previous_inverse_cdf", "horizon": 50, "seed": 214003, "valid": true, "error": 0.8046782148748163}
{"stage": "final", "route": "previous_inverse_cdf", "horizon": 50, "seed": 214004, "valid": true, "error": 0.34443423679150537}
{"stage": "final", "route": "previous_inverse_cdf", "horizon": 50, "seed": 214005, "valid": true, "error": 1.269901941750524}
{"stage": "final", "route": "previous_inverse_cdf", "horizon": 50, "seed": 214006, "valid": true, "error": 0.7606253655858446}
{"stage": "final", "route": "previous_inverse_cdf", "horizon": 50, "seed": 214007, "valid": true, "error": 0.49270926485062416}
{"stage": "final", "route": "previous_inverse_cdf", "horizon": 50, "seed": 214008, "valid": true, "error": 0.3036834341478586}
