Rc files read:
  /etc/LatexMk
Latexmk: This is Latexmk, John Collins, 20 November 2021, version: 4.76.
Rule 'pdflatex': File changes, etc:
   Changed files, or newly in use since previous run(s):
      'modern_hmc_survey.tex'
------------
Run number 1 of rule 'pdflatex'
------------
------------
Running 'pdflatex  -interaction=nonstopmode -halt-on-error -recorder -output-directory="plans/artifacts/modern-hmc-monograph-2026-10-07/r1/integration-20261007/chapter-build"  "modern_hmc_survey.tex"'
------------
Latexmk: applying rule 'pdflatex'...
This is pdfTeX, Version 3.141592653-2.6-1.40.22 (TeX Live 2022/dev/Debian) (preloaded format=pdflatex)
 restricted \write18 enabled.
entering extended mode
(./modern_hmc_survey.tex
LaTeX2e <2021-11-15> patch level 1
L3 programming layer <2022-01-21>
(/usr/share/texlive/texmf-dist/tex/latex/base/book.cls
Document Class: book 2021/10/04 v1.4n Standard LaTeX document class
(/usr/share/texlive/texmf-dist/tex/latex/base/bk12.clo)) (./preamble.tex
(/usr/share/texlive/texmf-dist/tex/latex/geometry/geometry.sty
(/usr/share/texlive/texmf-dist/tex/latex/graphics/keyval.sty)
(/usr/share/texlive/texmf-dist/tex/generic/iftex/ifvtex.sty
(/usr/share/texlive/texmf-dist/tex/generic/iftex/iftex.sty)))
(/usr/share/texlive/texmf-dist/tex/latex/amsmath/amsmath.sty
For additional information on amsmath, use the `?' option.
(/usr/share/texlive/texmf-dist/tex/latex/amsmath/amstext.sty
(/usr/share/texlive/texmf-dist/tex/latex/amsmath/amsgen.sty))
(/usr/share/texlive/texmf-dist/tex/latex/amsmath/amsbsy.sty)
(/usr/share/texlive/texmf-dist/tex/latex/amsmath/amsopn.sty))
(/usr/share/texlive/texmf-dist/tex/latex/amsfonts/amssymb.sty
(/usr/share/texlive/texmf-dist/tex/latex/amsfonts/amsfonts.sty))
(/usr/share/texlive/texmf-dist/tex/latex/amscls/amsthm.sty)
(/usr/share/texlive/texmf-dist/tex/latex/tools/bm.sty)
(/usr/share/texlive/texmf-dist/tex/latex/mathtools/mathtools.sty
(/usr/share/texlive/texmf-dist/tex/latex/tools/calc.sty)
(/usr/share/texlive/texmf-dist/tex/latex/mathtools/mhsetup.sty))
(/usr/share/texlive/texmf-dist/tex/latex/booktabs/booktabs.sty)
(/usr/share/texlive/texmf-dist/tex/latex/tools/longtable.sty)
(/usr/share/texlive/texmf-dist/tex/latex/tools/array.sty)
(/usr/share/texlive/texmf-dist/tex/latex/enumitem/enumitem.sty)
(/usr/share/texlive/texmf-dist/tex/latex/placeins/placeins.sty)
(/usr/share/texlive/texmf-dist/tex/latex/graphics/graphicx.sty
(/usr/share/texlive/texmf-dist/tex/latex/graphics/graphics.sty
(/usr/share/texlive/texmf-dist/tex/latex/graphics/trig.sty)
(/usr/share/texlive/texmf-dist/tex/latex/graphics-cfg/graphics.cfg)
(/usr/share/texlive/texmf-dist/tex/latex/graphics-def/pdftex.def)))
(/usr/share/texlive/texmf-dist/tex/latex/pgf/frontendlayer/tikz.sty
(/usr/share/texlive/texmf-dist/tex/latex/pgf/basiclayer/pgf.sty
(/usr/share/texlive/texmf-dist/tex/latex/pgf/utilities/pgfrcs.sty
(/usr/share/texlive/texmf-dist/tex/generic/pgf/utilities/pgfutil-common.tex
(/usr/share/texlive/texmf-dist/tex/generic/pgf/utilities/pgfutil-common-lists.t
ex)) (/usr/share/texlive/texmf-dist/tex/generic/pgf/utilities/pgfutil-latex.def
) (/usr/share/texlive/texmf-dist/tex/generic/pgf/utilities/pgfrcs.code.tex
(/usr/share/texlive/texmf-dist/tex/generic/pgf/pgf.revision.tex)))
(/usr/share/texlive/texmf-dist/tex/latex/pgf/basiclayer/pgfcore.sty
(/usr/share/texlive/texmf-dist/tex/latex/pgf/systemlayer/pgfsys.sty
(/usr/share/texlive/texmf-dist/tex/generic/pgf/systemlayer/pgfsys.code.tex
(/usr/share/texlive/texmf-dist/tex/generic/pgf/utilities/pgfkeys.code.tex
(/usr/share/texlive/texmf-dist/tex/generic/pgf/utilities/pgfkeysfiltered.code.t
ex)) (/usr/share/texlive/texmf-dist/tex/generic/pgf/systemlayer/pgf.cfg)
(/usr/share/texlive/texmf-dist/tex/generic/pgf/systemlayer/pgfsys-pdftex.def
(/usr/share/texlive/texmf-dist/tex/generic/pgf/systemlayer/pgfsys-common-pdf.de
f)))
(/usr/share/texlive/texmf-dist/tex/generic/pgf/systemlayer/pgfsyssoftpath.code.
tex)
(/usr/share/texlive/texmf-dist/tex/generic/pgf/systemlayer/pgfsysprotocol.code.
tex)) (/usr/share/texlive/texmf-dist/tex/latex/xcolor/xcolor.sty
(/usr/share/texlive/texmf-dist/tex/latex/graphics-cfg/color.cfg))
(/usr/share/texlive/texmf-dist/tex/generic/pgf/basiclayer/pgfcore.code.tex
(/usr/share/texlive/texmf-dist/tex/generic/pgf/math/pgfmath.code.tex
(/usr/share/texlive/texmf-dist/tex/generic/pgf/math/pgfmathcalc.code.tex
(/usr/share/texlive/texmf-dist/tex/generic/pgf/math/pgfmathutil.code.tex)
(/usr/share/texlive/texmf-dist/tex/generic/pgf/math/pgfmathparser.code.tex)
(/usr/share/texlive/texmf-dist/tex/generic/pgf/math/pgfmathfunctions.code.tex
(/usr/share/texlive/texmf-dist/tex/generic/pgf/math/pgfmathfunctions.basic.code
.tex)
(/usr/share/texlive/texmf-dist/tex/generic/pgf/math/pgfmathfunctions.trigonomet
ric.code.tex)
(/usr/share/texlive/texmf-dist/tex/generic/pgf/math/pgfmathfunctions.random.cod
e.tex)
(/usr/share/texlive/texmf-dist/tex/generic/pgf/math/pgfmathfunctions.comparison
.code.tex)
(/usr/share/texlive/texmf-dist/tex/generic/pgf/math/pgfmathfunctions.base.code.
tex)
(/usr/share/texlive/texmf-dist/tex/generic/pgf/math/pgfmathfunctions.round.code
.tex)
(/usr/share/texlive/texmf-dist/tex/generic/pgf/math/pgfmathfunctions.misc.code.
tex)
(/usr/share/texlive/texmf-dist/tex/generic/pgf/math/pgfmathfunctions.integerari
thmetics.code.tex)))
(/usr/share/texlive/texmf-dist/tex/generic/pgf/math/pgfmathfloat.code.tex))
(/usr/share/texlive/texmf-dist/tex/generic/pgf/math/pgfint.code.tex)
(/usr/share/texlive/texmf-dist/tex/generic/pgf/basiclayer/pgfcorepoints.code.te
x)
(/usr/share/texlive/texmf-dist/tex/generic/pgf/basiclayer/pgfcorepathconstruct.
code.tex)
(/usr/share/texlive/texmf-dist/tex/generic/pgf/basiclayer/pgfcorepathusage.code
.tex)
(/usr/share/texlive/texmf-dist/tex/generic/pgf/basiclayer/pgfcorescopes.code.te
x)
(/usr/share/texlive/texmf-dist/tex/generic/pgf/basiclayer/pgfcoregraphicstate.c
ode.tex)
(/usr/share/texlive/texmf-dist/tex/generic/pgf/basiclayer/pgfcoretransformation
s.code.tex)
(/usr/share/texlive/texmf-dist/tex/generic/pgf/basiclayer/pgfcorequick.code.tex
)
(/usr/share/texlive/texmf-dist/tex/generic/pgf/basiclayer/pgfcoreobjects.code.t
ex)
(/usr/share/texlive/texmf-dist/tex/generic/pgf/basiclayer/pgfcorepathprocessing
.code.tex)
(/usr/share/texlive/texmf-dist/tex/generic/pgf/basiclayer/pgfcorearrows.code.te
x)
(/usr/share/texlive/texmf-dist/tex/generic/pgf/basiclayer/pgfcoreshade.code.tex
)
(/usr/share/texlive/texmf-dist/tex/generic/pgf/basiclayer/pgfcoreimage.code.tex

(/usr/share/texlive/texmf-dist/tex/generic/pgf/basiclayer/pgfcoreexternal.code.
tex))
(/usr/share/texlive/texmf-dist/tex/generic/pgf/basiclayer/pgfcorelayers.code.te
x)
(/usr/share/texlive/texmf-dist/tex/generic/pgf/basiclayer/pgfcoretransparency.c
ode.tex)
(/usr/share/texlive/texmf-dist/tex/generic/pgf/basiclayer/pgfcorepatterns.code.
tex)
(/usr/share/texlive/texmf-dist/tex/generic/pgf/basiclayer/pgfcorerdf.code.tex))
)
(/usr/share/texlive/texmf-dist/tex/generic/pgf/modules/pgfmoduleshapes.code.tex
) (/usr/share/texlive/texmf-dist/tex/generic/pgf/modules/pgfmoduleplot.code.tex
)
(/usr/share/texlive/texmf-dist/tex/latex/pgf/compatibility/pgfcomp-version-0-65
.sty)
(/usr/share/texlive/texmf-dist/tex/latex/pgf/compatibility/pgfcomp-version-1-18
.sty)) (/usr/share/texlive/texmf-dist/tex/latex/pgf/utilities/pgffor.sty
(/usr/share/texlive/texmf-dist/tex/latex/pgf/utilities/pgfkeys.sty
(/usr/share/texlive/texmf-dist/tex/generic/pgf/utilities/pgfkeys.code.tex))
(/usr/share/texlive/texmf-dist/tex/latex/pgf/math/pgfmath.sty
(/usr/share/texlive/texmf-dist/tex/generic/pgf/math/pgfmath.code.tex))
(/usr/share/texlive/texmf-dist/tex/generic/pgf/utilities/pgffor.code.tex
(/usr/share/texlive/texmf-dist/tex/generic/pgf/math/pgfmath.code.tex)))
(/usr/share/texlive/texmf-dist/tex/generic/pgf/frontendlayer/tikz/tikz.code.tex

(/usr/share/texlive/texmf-dist/tex/generic/pgf/libraries/pgflibraryplothandlers
.code.tex)
(/usr/share/texlive/texmf-dist/tex/generic/pgf/modules/pgfmodulematrix.code.tex
)
(/usr/share/texlive/texmf-dist/tex/generic/pgf/frontendlayer/tikz/libraries/tik
zlibrarytopaths.code.tex)))
(/usr/share/texlive/texmf-dist/tex/generic/pgf/libraries/pgflibraryarrows.meta.
code.tex)
(/usr/share/texlive/texmf-dist/tex/generic/pgf/frontendlayer/tikz/libraries/tik
zlibrarycalc.code.tex)
(/usr/share/texlive/texmf-dist/tex/generic/pgf/frontendlayer/tikz/libraries/tik
zlibrarypositioning.code.tex)
(/usr/share/texlive/texmf-dist/tex/latex/hyperref/hyperref.sty
(/usr/share/texlive/texmf-dist/tex/generic/ltxcmds/ltxcmds.sty)
(/usr/share/texlive/texmf-dist/tex/generic/pdftexcmds/pdftexcmds.sty
(/usr/share/texlive/texmf-dist/tex/generic/infwarerr/infwarerr.sty))
(/usr/share/texlive/texmf-dist/tex/generic/kvsetkeys/kvsetkeys.sty)
(/usr/share/texlive/texmf-dist/tex/generic/kvdefinekeys/kvdefinekeys.sty)
(/usr/share/texlive/texmf-dist/tex/generic/pdfescape/pdfescape.sty)
(/usr/share/texlive/texmf-dist/tex/latex/hycolor/hycolor.sty)
(/usr/share/texlive/texmf-dist/tex/latex/letltxmacro/letltxmacro.sty)
(/usr/share/texlive/texmf-dist/tex/latex/auxhook/auxhook.sty)
(/usr/share/texlive/texmf-dist/tex/latex/kvoptions/kvoptions.sty)
(/usr/share/texlive/texmf-dist/tex/latex/hyperref/pd1enc.def)
(/usr/share/texlive/texmf-dist/tex/latex/hyperref/hyperref-langpatches.def)
(/usr/share/texlive/texmf-dist/tex/generic/intcalc/intcalc.sty)
(/usr/share/texlive/texmf-dist/tex/generic/etexcmds/etexcmds.sty)
(/usr/share/texlive/texmf-dist/tex/latex/hyperref/puenc.def)
(/usr/share/texlive/texmf-dist/tex/latex/url/url.sty)
(/usr/share/texlive/texmf-dist/tex/generic/bitset/bitset.sty
(/usr/share/texlive/texmf-dist/tex/generic/bigintcalc/bigintcalc.sty))
(/usr/share/texlive/texmf-dist/tex/latex/base/atbegshi-ltx.sty))
(/usr/share/texlive/texmf-dist/tex/latex/hyperref/hpdftex.def
(/usr/share/texlive/texmf-dist/tex/latex/base/atveryend-ltx.sty)
(/usr/share/texlive/texmf-dist/tex/latex/rerunfilecheck/rerunfilecheck.sty
(/usr/share/texlive/texmf-dist/tex/generic/uniquecounter/uniquecounter.sty)))
(/usr/share/texlive/texmf-dist/tex/latex/natbib/natbib.sty)
(/usr/share/texlive/texmf-dist/tex/latex/mdframed/mdframed.sty
(/usr/share/texlive/texmf-dist/tex/latex/l3packages/xparse/xparse.sty
(/usr/share/texlive/texmf-dist/tex/latex/l3kernel/expl3.sty
(/usr/share/texlive/texmf-dist/tex/latex/l3backend/l3backend-pdftex.def)))
(/usr/share/texlive/texmf-dist/tex/latex/etoolbox/etoolbox.sty)
(/usr/share/texlive/texmf-dist/tex/latex/zref/zref-abspage.sty
(/usr/share/texlive/texmf-dist/tex/latex/zref/zref-base.sty))
(/usr/share/texlive/texmf-dist/tex/latex/needspace/needspace.sty)
(/usr/share/texlive/texmf-dist/tex/latex/mdframed/md-frame-0.mdf))
(/usr/share/texlive/texmf-dist/tex/latex/algorithms/algorithm.sty
(/usr/share/texlive/texmf-dist/tex/latex/float/float.sty)
(/usr/share/texlive/texmf-dist/tex/latex/base/ifthen.sty))
(/usr/share/texlive/texmf-dist/tex/latex/algorithmicx/algpseudocode.sty
(/usr/share/texlive/texmf-dist/tex/latex/algorithmicx/algorithmicx.sty
Document Style algorithmicx 1.2 - a greatly improved `algorithmic' style
)
Document Style - pseudocode environments for use with the `algorithmicx' style
) (/usr/share/texlive/texmf-dist/tex/latex/listings/listings.sty
(/usr/share/texlive/texmf-dist/tex/latex/listings/lstmisc.sty)
(/usr/share/texlive/texmf-dist/tex/latex/listings/listings.cfg)))
(plans/artifacts/modern-hmc-monograph-2026-10-07/r1/integration-20261007/chapte
r-build/modern_hmc_survey.aux)
*geometry* driver: auto-detecting
*geometry* detected driver: pdftex
(/usr/share/texlive/texmf-dist/tex/context/base/mkii/supp-pdf.mkii
[Loading MPS to PDF converter (version 2006.09.02).]
) (/usr/share/texlive/texmf-dist/tex/latex/epstopdf-pkg/epstopdf-base.sty
(/usr/share/texlive/texmf-dist/tex/latex/latexconfig/epstopdf-sys.cfg))
(/usr/share/texlive/texmf-dist/tex/latex/hyperref/nameref.sty
(/usr/share/texlive/texmf-dist/tex/latex/refcount/refcount.sty)
(/usr/share/texlive/texmf-dist/tex/generic/gettitlestring/gettitlestring.sty))
(/usr/share/texlive/texmf-dist/tex/latex/amsfonts/umsa.fd)
(/usr/share/texlive/texmf-dist/tex/latex/amsfonts/umsb.fd) [1{/var/lib/texmf/fo
nts/map/pdftex/updmap/pdftex.map}] [2] (./chapters/ch26g_modern_hmc_methods.tex

Chapter 1.

Package natbib Warning: Citation `hoffman2021chees' on page 1 undefined on inpu
t line 25.


Package natbib Warning: Citation `sountsov2022snaper' on page 1 undefined on in
put line 25.


Package natbib Warning: Citation `rioudurand2023malt' on page 1 undefined on in
put line 25.


Package natbib Warning: Citation `hoffman2022meads' on page 1 undefined on inpu
t line 25.


Package natbib Warning: Citation `robnik2025mams' on page 1 undefined on input 
line 25.


Package natbib Warning: Citation `robnik2026laps' on page 1 undefined on input 
line 25.


Package natbib Warning: Citation `hoffman2019neutra' on page 1 undefined on inp
ut line 25.


Package natbib Warning: Citation `zhang2022pathfinder' on page 1 undefined on i
nput line 25.


Package natbib Warning: Citation `sarkka2020parallel' on page 1 undefined on in
put line 25.


Package natbib Warning: Citation `corenflos2024particlemala' on page 1 undefine
d on input line 25.


Underfull \vbox (badness 10000) has occurred while \output is active [1]

LaTeX Warning: Reference `eq:bf-modern-joint-target' on page 2 undefined on inp
ut line 59.


LaTeX Warning: Reference `eq:bf-modern-parameter-target' on page 2 undefined on
 input line 60.


Package natbib Warning: Citation `sountsov2024hardware' on page 2 undefined on 
input line 89.

[2]

Package natbib Warning: Citation `neal2011mcmc' on page 3 undefined on input li
ne 162.

[3]

LaTeX Warning: Reference `eq:bf-modern-hmc-accept' on page 4 undefined on input
 line 227.


LaTeX Warning: Reference `eq:bf-modern-energy-conservation' on page 4 undefined
 on input line 232.


LaTeX Warning: Reference `eq:bf-modern-hamilton-equations' on page 4 undefined 
on input line 247.

[4] [5]

Package natbib Warning: Citation `hoffman2014nuts' on page 6 undefined on input
 line 325.


LaTeX Warning: Reference `eq:bf-modern-mixture-invariance' on page 6 undefined 
on input line 330.


Package natbib Warning: Citation `sountsov2022snaper' on page 6 undefined on in
put line 371.


LaTeX Warning: Reference `eq:bf-modern-esjd-definition' on page 6 undefined on 
input line 379.

[6]

Package natbib Warning: Citation `hoffman2021chees' on page 7 undefined on inpu
t line 395.


Package natbib Warning: Citation `sountsov2022snaper' on page 7 undefined on in
put line 395.


Package natbib Warning: Citation `sountsov2022snaper' on page 7 undefined on in
put line 428.

[7]

Package natbib Warning: Citation `rioudurand2023malt' on page 8 undefined on in
put line 495.


LaTeX Warning: Reference `eq:bf-modern-ou-balance' on page 8 undefined on input
 line 500.

[8]

Package natbib Warning: Citation `rioudurand2023adaptive' on page 9 undefined o
n input line 542.


Package natbib Warning: Citation `hoffman2022meads' on page 9 undefined on inpu
t line 561.

[9]

Package natbib Warning: Citation `robnik2025mams' on page 10 undefined on input
 line 597.


LaTeX Warning: Reference `eq:bf-modern-microcanonical-dynamics' on page 10 unde
fined on input line 641.

[10]

Package natbib Warning: Citation `robnik2025mams' on page 11 undefined on input
 line 653.


Package natbib Warning: Citation `robnik2025mams' on page 11 undefined on input
 line 713.


LaTeX Warning: Reference `eq:bf-modern-force-jacobian' on page 11 undefined on 
input line 719.


LaTeX Warning: Reference `prop:bf-modern-involution' on page 11 undefined on in
put line 720.

[11]

Package natbib Warning: Citation `robnik2025mclmc' on page 12 undefined on inpu
t line 750.


Package natbib Warning: Citation `robnik2025mams' on page 12 undefined on input
 line 750.


LaTeX Warning: Reference `eq:bf-modern-leapfrog' on page 12 undefined on input 
line 789.

[12]

LaTeX Warning: Reference `eq:bf-modern-gaussian-leapfrog-matrix' on page 13 und
efined on input line 817.


LaTeX Warning: Reference `eq:bf-modern-gaussian-eevpd' on page 13 undefined on 
input line 844.

[13]

Package natbib Warning: Citation `robnik2026unadjusted' on page 14 undefined on
 input line 867.


Package natbib Warning: Citation `robnik2026laps' on page 14 undefined on input
 line 883.

[14]

LaTeX Warning: Reference `eq:bf-modern-gaussian-eevpd' on page 15 undefined on 
input line 992.

[15]

LaTeX Warning: Reference `tab:bf-modern-mams-benchmarks' on page 16 undefined o
n input line 1020.


Package natbib Warning: Citation `robnik2025mams' on page 16 undefined on input
 line 1040.


Package natbib Warning: Citation `robnik2025mams' on page 16 undefined on input
 line 1040.


Package natbib Warning: Citation `robnik2026laps' on page 16 undefined on input
 line 1047.

[16]

LaTeX Warning: Reference `eq:bf-modern-transformed-target' on page 17 undefined
 on input line 1073.

[17]

Package natbib Warning: Citation `hoffman2019neutra' on page 18 undefined on in
put line 1140.


LaTeX Warning: Reference `eq:bf-modern-transformed-target' on page 18 undefined
 on input line 1142.


Package natbib Warning: Citation `zhang2022pathfinder' on page 18 undefined on 
input line 1158.

[18]

Package natbib Warning: Citation `turok2026drghmc' on page 19 undefined on inpu
t line 1224.


Package natbib Warning: Citation `nishimura2020discontinuous' on page 19 undefi
ned on input line 1268.

[19]

Package natbib Warning: Citation `sarkka2020parallel' on page 20 undefined on i
nput line 1307.

[20] [21]

LaTeX Warning: Reference `eq:bf-modern-particle-weights' on page 22 undefined o
n input line 1452.


Package natbib Warning: Citation `andrieu2010particle' on page 22 undefined on 
input line 1464.


Package natbib Warning: Citation `corenflos2024particlemala' on page 22 undefin
ed on input line 1471.

[22]

LaTeX Warning: Reference `eq:bf-modern-grad-gaussian-product' on page 23 undefi
ned on input line 1511.

[23] [24]

Package natbib Warning: Citation `flegal2010batchmeans' on page 25 undefined on
 input line 1628.


Package natbib Warning: Citation `vats2021lugsail' on page 25 undefined on inpu
t line 1629.


Package natbib Warning: Citation `vats2021lugsail' on page 25 undefined on inpu
t line 1638.

[25]

Package natbib Warning: Citation `vehtari2021rank' on page 26 undefined on inpu
t line 1705.


Package natbib Warning: Citation `margossian2024nested' on page 26 undefined on
 input line 1715.

[26]

LaTeX Warning: Reference `eq:bf-modern-nested-decomposition' on page 27 undefin
ed on input line 1749.


LaTeX Warning: Reference `eq:bf-modern-nested-decomposition' on page 27 undefin
ed on input line 1753.


Package natbib Warning: Citation `flegalgongfixedwidth' on page 27 undefined on
 input line 1774.

[27] [28] [29] [30]

Package natbib Warning: Citation `talts2020sbc' on page 31 undefined on input l
ine 2003.


Package natbib Warning: Citation `gandy2021mcmctesting' on page 31 undefined on
 input line 2011.


Underfull \vbox (badness 10000) has occurred while \output is active [31])
[32]
No file modern_hmc_survey.bbl.

Package natbib Warning: There were undefined citations.


(plans/artifacts/modern-hmc-monograph-2026-10-07/r1/integration-20261007/chapte
r-build/modern_hmc_survey.aux)

LaTeX Warning: There were undefined references.


LaTeX Warning: Label(s) may have changed. Rerun to get cross-references right.


Package rerunfilecheck Warning: File `modern_hmc_survey.out' has changed.
(rerunfilecheck)                Rerun to get outlines right
(rerunfilecheck)                or use package `bookmark'.

 )
(see the transcript file for additional information)</usr/share/texlive/texmf-d
ist/fonts/type1/public/amsfonts/cm/cmbx12.pfb></usr/share/texlive/texmf-dist/fo
nts/type1/public/amsfonts/cm/cmbx8.pfb></usr/share/texlive/texmf-dist/fonts/typ
e1/public/amsfonts/cm/cmex10.pfb></usr/share/texlive/texmf-dist/fonts/type1/pub
lic/amsfonts/cm/cmmi12.pfb></usr/share/texlive/texmf-dist/fonts/type1/public/am
sfonts/cm/cmmi6.pfb></usr/share/texlive/texmf-dist/fonts/type1/public/amsfonts/
cm/cmmi8.pfb></usr/share/texlive/texmf-dist/fonts/type1/public/amsfonts/cm/cmr1
0.pfb></usr/share/texlive/texmf-dist/fonts/type1/public/amsfonts/cm/cmr12.pfb><
/usr/share/texlive/texmf-dist/fonts/type1/public/amsfonts/cm/cmr17.pfb></usr/sh
are/texlive/texmf-dist/fonts/type1/public/amsfonts/cm/cmr6.pfb></usr/share/texl
ive/texmf-dist/fonts/type1/public/amsfonts/cm/cmr8.pfb></usr/share/texlive/texm
f-dist/fonts/type1/public/amsfonts/cm/cmsl12.pfb></usr/share/texlive/texmf-dist
/fonts/type1/public/amsfonts/cm/cmsy10.pfb></usr/share/texlive/texmf-dist/fonts
/type1/public/amsfonts/cm/cmsy6.pfb></usr/share/texlive/texmf-dist/fonts/type1/
public/amsfonts/cm/cmsy8.pfb></usr/share/texlive/texmf-dist/fonts/type1/public/
amsfonts/cm/cmti12.pfb></usr/share/texlive/texmf-dist/fonts/type1/public/amsfon
ts/cm/cmtt12.pfb></usr/share/texlive/texmf-dist/fonts/type1/public/amsfonts/sym
bols/msbm10.pfb>
Output written on plans/artifacts/modern-hmc-monograph-2026-10-07/r1/integratio
n-20261007/chapter-build/modern_hmc_survey.pdf (34 pages, 378021 bytes).
Transcript written on plans/artifacts/modern-hmc-monograph-2026-10-07/r1/integr
ation-20261007/chapter-build/modern_hmc_survey.log.
Latexmk: Missing bbl file 'plans/artifacts/modern-hmc-monograph-2026-10-07/r1/integration-20261007/chapter-build/modern_hmc_survey.bbl' in following:
 No file modern_hmc_survey.bbl.
Latexmk: References changed.
Latexmk: References changed.
Latexmk: Log file says output to 'plans/artifacts/modern-hmc-monograph-2026-10-07/r1/integration-20261007/chapter-build/modern_hmc_survey.pdf'
Latexmk: List of undefined refs and citations:
  Citation `andrieu2010particle' on page 22 undefined on input line 1464
  Citation `corenflos2024particlemala' on page 1 undefined on input line 25
  Citation `corenflos2024particlemala' on page 22 undefined on input line 1471
  Citation `flegal2010batchmeans' on page 25 undefined on input line 1628
  Citation `flegalgongfixedwidth' on page 27 undefined on input line 1774
  Citation `gandy2021mcmctesting' on page 31 undefined on input line 2011
  Citation `hoffman2014nuts' on page 6 undefined on input line 325
  Citation `hoffman2019neutra' on page 1 undefined on input line 25
  Citation `hoffman2019neutra' on page 18 undefined on input line 1140
  Citation `hoffman2021chees' on page 1 undefined on input line 25
  Citation `hoffman2021chees' on page 7 undefined on input line 395
  Citation `hoffman2022meads' on page 1 undefined on input line 25
  Citation `hoffman2022meads' on page 9 undefined on input line 561
  Citation `margossian2024nested' on page 26 undefined on input line 1715
  Citation `neal2011mcmc' on page 3 undefined on input line 162
  Citation `nishimura2020discontinuous' on page 19 undefined on input line 1268
  Citation `rioudurand2023adaptive' on page 9 undefined on input line 542
  Citation `rioudurand2023malt' on page 1 undefined on input line 25
  Citation `rioudurand2023malt' on page 8 undefined on input line 495
  Citation `robnik2025mams' on page 1 undefined on input line 25
  Citation `robnik2025mams' on page 10 undefined on input line 597
  Citation `robnik2025mams' on page 11 undefined on input line 653
  Citation `robnik2025mams' on page 11 undefined on input line 713
  Citation `robnik2025mams' on page 12 undefined on input line 750
  Citation `robnik2025mams' on page 16 undefined on input line 1040
  Citation `robnik2025mclmc' on page 12 undefined on input line 750
  Citation `robnik2026laps' on page 1 undefined on input line 25
  Citation `robnik2026laps' on page 14 undefined on input line 883
  Citation `robnik2026laps' on page 16 undefined on input line 1047
  Citation `robnik2026unadjusted' on page 14 undefined on input line 867
  Citation `sarkka2020parallel' on page 1 undefined on input line 25
  Citation `sarkka2020parallel' on page 20 undefined on input line 1307
  Citation `sountsov2022snaper' on page 1 undefined on input line 25
  Citation `sountsov2022snaper' on page 6 undefined on input line 371
  Citation `sountsov2022snaper' on page 7 undefined on input line 395
  Citation `sountsov2022snaper' on page 7 undefined on input line 428
  Citation `sountsov2024hardware' on page 2 undefined on input line 89
  Citation `talts2020sbc' on page 31 undefined on input line 2003
  Citation `turok2026drghmc' on page 19 undefined on input line 1224
  Citation `vats2021lugsail' on page 25 undefined on input line 1629
  Citation `vats2021lugsail' on page 25 undefined on input line 1638
  Citation `vehtari2021rank' on page 26 undefined on input line 1705
  Citation `zhang2022pathfinder' on page 1 undefined on input line 25
  Citation `zhang2022pathfinder' on page 18 undefined on input line 1158
  Reference `eq:bf-modern-energy-conservation' on page 4 undefined on input line 232
  Reference `eq:bf-modern-esjd-definition' on page 6 undefined on input line 379
  Reference `eq:bf-modern-force-jacobian' on page 11 undefined on input line 719
  Reference `eq:bf-modern-gaussian-eevpd' on page 13 undefined on input line 844
  Reference `eq:bf-modern-gaussian-eevpd' on page 15 undefined on input line 992
  Reference `eq:bf-modern-gaussian-leapfrog-matrix' on page 13 undefined on input line 817
  Reference `eq:bf-modern-grad-gaussian-product' on page 23 undefined on input line 1511
  Reference `eq:bf-modern-hamilton-equations' on page 4 undefined on input line 247
  Reference `eq:bf-modern-hmc-accept' on page 4 undefined on input line 227
  Reference `eq:bf-modern-joint-target' on page 2 undefined on input line 59
  Reference `eq:bf-modern-leapfrog' on page 12 undefined on input line 789
  Reference `eq:bf-modern-microcanonical-dynamics' on page 10 undefined on input line 641
  Reference `eq:bf-modern-mixture-invariance' on page 6 undefined on input line 330
  Reference `eq:bf-modern-nested-decomposition' on page 27 undefined on input line 1749
  Reference `eq:bf-modern-nested-decomposition' on page 27 undefined on input line 1753
  Reference `eq:bf-modern-ou-balance' on page 8 undefined on input line 500
  Reference `eq:bf-modern-parameter-target' on page 2 undefined on input line 60
  Reference `eq:bf-modern-particle-weights' on page 22 undefined on input line 1452
  Reference `eq:bf-modern-transformed-target' on page 17 undefined on input line 1073
  Reference `eq:bf-modern-transformed-target' on page 18 undefined on input line 1142
  Reference `prop:bf-modern-involution' on page 11 undefined on input line 720
  Reference `tab:bf-modern-mams-benchmarks' on page 16 undefined on input line 1020
Latexmk: Examining 'plans/artifacts/modern-hmc-monograph-2026-10-07/r1/integration-20261007/chapter-build/modern_hmc_survey.log'
=== TeX engine is 'pdfTeX'
Latexmk: Found bibliography file(s) [/tmp/BayesFilter-modern-hmc-survey-20261007/docs/references.bib]
Rule 'bibtex plans/artifacts/modern-hmc-monograph-2026-10-07/r1/integration-20261007/chapter-build/modern_hmc_survey': File changes, etc:
   Changed files, or newly in use since previous run(s):
      'plans/artifacts/modern-hmc-monograph-2026-10-07/r1/integration-20261007/chapter-build/modern_hmc_survey.aux'
------------
Run number 1 of rule 'bibtex plans/artifacts/modern-hmc-monograph-2026-10-07/r1/integration-20261007/chapter-build/modern_hmc_survey'
------------
Latexmk: applying rule 'bibtex plans/artifacts/modern-hmc-monograph-2026-10-07/r1/integration-20261007/chapter-build/modern_hmc_survey'...
------------
Running 'bibtex  "modern_hmc_survey.aux"'
------------
Latexmk: Change directory to 'plans/artifacts/modern-hmc-monograph-2026-10-07/r1/integration-20261007/chapter-build/'.
To assist finding of files in document
directory, I set
  BIBINPUTS='/tmp/BayesFilter-modern-hmc-survey-20261007/docs:plans/artifacts/modern-hmc-monograph-2026-10-07/r1/integration-20261007/chapter-build:/tmp/BayesFilter-modern-hmc-survey-20261007/docs:'
  BSTINPUTS='/tmp/BayesFilter-modern-hmc-survey-20261007/docs:'.
This is BibTeX, Version 0.99d (TeX Live 2022/dev/Debian)
The top-level auxiliary file: modern_hmc_survey.aux
The style file: plainnat.bst
Database file #1: references.bib
Rule 'pdflatex': File changes, etc:
   Changed files, or newly in use since previous run(s):
      'plans/artifacts/modern-hmc-monograph-2026-10-07/r1/integration-20261007/chapter-build/modern_hmc_survey.aux'
      'plans/artifacts/modern-hmc-monograph-2026-10-07/r1/integration-20261007/chapter-build/modern_hmc_survey.bbl'
      'plans/artifacts/modern-hmc-monograph-2026-10-07/r1/integration-20261007/chapter-build/modern_hmc_survey.out'
------------
Run number 2 of rule 'pdflatex'
------------
------------
Running 'pdflatex  -interaction=nonstopmode -halt-on-error -recorder -output-directory="plans/artifacts/modern-hmc-monograph-2026-10-07/r1/integration-20261007/chapter-build"  "modern_hmc_survey.tex"'
------------
Latexmk: Change directory back to '/tmp/BayesFilter-modern-hmc-survey-20261007/docs'
Latexmk: applying rule 'pdflatex'...
This is pdfTeX, Version 3.141592653-2.6-1.40.22 (TeX Live 2022/dev/Debian) (preloaded format=pdflatex)
 restricted \write18 enabled.
entering extended mode
(./modern_hmc_survey.tex
LaTeX2e <2021-11-15> patch level 1
L3 programming layer <2022-01-21>
(/usr/share/texlive/texmf-dist/tex/latex/base/book.cls
Document Class: book 2021/10/04 v1.4n Standard LaTeX document class
(/usr/share/texlive/texmf-dist/tex/latex/base/bk12.clo)) (./preamble.tex
(/usr/share/texlive/texmf-dist/tex/latex/geometry/geometry.sty
(/usr/share/texlive/texmf-dist/tex/latex/graphics/keyval.sty)
(/usr/share/texlive/texmf-dist/tex/generic/iftex/ifvtex.sty
(/usr/share/texlive/texmf-dist/tex/generic/iftex/iftex.sty)))
(/usr/share/texlive/texmf-dist/tex/latex/amsmath/amsmath.sty
For additional information on amsmath, use the `?' option.
(/usr/share/texlive/texmf-dist/tex/latex/amsmath/amstext.sty
(/usr/share/texlive/texmf-dist/tex/latex/amsmath/amsgen.sty))
(/usr/share/texlive/texmf-dist/tex/latex/amsmath/amsbsy.sty)
(/usr/share/texlive/texmf-dist/tex/latex/amsmath/amsopn.sty))
(/usr/share/texlive/texmf-dist/tex/latex/amsfonts/amssymb.sty
(/usr/share/texlive/texmf-dist/tex/latex/amsfonts/amsfonts.sty))
(/usr/share/texlive/texmf-dist/tex/latex/amscls/amsthm.sty)
(/usr/share/texlive/texmf-dist/tex/latex/tools/bm.sty)
(/usr/share/texlive/texmf-dist/tex/latex/mathtools/mathtools.sty
(/usr/share/texlive/texmf-dist/tex/latex/tools/calc.sty)
(/usr/share/texlive/texmf-dist/tex/latex/mathtools/mhsetup.sty))
(/usr/share/texlive/texmf-dist/tex/latex/booktabs/booktabs.sty)
(/usr/share/texlive/texmf-dist/tex/latex/tools/longtable.sty)
(/usr/share/texlive/texmf-dist/tex/latex/tools/array.sty)
(/usr/share/texlive/texmf-dist/tex/latex/enumitem/enumitem.sty)
(/usr/share/texlive/texmf-dist/tex/latex/placeins/placeins.sty)
(/usr/share/texlive/texmf-dist/tex/latex/graphics/graphicx.sty
(/usr/share/texlive/texmf-dist/tex/latex/graphics/graphics.sty
(/usr/share/texlive/texmf-dist/tex/latex/graphics/trig.sty)
(/usr/share/texlive/texmf-dist/tex/latex/graphics-cfg/graphics.cfg)
(/usr/share/texlive/texmf-dist/tex/latex/graphics-def/pdftex.def)))
(/usr/share/texlive/texmf-dist/tex/latex/pgf/frontendlayer/tikz.sty
(/usr/share/texlive/texmf-dist/tex/latex/pgf/basiclayer/pgf.sty
(/usr/share/texlive/texmf-dist/tex/latex/pgf/utilities/pgfrcs.sty
(/usr/share/texlive/texmf-dist/tex/generic/pgf/utilities/pgfutil-common.tex
(/usr/share/texlive/texmf-dist/tex/generic/pgf/utilities/pgfutil-common-lists.t
ex)) (/usr/share/texlive/texmf-dist/tex/generic/pgf/utilities/pgfutil-latex.def
) (/usr/share/texlive/texmf-dist/tex/generic/pgf/utilities/pgfrcs.code.tex
(/usr/share/texlive/texmf-dist/tex/generic/pgf/pgf.revision.tex)))
(/usr/share/texlive/texmf-dist/tex/latex/pgf/basiclayer/pgfcore.sty
(/usr/share/texlive/texmf-dist/tex/latex/pgf/systemlayer/pgfsys.sty
(/usr/share/texlive/texmf-dist/tex/generic/pgf/systemlayer/pgfsys.code.tex
(/usr/share/texlive/texmf-dist/tex/generic/pgf/utilities/pgfkeys.code.tex
(/usr/share/texlive/texmf-dist/tex/generic/pgf/utilities/pgfkeysfiltered.code.t
ex)) (/usr/share/texlive/texmf-dist/tex/generic/pgf/systemlayer/pgf.cfg)
(/usr/share/texlive/texmf-dist/tex/generic/pgf/systemlayer/pgfsys-pdftex.def
(/usr/share/texlive/texmf-dist/tex/generic/pgf/systemlayer/pgfsys-common-pdf.de
f)))
(/usr/share/texlive/texmf-dist/tex/generic/pgf/systemlayer/pgfsyssoftpath.code.
tex)
(/usr/share/texlive/texmf-dist/tex/generic/pgf/systemlayer/pgfsysprotocol.code.
tex)) (/usr/share/texlive/texmf-dist/tex/latex/xcolor/xcolor.sty
(/usr/share/texlive/texmf-dist/tex/latex/graphics-cfg/color.cfg))
(/usr/share/texlive/texmf-dist/tex/generic/pgf/basiclayer/pgfcore.code.tex
(/usr/share/texlive/texmf-dist/tex/generic/pgf/math/pgfmath.code.tex
(/usr/share/texlive/texmf-dist/tex/generic/pgf/math/pgfmathcalc.code.tex
(/usr/share/texlive/texmf-dist/tex/generic/pgf/math/pgfmathutil.code.tex)
(/usr/share/texlive/texmf-dist/tex/generic/pgf/math/pgfmathparser.code.tex)
(/usr/share/texlive/texmf-dist/tex/generic/pgf/math/pgfmathfunctions.code.tex
(/usr/share/texlive/texmf-dist/tex/generic/pgf/math/pgfmathfunctions.basic.code
.tex)
(/usr/share/texlive/texmf-dist/tex/generic/pgf/math/pgfmathfunctions.trigonomet
ric.code.tex)
(/usr/share/texlive/texmf-dist/tex/generic/pgf/math/pgfmathfunctions.random.cod
e.tex)
(/usr/share/texlive/texmf-dist/tex/generic/pgf/math/pgfmathfunctions.comparison
.code.tex)
(/usr/share/texlive/texmf-dist/tex/generic/pgf/math/pgfmathfunctions.base.code.
tex)
(/usr/share/texlive/texmf-dist/tex/generic/pgf/math/pgfmathfunctions.round.code
.tex)
(/usr/share/texlive/texmf-dist/tex/generic/pgf/math/pgfmathfunctions.misc.code.
tex)
(/usr/share/texlive/texmf-dist/tex/generic/pgf/math/pgfmathfunctions.integerari
thmetics.code.tex)))
(/usr/share/texlive/texmf-dist/tex/generic/pgf/math/pgfmathfloat.code.tex))
(/usr/share/texlive/texmf-dist/tex/generic/pgf/math/pgfint.code.tex)
(/usr/share/texlive/texmf-dist/tex/generic/pgf/basiclayer/pgfcorepoints.code.te
x)
(/usr/share/texlive/texmf-dist/tex/generic/pgf/basiclayer/pgfcorepathconstruct.
code.tex)
(/usr/share/texlive/texmf-dist/tex/generic/pgf/basiclayer/pgfcorepathusage.code
.tex)
(/usr/share/texlive/texmf-dist/tex/generic/pgf/basiclayer/pgfcorescopes.code.te
x)
(/usr/share/texlive/texmf-dist/tex/generic/pgf/basiclayer/pgfcoregraphicstate.c
ode.tex)
(/usr/share/texlive/texmf-dist/tex/generic/pgf/basiclayer/pgfcoretransformation
s.code.tex)
(/usr/share/texlive/texmf-dist/tex/generic/pgf/basiclayer/pgfcorequick.code.tex
)
(/usr/share/texlive/texmf-dist/tex/generic/pgf/basiclayer/pgfcoreobjects.code.t
ex)
(/usr/share/texlive/texmf-dist/tex/generic/pgf/basiclayer/pgfcorepathprocessing
.code.tex)
(/usr/share/texlive/texmf-dist/tex/generic/pgf/basiclayer/pgfcorearrows.code.te
x)
(/usr/share/texlive/texmf-dist/tex/generic/pgf/basiclayer/pgfcoreshade.code.tex
)
(/usr/share/texlive/texmf-dist/tex/generic/pgf/basiclayer/pgfcoreimage.code.tex

(/usr/share/texlive/texmf-dist/tex/generic/pgf/basiclayer/pgfcoreexternal.code.
tex))
(/usr/share/texlive/texmf-dist/tex/generic/pgf/basiclayer/pgfcorelayers.code.te
x)
(/usr/share/texlive/texmf-dist/tex/generic/pgf/basiclayer/pgfcoretransparency.c
ode.tex)
(/usr/share/texlive/texmf-dist/tex/generic/pgf/basiclayer/pgfcorepatterns.code.
tex)
(/usr/share/texlive/texmf-dist/tex/generic/pgf/basiclayer/pgfcorerdf.code.tex))
)
(/usr/share/texlive/texmf-dist/tex/generic/pgf/modules/pgfmoduleshapes.code.tex
) (/usr/share/texlive/texmf-dist/tex/generic/pgf/modules/pgfmoduleplot.code.tex
)
(/usr/share/texlive/texmf-dist/tex/latex/pgf/compatibility/pgfcomp-version-0-65
.sty)
(/usr/share/texlive/texmf-dist/tex/latex/pgf/compatibility/pgfcomp-version-1-18
.sty)) (/usr/share/texlive/texmf-dist/tex/latex/pgf/utilities/pgffor.sty
(/usr/share/texlive/texmf-dist/tex/latex/pgf/utilities/pgfkeys.sty
(/usr/share/texlive/texmf-dist/tex/generic/pgf/utilities/pgfkeys.code.tex))
(/usr/share/texlive/texmf-dist/tex/latex/pgf/math/pgfmath.sty
(/usr/share/texlive/texmf-dist/tex/generic/pgf/math/pgfmath.code.tex))
(/usr/share/texlive/texmf-dist/tex/generic/pgf/utilities/pgffor.code.tex
(/usr/share/texlive/texmf-dist/tex/generic/pgf/math/pgfmath.code.tex)))
(/usr/share/texlive/texmf-dist/tex/generic/pgf/frontendlayer/tikz/tikz.code.tex

(/usr/share/texlive/texmf-dist/tex/generic/pgf/libraries/pgflibraryplothandlers
.code.tex)
(/usr/share/texlive/texmf-dist/tex/generic/pgf/modules/pgfmodulematrix.code.tex
)
(/usr/share/texlive/texmf-dist/tex/generic/pgf/frontendlayer/tikz/libraries/tik
zlibrarytopaths.code.tex)))
(/usr/share/texlive/texmf-dist/tex/generic/pgf/libraries/pgflibraryarrows.meta.
code.tex)
(/usr/share/texlive/texmf-dist/tex/generic/pgf/frontendlayer/tikz/libraries/tik
zlibrarycalc.code.tex)
(/usr/share/texlive/texmf-dist/tex/generic/pgf/frontendlayer/tikz/libraries/tik
zlibrarypositioning.code.tex)
(/usr/share/texlive/texmf-dist/tex/latex/hyperref/hyperref.sty
(/usr/share/texlive/texmf-dist/tex/generic/ltxcmds/ltxcmds.sty)
(/usr/share/texlive/texmf-dist/tex/generic/pdftexcmds/pdftexcmds.sty
(/usr/share/texlive/texmf-dist/tex/generic/infwarerr/infwarerr.sty))
(/usr/share/texlive/texmf-dist/tex/generic/kvsetkeys/kvsetkeys.sty)
(/usr/share/texlive/texmf-dist/tex/generic/kvdefinekeys/kvdefinekeys.sty)
(/usr/share/texlive/texmf-dist/tex/generic/pdfescape/pdfescape.sty)
(/usr/share/texlive/texmf-dist/tex/latex/hycolor/hycolor.sty)
(/usr/share/texlive/texmf-dist/tex/latex/letltxmacro/letltxmacro.sty)
(/usr/share/texlive/texmf-dist/tex/latex/auxhook/auxhook.sty)
(/usr/share/texlive/texmf-dist/tex/latex/kvoptions/kvoptions.sty)
(/usr/share/texlive/texmf-dist/tex/latex/hyperref/pd1enc.def)
(/usr/share/texlive/texmf-dist/tex/latex/hyperref/hyperref-langpatches.def)
(/usr/share/texlive/texmf-dist/tex/generic/intcalc/intcalc.sty)
(/usr/share/texlive/texmf-dist/tex/generic/etexcmds/etexcmds.sty)
(/usr/share/texlive/texmf-dist/tex/latex/hyperref/puenc.def)
(/usr/share/texlive/texmf-dist/tex/latex/url/url.sty)
(/usr/share/texlive/texmf-dist/tex/generic/bitset/bitset.sty
(/usr/share/texlive/texmf-dist/tex/generic/bigintcalc/bigintcalc.sty))
(/usr/share/texlive/texmf-dist/tex/latex/base/atbegshi-ltx.sty))
(/usr/share/texlive/texmf-dist/tex/latex/hyperref/hpdftex.def
(/usr/share/texlive/texmf-dist/tex/latex/base/atveryend-ltx.sty)
(/usr/share/texlive/texmf-dist/tex/latex/rerunfilecheck/rerunfilecheck.sty
(/usr/share/texlive/texmf-dist/tex/generic/uniquecounter/uniquecounter.sty)))
(/usr/share/texlive/texmf-dist/tex/latex/natbib/natbib.sty)
(/usr/share/texlive/texmf-dist/tex/latex/mdframed/mdframed.sty
(/usr/share/texlive/texmf-dist/tex/latex/l3packages/xparse/xparse.sty
(/usr/share/texlive/texmf-dist/tex/latex/l3kernel/expl3.sty
(/usr/share/texlive/texmf-dist/tex/latex/l3backend/l3backend-pdftex.def)))
(/usr/share/texlive/texmf-dist/tex/latex/etoolbox/etoolbox.sty)
(/usr/share/texlive/texmf-dist/tex/latex/zref/zref-abspage.sty
(/usr/share/texlive/texmf-dist/tex/latex/zref/zref-base.sty))
(/usr/share/texlive/texmf-dist/tex/latex/needspace/needspace.sty)
(/usr/share/texlive/texmf-dist/tex/latex/mdframed/md-frame-0.mdf))
(/usr/share/texlive/texmf-dist/tex/latex/algorithms/algorithm.sty
(/usr/share/texlive/texmf-dist/tex/latex/float/float.sty)
(/usr/share/texlive/texmf-dist/tex/latex/base/ifthen.sty))
(/usr/share/texlive/texmf-dist/tex/latex/algorithmicx/algpseudocode.sty
(/usr/share/texlive/texmf-dist/tex/latex/algorithmicx/algorithmicx.sty
Document Style algorithmicx 1.2 - a greatly improved `algorithmic' style
)
Document Style - pseudocode environments for use with the `algorithmicx' style
) (/usr/share/texlive/texmf-dist/tex/latex/listings/listings.sty
(/usr/share/texlive/texmf-dist/tex/latex/listings/lstmisc.sty)
(/usr/share/texlive/texmf-dist/tex/latex/listings/listings.cfg)))
(plans/artifacts/modern-hmc-monograph-2026-10-07/r1/integration-20261007/chapte
r-build/modern_hmc_survey.aux)
*geometry* driver: auto-detecting
*geometry* detected driver: pdftex
(/usr/share/texlive/texmf-dist/tex/context/base/mkii/supp-pdf.mkii
[Loading MPS to PDF converter (version 2006.09.02).]
) (/usr/share/texlive/texmf-dist/tex/latex/epstopdf-pkg/epstopdf-base.sty
(/usr/share/texlive/texmf-dist/tex/latex/latexconfig/epstopdf-sys.cfg))
(/usr/share/texlive/texmf-dist/tex/latex/hyperref/nameref.sty
(/usr/share/texlive/texmf-dist/tex/latex/refcount/refcount.sty)
(/usr/share/texlive/texmf-dist/tex/generic/gettitlestring/gettitlestring.sty))
(plans/artifacts/modern-hmc-monograph-2026-10-07/r1/integration-20261007/chapte
r-build/modern_hmc_survey.out)
(plans/artifacts/modern-hmc-monograph-2026-10-07/r1/integration-20261007/chapte
r-build/modern_hmc_survey.out)
(/usr/share/texlive/texmf-dist/tex/latex/amsfonts/umsa.fd)
(/usr/share/texlive/texmf-dist/tex/latex/amsfonts/umsb.fd) [1{/var/lib/texmf/fo
nts/map/pdftex/updmap/pdftex.map}]
(plans/artifacts/modern-hmc-monograph-2026-10-07/r1/integration-20261007/chapte
r-build/modern_hmc_survey.toc [2]) [3] [4]
(./chapters/ch26g_modern_hmc_methods.tex
Chapter 1.

Package natbib Warning: Citation `hoffman2021chees' on page 1 undefined on inpu
t line 25.


Package natbib Warning: Citation `sountsov2022snaper' on page 1 undefined on in
put line 25.


Package natbib Warning: Citation `rioudurand2023malt' on page 1 undefined on in
put line 25.


Package natbib Warning: Citation `hoffman2022meads' on page 1 undefined on inpu
t line 25.


Package natbib Warning: Citation `robnik2025mams' on page 1 undefined on input 
line 25.


Package natbib Warning: Citation `robnik2026laps' on page 1 undefined on input 
line 25.


Package natbib Warning: Citation `hoffman2019neutra' on page 1 undefined on inp
ut line 25.


Package natbib Warning: Citation `zhang2022pathfinder' on page 1 undefined on i
nput line 25.


Package natbib Warning: Citation `sarkka2020parallel' on page 1 undefined on in
put line 25.


Package natbib Warning: Citation `corenflos2024particlemala' on page 1 undefine
d on input line 25.


Underfull \vbox (badness 10000) has occurred while \output is active [1]

Package natbib Warning: Citation `sountsov2024hardware' on page 2 undefined on 
input line 89.

[2]

Package natbib Warning: Citation `neal2011mcmc' on page 3 undefined on input li
ne 162.

[3] [4] [5]

Package natbib Warning: Citation `hoffman2014nuts' on page 6 undefined on input
 line 325.


Package natbib Warning: Citation `sountsov2022snaper' on page 6 undefined on in
put line 371.

[6]

Package natbib Warning: Citation `hoffman2021chees' on page 7 undefined on inpu
t line 395.


Package natbib Warning: Citation `sountsov2022snaper' on page 7 undefined on in
put line 395.


Package natbib Warning: Citation `sountsov2022snaper' on page 7 undefined on in
put line 428.

[7]

Package natbib Warning: Citation `rioudurand2023malt' on page 8 undefined on in
put line 495.

[8]

Package natbib Warning: Citation `rioudurand2023adaptive' on page 9 undefined o
n input line 542.


Package natbib Warning: Citation `hoffman2022meads' on page 9 undefined on inpu
t line 561.

[9]

Package natbib Warning: Citation `robnik2025mams' on page 10 undefined on input
 line 597.

[10]

Package natbib Warning: Citation `robnik2025mams' on page 11 undefined on input
 line 653.


Package natbib Warning: Citation `robnik2025mams' on page 11 undefined on input
 line 713.

[11]

Package natbib Warning: Citation `robnik2025mclmc' on page 12 undefined on inpu
t line 750.


Package natbib Warning: Citation `robnik2025mams' on page 12 undefined on input
 line 750.

[12] [13]

Package natbib Warning: Citation `robnik2026unadjusted' on page 14 undefined on
 input line 867.


Package natbib Warning: Citation `robnik2026laps' on page 14 undefined on input
 line 883.

[14] [15]

Package natbib Warning: Citation `robnik2025mams' on page 16 undefined on input
 line 1040.


Package natbib Warning: Citation `robnik2025mams' on page 16 undefined on input
 line 1040.


Package natbib Warning: Citation `robnik2026laps' on page 16 undefined on input
 line 1047.

[16] [17]

Package natbib Warning: Citation `hoffman2019neutra' on page 18 undefined on in
put line 1140.


Package natbib Warning: Citation `zhang2022pathfinder' on page 18 undefined on 
input line 1158.

[18]

Package natbib Warning: Citation `turok2026drghmc' on page 19 undefined on inpu
t line 1224.


Package natbib Warning: Citation `nishimura2020discontinuous' on page 19 undefi
ned on input line 1268.

[19]

Package natbib Warning: Citation `sarkka2020parallel' on page 20 undefined on i
nput line 1307.

[20] [21]

Package natbib Warning: Citation `andrieu2010particle' on page 22 undefined on 
input line 1464.


Package natbib Warning: Citation `corenflos2024particlemala' on page 22 undefin
ed on input line 1471.

[22] [23] [24]

Package natbib Warning: Citation `flegal2010batchmeans' on page 25 undefined on
 input line 1628.


Package natbib Warning: Citation `vats2021lugsail' on page 25 undefined on inpu
t line 1629.


Package natbib Warning: Citation `vats2021lugsail' on page 25 undefined on inpu
t line 1638.

[25]

Package natbib Warning: Citation `vehtari2021rank' on page 26 undefined on inpu
t line 1705.


Package natbib Warning: Citation `margossian2024nested' on page 26 undefined on
 input line 1715.

[26]

Package natbib Warning: Citation `flegalgongfixedwidth' on page 27 undefined on
 input line 1774.

[27] [28] [29] [30]

Package natbib Warning: Citation `talts2020sbc' on page 31 undefined on input l
ine 2003.


Package natbib Warning: Citation `gandy2021mcmctesting' on page 31 undefined on
 input line 2011.


Underfull \vbox (badness 10000) has occurred while \output is active [31])
[32]
(plans/artifacts/modern-hmc-monograph-2026-10-07/r1/integration-20261007/chapte
r-build/modern_hmc_survey.bbl [33] [34])

Package natbib Warning: There were undefined citations.

[35]
(plans/artifacts/modern-hmc-monograph-2026-10-07/r1/integration-20261007/chapte
r-build/modern_hmc_survey.aux

Package natbib Warning: Citation(s) may have changed.
(natbib)                Rerun to get citations correct.

) )
(see the transcript file for additional information)</usr/share/texlive/texmf-d
ist/fonts/type1/public/amsfonts/cm/cmbx12.pfb></usr/share/texlive/texmf-dist/fo
nts/type1/public/amsfonts/cm/cmbx8.pfb></usr/share/texlive/texmf-dist/fonts/typ
e1/public/amsfonts/cm/cmex10.pfb></usr/share/texlive/texmf-dist/fonts/type1/pub
lic/amsfonts/cm/cmmi12.pfb></usr/share/texlive/texmf-dist/fonts/type1/public/am
sfonts/cm/cmmi6.pfb></usr/share/texlive/texmf-dist/fonts/type1/public/amsfonts/
cm/cmmi8.pfb></usr/share/texlive/texmf-dist/fonts/type1/public/amsfonts/cm/cmr1
0.pfb></usr/share/texlive/texmf-dist/fonts/type1/public/amsfonts/cm/cmr12.pfb><
/usr/share/texlive/texmf-dist/fonts/type1/public/amsfonts/cm/cmr17.pfb></usr/sh
are/texlive/texmf-dist/fonts/type1/public/amsfonts/cm/cmr6.pfb></usr/share/texl
ive/texmf-dist/fonts/type1/public/amsfonts/cm/cmr8.pfb></usr/share/texlive/texm
f-dist/fonts/type1/public/amsfonts/cm/cmsl12.pfb></usr/share/texlive/texmf-dist
/fonts/type1/public/amsfonts/cm/cmsy10.pfb></usr/share/texlive/texmf-dist/fonts
/type1/public/amsfonts/cm/cmsy6.pfb></usr/share/texlive/texmf-dist/fonts/type1/
public/amsfonts/cm/cmsy8.pfb></usr/share/texlive/texmf-dist/fonts/type1/public/
amsfonts/cm/cmti12.pfb></usr/share/texlive/texmf-dist/fonts/type1/public/amsfon
ts/cm/cmtt12.pfb></usr/share/texlive/texmf-dist/fonts/type1/public/amsfonts/sym
bols/msbm10.pfb>
Output written on plans/artifacts/modern-hmc-monograph-2026-10-07/r1/integratio
n-20261007/chapter-build/modern_hmc_survey.pdf (39 pages, 403359 bytes).
Transcript written on plans/artifacts/modern-hmc-monograph-2026-10-07/r1/integr
ation-20261007/chapter-build/modern_hmc_survey.log.
Latexmk: Found input bbl file 'plans/artifacts/modern-hmc-monograph-2026-10-07/r1/integration-20261007/chapter-build/modern_hmc_survey.bbl'
Latexmk: References changed.
Latexmk: Log file says output to 'plans/artifacts/modern-hmc-monograph-2026-10-07/r1/integration-20261007/chapter-build/modern_hmc_survey.pdf'
Latexmk: List of undefined refs and citations:
  Citation `andrieu2010particle' on page 22 undefined on input line 1464
  Citation `corenflos2024particlemala' on page 1 undefined on input line 25
  Citation `corenflos2024particlemala' on page 22 undefined on input line 1471
  Citation `flegal2010batchmeans' on page 25 undefined on input line 1628
  Citation `flegalgongfixedwidth' on page 27 undefined on input line 1774
  Citation `gandy2021mcmctesting' on page 31 undefined on input line 2011
  Citation `hoffman2014nuts' on page 6 undefined on input line 325
  Citation `hoffman2019neutra' on page 1 undefined on input line 25
  Citation `hoffman2019neutra' on page 18 undefined on input line 1140
  Citation `hoffman2021chees' on page 1 undefined on input line 25
  Citation `hoffman2021chees' on page 7 undefined on input line 395
  Citation `hoffman2022meads' on page 1 undefined on input line 25
  Citation `hoffman2022meads' on page 9 undefined on input line 561
  Citation `margossian2024nested' on page 26 undefined on input line 1715
  Citation `neal2011mcmc' on page 3 undefined on input line 162
  Citation `nishimura2020discontinuous' on page 19 undefined on input line 1268
  Citation `rioudurand2023adaptive' on page 9 undefined on input line 542
  Citation `rioudurand2023malt' on page 1 undefined on input line 25
  Citation `rioudurand2023malt' on page 8 undefined on input line 495
  Citation `robnik2025mams' on page 1 undefined on input line 25
  Citation `robnik2025mams' on page 10 undefined on input line 597
  Citation `robnik2025mams' on page 11 undefined on input line 653
  Citation `robnik2025mams' on page 11 undefined on input line 713
  Citation `robnik2025mams' on page 12 undefined on input line 750
  Citation `robnik2025mams' on page 16 undefined on input line 1040
  Citation `robnik2025mclmc' on page 12 undefined on input line 750
  Citation `robnik2026laps' on page 1 undefined on input line 25
  Citation `robnik2026laps' on page 14 undefined on input line 883
  Citation `robnik2026laps' on page 16 undefined on input line 1047
  Citation `robnik2026unadjusted' on page 14 undefined on input line 867
  Citation `sarkka2020parallel' on page 1 undefined on input line 25
  Citation `sarkka2020parallel' on page 20 undefined on input line 1307
  Citation `sountsov2022snaper' on page 1 undefined on input line 25
  Citation `sountsov2022snaper' on page 6 undefined on input line 371
  Citation `sountsov2022snaper' on page 7 undefined on input line 395
  Citation `sountsov2022snaper' on page 7 undefined on input line 428
  Citation `sountsov2024hardware' on page 2 undefined on input line 89
  Citation `talts2020sbc' on page 31 undefined on input line 2003
  Citation `turok2026drghmc' on page 19 undefined on input line 1224
  Citation `vats2021lugsail' on page 25 undefined on input line 1629
  Citation `vats2021lugsail' on page 25 undefined on input line 1638
  Citation `vehtari2021rank' on page 26 undefined on input line 1705
  Citation `zhang2022pathfinder' on page 1 undefined on input line 25
  Citation `zhang2022pathfinder' on page 18 undefined on input line 1158
Latexmk: Examining 'plans/artifacts/modern-hmc-monograph-2026-10-07/r1/integration-20261007/chapter-build/modern_hmc_survey.log'
=== TeX engine is 'pdfTeX'
Latexmk: Found bibliography file(s) [/tmp/BayesFilter-modern-hmc-survey-20261007/docs/references.bib]
Rule 'bibtex plans/artifacts/modern-hmc-monograph-2026-10-07/r1/integration-20261007/chapter-build/modern_hmc_survey': File changes, etc:
   Changed files, or newly in use since previous run(s):
      'plans/artifacts/modern-hmc-monograph-2026-10-07/r1/integration-20261007/chapter-build/modern_hmc_survey.aux'
------------
Run number 2 of rule 'bibtex plans/artifacts/modern-hmc-monograph-2026-10-07/r1/integration-20261007/chapter-build/modern_hmc_survey'
------------
Latexmk: applying rule 'bibtex plans/artifacts/modern-hmc-monograph-2026-10-07/r1/integration-20261007/chapter-build/modern_hmc_survey'...
------------
Running 'bibtex  "modern_hmc_survey.aux"'
------------
Latexmk: Change directory to 'plans/artifacts/modern-hmc-monograph-2026-10-07/r1/integration-20261007/chapter-build/'.
To assist finding of files in document
directory, I set
  BIBINPUTS='/tmp/BayesFilter-modern-hmc-survey-20261007/docs:plans/artifacts/modern-hmc-monograph-2026-10-07/r1/integration-20261007/chapter-build:/tmp/BayesFilter-modern-hmc-survey-20261007/docs:'
  BSTINPUTS='/tmp/BayesFilter-modern-hmc-survey-20261007/docs:'.
This is BibTeX, Version 0.99d (TeX Live 2022/dev/Debian)
The top-level auxiliary file: modern_hmc_survey.aux
The style file: plainnat.bst
Database file #1: references.bib
Rule 'pdflatex': File changes, etc:
   Changed files, or newly in use since previous run(s):
      'plans/artifacts/modern-hmc-monograph-2026-10-07/r1/integration-20261007/chapter-build/modern_hmc_survey.aux'
      'plans/artifacts/modern-hmc-monograph-2026-10-07/r1/integration-20261007/chapter-build/modern_hmc_survey.toc'
------------
Run number 3 of rule 'pdflatex'
------------
------------
Running 'pdflatex  -interaction=nonstopmode -halt-on-error -recorder -output-directory="plans/artifacts/modern-hmc-monograph-2026-10-07/r1/integration-20261007/chapter-build"  "modern_hmc_survey.tex"'
------------
Latexmk: Change directory back to '/tmp/BayesFilter-modern-hmc-survey-20261007/docs'
Latexmk: applying rule 'pdflatex'...
This is pdfTeX, Version 3.141592653-2.6-1.40.22 (TeX Live 2022/dev/Debian) (preloaded format=pdflatex)
 restricted \write18 enabled.
entering extended mode
(./modern_hmc_survey.tex
LaTeX2e <2021-11-15> patch level 1
L3 programming layer <2022-01-21>
(/usr/share/texlive/texmf-dist/tex/latex/base/book.cls
Document Class: book 2021/10/04 v1.4n Standard LaTeX document class
(/usr/share/texlive/texmf-dist/tex/latex/base/bk12.clo)) (./preamble.tex
(/usr/share/texlive/texmf-dist/tex/latex/geometry/geometry.sty
(/usr/share/texlive/texmf-dist/tex/latex/graphics/keyval.sty)
(/usr/share/texlive/texmf-dist/tex/generic/iftex/ifvtex.sty
(/usr/share/texlive/texmf-dist/tex/generic/iftex/iftex.sty)))
(/usr/share/texlive/texmf-dist/tex/latex/amsmath/amsmath.sty
For additional information on amsmath, use the `?' option.
(/usr/share/texlive/texmf-dist/tex/latex/amsmath/amstext.sty
(/usr/share/texlive/texmf-dist/tex/latex/amsmath/amsgen.sty))
(/usr/share/texlive/texmf-dist/tex/latex/amsmath/amsbsy.sty)
(/usr/share/texlive/texmf-dist/tex/latex/amsmath/amsopn.sty))
(/usr/share/texlive/texmf-dist/tex/latex/amsfonts/amssymb.sty
(/usr/share/texlive/texmf-dist/tex/latex/amsfonts/amsfonts.sty))
(/usr/share/texlive/texmf-dist/tex/latex/amscls/amsthm.sty)
(/usr/share/texlive/texmf-dist/tex/latex/tools/bm.sty)
(/usr/share/texlive/texmf-dist/tex/latex/mathtools/mathtools.sty
(/usr/share/texlive/texmf-dist/tex/latex/tools/calc.sty)
(/usr/share/texlive/texmf-dist/tex/latex/mathtools/mhsetup.sty))
(/usr/share/texlive/texmf-dist/tex/latex/booktabs/booktabs.sty)
(/usr/share/texlive/texmf-dist/tex/latex/tools/longtable.sty)
(/usr/share/texlive/texmf-dist/tex/latex/tools/array.sty)
(/usr/share/texlive/texmf-dist/tex/latex/enumitem/enumitem.sty)
(/usr/share/texlive/texmf-dist/tex/latex/placeins/placeins.sty)
(/usr/share/texlive/texmf-dist/tex/latex/graphics/graphicx.sty
(/usr/share/texlive/texmf-dist/tex/latex/graphics/graphics.sty
(/usr/share/texlive/texmf-dist/tex/latex/graphics/trig.sty)
(/usr/share/texlive/texmf-dist/tex/latex/graphics-cfg/graphics.cfg)
(/usr/share/texlive/texmf-dist/tex/latex/graphics-def/pdftex.def)))
(/usr/share/texlive/texmf-dist/tex/latex/pgf/frontendlayer/tikz.sty
(/usr/share/texlive/texmf-dist/tex/latex/pgf/basiclayer/pgf.sty
(/usr/share/texlive/texmf-dist/tex/latex/pgf/utilities/pgfrcs.sty
(/usr/share/texlive/texmf-dist/tex/generic/pgf/utilities/pgfutil-common.tex
(/usr/share/texlive/texmf-dist/tex/generic/pgf/utilities/pgfutil-common-lists.t
ex)) (/usr/share/texlive/texmf-dist/tex/generic/pgf/utilities/pgfutil-latex.def
) (/usr/share/texlive/texmf-dist/tex/generic/pgf/utilities/pgfrcs.code.tex
(/usr/share/texlive/texmf-dist/tex/generic/pgf/pgf.revision.tex)))
(/usr/share/texlive/texmf-dist/tex/latex/pgf/basiclayer/pgfcore.sty
(/usr/share/texlive/texmf-dist/tex/latex/pgf/systemlayer/pgfsys.sty
(/usr/share/texlive/texmf-dist/tex/generic/pgf/systemlayer/pgfsys.code.tex
(/usr/share/texlive/texmf-dist/tex/generic/pgf/utilities/pgfkeys.code.tex
(/usr/share/texlive/texmf-dist/tex/generic/pgf/utilities/pgfkeysfiltered.code.t
ex)) (/usr/share/texlive/texmf-dist/tex/generic/pgf/systemlayer/pgf.cfg)
(/usr/share/texlive/texmf-dist/tex/generic/pgf/systemlayer/pgfsys-pdftex.def
(/usr/share/texlive/texmf-dist/tex/generic/pgf/systemlayer/pgfsys-common-pdf.de
f)))
(/usr/share/texlive/texmf-dist/tex/generic/pgf/systemlayer/pgfsyssoftpath.code.
tex)
(/usr/share/texlive/texmf-dist/tex/generic/pgf/systemlayer/pgfsysprotocol.code.
tex)) (/usr/share/texlive/texmf-dist/tex/latex/xcolor/xcolor.sty
(/usr/share/texlive/texmf-dist/tex/latex/graphics-cfg/color.cfg))
(/usr/share/texlive/texmf-dist/tex/generic/pgf/basiclayer/pgfcore.code.tex
(/usr/share/texlive/texmf-dist/tex/generic/pgf/math/pgfmath.code.tex
(/usr/share/texlive/texmf-dist/tex/generic/pgf/math/pgfmathcalc.code.tex
(/usr/share/texlive/texmf-dist/tex/generic/pgf/math/pgfmathutil.code.tex)
(/usr/share/texlive/texmf-dist/tex/generic/pgf/math/pgfmathparser.code.tex)
(/usr/share/texlive/texmf-dist/tex/generic/pgf/math/pgfmathfunctions.code.tex
(/usr/share/texlive/texmf-dist/tex/generic/pgf/math/pgfmathfunctions.basic.code
.tex)
(/usr/share/texlive/texmf-dist/tex/generic/pgf/math/pgfmathfunctions.trigonomet
ric.code.tex)
(/usr/share/texlive/texmf-dist/tex/generic/pgf/math/pgfmathfunctions.random.cod
e.tex)
(/usr/share/texlive/texmf-dist/tex/generic/pgf/math/pgfmathfunctions.comparison
.code.tex)
(/usr/share/texlive/texmf-dist/tex/generic/pgf/math/pgfmathfunctions.base.code.
tex)
(/usr/share/texlive/texmf-dist/tex/generic/pgf/math/pgfmathfunctions.round.code
.tex)
(/usr/share/texlive/texmf-dist/tex/generic/pgf/math/pgfmathfunctions.misc.code.
tex)
(/usr/share/texlive/texmf-dist/tex/generic/pgf/math/pgfmathfunctions.integerari
thmetics.code.tex)))
(/usr/share/texlive/texmf-dist/tex/generic/pgf/math/pgfmathfloat.code.tex))
(/usr/share/texlive/texmf-dist/tex/generic/pgf/math/pgfint.code.tex)
(/usr/share/texlive/texmf-dist/tex/generic/pgf/basiclayer/pgfcorepoints.code.te
x)
(/usr/share/texlive/texmf-dist/tex/generic/pgf/basiclayer/pgfcorepathconstruct.
code.tex)
(/usr/share/texlive/texmf-dist/tex/generic/pgf/basiclayer/pgfcorepathusage.code
.tex)
(/usr/share/texlive/texmf-dist/tex/generic/pgf/basiclayer/pgfcorescopes.code.te
x)
(/usr/share/texlive/texmf-dist/tex/generic/pgf/basiclayer/pgfcoregraphicstate.c
ode.tex)
(/usr/share/texlive/texmf-dist/tex/generic/pgf/basiclayer/pgfcoretransformation
s.code.tex)
(/usr/share/texlive/texmf-dist/tex/generic/pgf/basiclayer/pgfcorequick.code.tex
)
(/usr/share/texlive/texmf-dist/tex/generic/pgf/basiclayer/pgfcoreobjects.code.t
ex)
(/usr/share/texlive/texmf-dist/tex/generic/pgf/basiclayer/pgfcorepathprocessing
.code.tex)
(/usr/share/texlive/texmf-dist/tex/generic/pgf/basiclayer/pgfcorearrows.code.te
x)
(/usr/share/texlive/texmf-dist/tex/generic/pgf/basiclayer/pgfcoreshade.code.tex
)
(/usr/share/texlive/texmf-dist/tex/generic/pgf/basiclayer/pgfcoreimage.code.tex

(/usr/share/texlive/texmf-dist/tex/generic/pgf/basiclayer/pgfcoreexternal.code.
tex))
(/usr/share/texlive/texmf-dist/tex/generic/pgf/basiclayer/pgfcorelayers.code.te
x)
(/usr/share/texlive/texmf-dist/tex/generic/pgf/basiclayer/pgfcoretransparency.c
ode.tex)
(/usr/share/texlive/texmf-dist/tex/generic/pgf/basiclayer/pgfcorepatterns.code.
tex)
(/usr/share/texlive/texmf-dist/tex/generic/pgf/basiclayer/pgfcorerdf.code.tex))
)
(/usr/share/texlive/texmf-dist/tex/generic/pgf/modules/pgfmoduleshapes.code.tex
) (/usr/share/texlive/texmf-dist/tex/generic/pgf/modules/pgfmoduleplot.code.tex
)
(/usr/share/texlive/texmf-dist/tex/latex/pgf/compatibility/pgfcomp-version-0-65
.sty)
(/usr/share/texlive/texmf-dist/tex/latex/pgf/compatibility/pgfcomp-version-1-18
.sty)) (/usr/share/texlive/texmf-dist/tex/latex/pgf/utilities/pgffor.sty
(/usr/share/texlive/texmf-dist/tex/latex/pgf/utilities/pgfkeys.sty
(/usr/share/texlive/texmf-dist/tex/generic/pgf/utilities/pgfkeys.code.tex))
(/usr/share/texlive/texmf-dist/tex/latex/pgf/math/pgfmath.sty
(/usr/share/texlive/texmf-dist/tex/generic/pgf/math/pgfmath.code.tex))
(/usr/share/texlive/texmf-dist/tex/generic/pgf/utilities/pgffor.code.tex
(/usr/share/texlive/texmf-dist/tex/generic/pgf/math/pgfmath.code.tex)))
(/usr/share/texlive/texmf-dist/tex/generic/pgf/frontendlayer/tikz/tikz.code.tex

(/usr/share/texlive/texmf-dist/tex/generic/pgf/libraries/pgflibraryplothandlers
.code.tex)
(/usr/share/texlive/texmf-dist/tex/generic/pgf/modules/pgfmodulematrix.code.tex
)
(/usr/share/texlive/texmf-dist/tex/generic/pgf/frontendlayer/tikz/libraries/tik
zlibrarytopaths.code.tex)))
(/usr/share/texlive/texmf-dist/tex/generic/pgf/libraries/pgflibraryarrows.meta.
code.tex)
(/usr/share/texlive/texmf-dist/tex/generic/pgf/frontendlayer/tikz/libraries/tik
zlibrarycalc.code.tex)
(/usr/share/texlive/texmf-dist/tex/generic/pgf/frontendlayer/tikz/libraries/tik
zlibrarypositioning.code.tex)
(/usr/share/texlive/texmf-dist/tex/latex/hyperref/hyperref.sty
(/usr/share/texlive/texmf-dist/tex/generic/ltxcmds/ltxcmds.sty)
(/usr/share/texlive/texmf-dist/tex/generic/pdftexcmds/pdftexcmds.sty
(/usr/share/texlive/texmf-dist/tex/generic/infwarerr/infwarerr.sty))
(/usr/share/texlive/texmf-dist/tex/generic/kvsetkeys/kvsetkeys.sty)
(/usr/share/texlive/texmf-dist/tex/generic/kvdefinekeys/kvdefinekeys.sty)
(/usr/share/texlive/texmf-dist/tex/generic/pdfescape/pdfescape.sty)
(/usr/share/texlive/texmf-dist/tex/latex/hycolor/hycolor.sty)
(/usr/share/texlive/texmf-dist/tex/latex/letltxmacro/letltxmacro.sty)
(/usr/share/texlive/texmf-dist/tex/latex/auxhook/auxhook.sty)
(/usr/share/texlive/texmf-dist/tex/latex/kvoptions/kvoptions.sty)
(/usr/share/texlive/texmf-dist/tex/latex/hyperref/pd1enc.def)
(/usr/share/texlive/texmf-dist/tex/latex/hyperref/hyperref-langpatches.def)
(/usr/share/texlive/texmf-dist/tex/generic/intcalc/intcalc.sty)
(/usr/share/texlive/texmf-dist/tex/generic/etexcmds/etexcmds.sty)
(/usr/share/texlive/texmf-dist/tex/latex/hyperref/puenc.def)
(/usr/share/texlive/texmf-dist/tex/latex/url/url.sty)
(/usr/share/texlive/texmf-dist/tex/generic/bitset/bitset.sty
(/usr/share/texlive/texmf-dist/tex/generic/bigintcalc/bigintcalc.sty))
(/usr/share/texlive/texmf-dist/tex/latex/base/atbegshi-ltx.sty))
(/usr/share/texlive/texmf-dist/tex/latex/hyperref/hpdftex.def
(/usr/share/texlive/texmf-dist/tex/latex/base/atveryend-ltx.sty)
(/usr/share/texlive/texmf-dist/tex/latex/rerunfilecheck/rerunfilecheck.sty
(/usr/share/texlive/texmf-dist/tex/generic/uniquecounter/uniquecounter.sty)))
(/usr/share/texlive/texmf-dist/tex/latex/natbib/natbib.sty)
(/usr/share/texlive/texmf-dist/tex/latex/mdframed/mdframed.sty
(/usr/share/texlive/texmf-dist/tex/latex/l3packages/xparse/xparse.sty
(/usr/share/texlive/texmf-dist/tex/latex/l3kernel/expl3.sty
(/usr/share/texlive/texmf-dist/tex/latex/l3backend/l3backend-pdftex.def)))
(/usr/share/texlive/texmf-dist/tex/latex/etoolbox/etoolbox.sty)
(/usr/share/texlive/texmf-dist/tex/latex/zref/zref-abspage.sty
(/usr/share/texlive/texmf-dist/tex/latex/zref/zref-base.sty))
(/usr/share/texlive/texmf-dist/tex/latex/needspace/needspace.sty)
(/usr/share/texlive/texmf-dist/tex/latex/mdframed/md-frame-0.mdf))
(/usr/share/texlive/texmf-dist/tex/latex/algorithms/algorithm.sty
(/usr/share/texlive/texmf-dist/tex/latex/float/float.sty)
(/usr/share/texlive/texmf-dist/tex/latex/base/ifthen.sty))
(/usr/share/texlive/texmf-dist/tex/latex/algorithmicx/algpseudocode.sty
(/usr/share/texlive/texmf-dist/tex/latex/algorithmicx/algorithmicx.sty
Document Style algorithmicx 1.2 - a greatly improved `algorithmic' style
)
Document Style - pseudocode environments for use with the `algorithmicx' style
) (/usr/share/texlive/texmf-dist/tex/latex/listings/listings.sty
(/usr/share/texlive/texmf-dist/tex/latex/listings/lstmisc.sty)
(/usr/share/texlive/texmf-dist/tex/latex/listings/listings.cfg)))
(plans/artifacts/modern-hmc-monograph-2026-10-07/r1/integration-20261007/chapte
r-build/modern_hmc_survey.aux)
*geometry* driver: auto-detecting
*geometry* detected driver: pdftex
(/usr/share/texlive/texmf-dist/tex/context/base/mkii/supp-pdf.mkii
[Loading MPS to PDF converter (version 2006.09.02).]
) (/usr/share/texlive/texmf-dist/tex/latex/epstopdf-pkg/epstopdf-base.sty
(/usr/share/texlive/texmf-dist/tex/latex/latexconfig/epstopdf-sys.cfg))
(/usr/share/texlive/texmf-dist/tex/latex/hyperref/nameref.sty
(/usr/share/texlive/texmf-dist/tex/latex/refcount/refcount.sty)
(/usr/share/texlive/texmf-dist/tex/generic/gettitlestring/gettitlestring.sty))
(plans/artifacts/modern-hmc-monograph-2026-10-07/r1/integration-20261007/chapte
r-build/modern_hmc_survey.out)
(plans/artifacts/modern-hmc-monograph-2026-10-07/r1/integration-20261007/chapte
r-build/modern_hmc_survey.out)
(/usr/share/texlive/texmf-dist/tex/latex/amsfonts/umsa.fd)
(/usr/share/texlive/texmf-dist/tex/latex/amsfonts/umsb.fd) [1{/var/lib/texmf/fo
nts/map/pdftex/updmap/pdftex.map}]
(plans/artifacts/modern-hmc-monograph-2026-10-07/r1/integration-20261007/chapte
r-build/modern_hmc_survey.toc [2]) [3] [4]
(./chapters/ch26g_modern_hmc_methods.tex
Chapter 1.

Underfull \vbox (badness 10000) has occurred while \output is active [1]
[2] [3] [4] [5] [6] [7] [8] [9] [10] [11] [12] [13] [14] [15] [16] [17]
[18] [19] [20] [21] [22] [23] [24] [25] [26] [27] [28] [29] [30] [31]) [32]
(plans/artifacts/modern-hmc-monograph-2026-10-07/r1/integration-20261007/chapte
r-build/modern_hmc_survey.bbl [33] [34]) [35]
(plans/artifacts/modern-hmc-monograph-2026-10-07/r1/integration-20261007/chapte
r-build/modern_hmc_survey.aux)

LaTeX Warning: Label(s) may have changed. Rerun to get cross-references right.

 )
(see the transcript file for additional information)</usr/share/texlive/texmf-d
ist/fonts/type1/public/amsfonts/cm/cmbx12.pfb></usr/share/texlive/texmf-dist/fo
nts/type1/public/amsfonts/cm/cmbx8.pfb></usr/share/texlive/texmf-dist/fonts/typ
e1/public/amsfonts/cm/cmex10.pfb></usr/share/texlive/texmf-dist/fonts/type1/pub
lic/amsfonts/cm/cmmi12.pfb></usr/share/texlive/texmf-dist/fonts/type1/public/am
sfonts/cm/cmmi6.pfb></usr/share/texlive/texmf-dist/fonts/type1/public/amsfonts/
cm/cmmi8.pfb></usr/share/texlive/texmf-dist/fonts/type1/public/amsfonts/cm/cmr1
0.pfb></usr/share/texlive/texmf-dist/fonts/type1/public/amsfonts/cm/cmr12.pfb><
/usr/share/texlive/texmf-dist/fonts/type1/public/amsfonts/cm/cmr17.pfb></usr/sh
are/texlive/texmf-dist/fonts/type1/public/amsfonts/cm/cmr6.pfb></usr/share/texl
ive/texmf-dist/fonts/type1/public/amsfonts/cm/cmr8.pfb></usr/share/texlive/texm
f-dist/fonts/type1/public/amsfonts/cm/cmsl12.pfb></usr/share/texlive/texmf-dist
/fonts/type1/public/amsfonts/cm/cmsy10.pfb></usr/share/texlive/texmf-dist/fonts
/type1/public/amsfonts/cm/cmsy6.pfb></usr/share/texlive/texmf-dist/fonts/type1/
public/amsfonts/cm/cmsy8.pfb></usr/share/texlive/texmf-dist/fonts/type1/public/
amsfonts/cm/cmti12.pfb></usr/share/texlive/texmf-dist/fonts/type1/public/amsfon
ts/cm/cmtt12.pfb></usr/share/texlive/texmf-dist/fonts/type1/public/amsfonts/sym
bols/msbm10.pfb>
Output written on plans/artifacts/modern-hmc-monograph-2026-10-07/r1/integratio
n-20261007/chapter-build/modern_hmc_survey.pdf (39 pages, 408399 bytes).
Transcript written on plans/artifacts/modern-hmc-monograph-2026-10-07/r1/integr
ation-20261007/chapter-build/modern_hmc_survey.log.
Latexmk: Found input bbl file 'plans/artifacts/modern-hmc-monograph-2026-10-07/r1/integration-20261007/chapter-build/modern_hmc_survey.bbl'
Latexmk: References changed.
Latexmk: Log file says output to 'plans/artifacts/modern-hmc-monograph-2026-10-07/r1/integration-20261007/chapter-build/modern_hmc_survey.pdf'
Latexmk: Examining 'plans/artifacts/modern-hmc-monograph-2026-10-07/r1/integration-20261007/chapter-build/modern_hmc_survey.log'
=== TeX engine is 'pdfTeX'
Latexmk: Found bibliography file(s) [/tmp/BayesFilter-modern-hmc-survey-20261007/docs/references.bib]
Rule 'bibtex plans/artifacts/modern-hmc-monograph-2026-10-07/r1/integration-20261007/chapter-build/modern_hmc_survey': File changes, etc:
   Changed files, or newly in use since previous run(s):
      'plans/artifacts/modern-hmc-monograph-2026-10-07/r1/integration-20261007/chapter-build/modern_hmc_survey.aux'
------------
Run number 3 of rule 'bibtex plans/artifacts/modern-hmc-monograph-2026-10-07/r1/integration-20261007/chapter-build/modern_hmc_survey'
------------
Latexmk: applying rule 'bibtex plans/artifacts/modern-hmc-monograph-2026-10-07/r1/integration-20261007/chapter-build/modern_hmc_survey'...
------------
Running 'bibtex  "modern_hmc_survey.aux"'
------------
Latexmk: Change directory to 'plans/artifacts/modern-hmc-monograph-2026-10-07/r1/integration-20261007/chapter-build/'.
To assist finding of files in document
directory, I set
  BIBINPUTS='/tmp/BayesFilter-modern-hmc-survey-20261007/docs:plans/artifacts/modern-hmc-monograph-2026-10-07/r1/integration-20261007/chapter-build:/tmp/BayesFilter-modern-hmc-survey-20261007/docs:'
  BSTINPUTS='/tmp/BayesFilter-modern-hmc-survey-20261007/docs:'.
This is BibTeX, Version 0.99d (TeX Live 2022/dev/Debian)
The top-level auxiliary file: modern_hmc_survey.aux
The style file: plainnat.bst
Database file #1: references.bib
Rule 'pdflatex': File changes, etc:
   Changed files, or newly in use since previous run(s):
      'plans/artifacts/modern-hmc-monograph-2026-10-07/r1/integration-20261007/chapter-build/modern_hmc_survey.aux'
      'plans/artifacts/modern-hmc-monograph-2026-10-07/r1/integration-20261007/chapter-build/modern_hmc_survey.toc'
------------
Run number 4 of rule 'pdflatex'
------------
------------
Running 'pdflatex  -interaction=nonstopmode -halt-on-error -recorder -output-directory="plans/artifacts/modern-hmc-monograph-2026-10-07/r1/integration-20261007/chapter-build"  "modern_hmc_survey.tex"'
------------
Latexmk: Change directory back to '/tmp/BayesFilter-modern-hmc-survey-20261007/docs'
Latexmk: applying rule 'pdflatex'...
This is pdfTeX, Version 3.141592653-2.6-1.40.22 (TeX Live 2022/dev/Debian) (preloaded format=pdflatex)
 restricted \write18 enabled.
entering extended mode
(./modern_hmc_survey.tex
LaTeX2e <2021-11-15> patch level 1
L3 programming layer <2022-01-21>
(/usr/share/texlive/texmf-dist/tex/latex/base/book.cls
Document Class: book 2021/10/04 v1.4n Standard LaTeX document class
(/usr/share/texlive/texmf-dist/tex/latex/base/bk12.clo)) (./preamble.tex
(/usr/share/texlive/texmf-dist/tex/latex/geometry/geometry.sty
(/usr/share/texlive/texmf-dist/tex/latex/graphics/keyval.sty)
(/usr/share/texlive/texmf-dist/tex/generic/iftex/ifvtex.sty
(/usr/share/texlive/texmf-dist/tex/generic/iftex/iftex.sty)))
(/usr/share/texlive/texmf-dist/tex/latex/amsmath/amsmath.sty
For additional information on amsmath, use the `?' option.
(/usr/share/texlive/texmf-dist/tex/latex/amsmath/amstext.sty
(/usr/share/texlive/texmf-dist/tex/latex/amsmath/amsgen.sty))
(/usr/share/texlive/texmf-dist/tex/latex/amsmath/amsbsy.sty)
(/usr/share/texlive/texmf-dist/tex/latex/amsmath/amsopn.sty))
(/usr/share/texlive/texmf-dist/tex/latex/amsfonts/amssymb.sty
(/usr/share/texlive/texmf-dist/tex/latex/amsfonts/amsfonts.sty))
(/usr/share/texlive/texmf-dist/tex/latex/amscls/amsthm.sty)
(/usr/share/texlive/texmf-dist/tex/latex/tools/bm.sty)
(/usr/share/texlive/texmf-dist/tex/latex/mathtools/mathtools.sty
(/usr/share/texlive/texmf-dist/tex/latex/tools/calc.sty)
(/usr/share/texlive/texmf-dist/tex/latex/mathtools/mhsetup.sty))
(/usr/share/texlive/texmf-dist/tex/latex/booktabs/booktabs.sty)
(/usr/share/texlive/texmf-dist/tex/latex/tools/longtable.sty)
(/usr/share/texlive/texmf-dist/tex/latex/tools/array.sty)
(/usr/share/texlive/texmf-dist/tex/latex/enumitem/enumitem.sty)
(/usr/share/texlive/texmf-dist/tex/latex/placeins/placeins.sty)
(/usr/share/texlive/texmf-dist/tex/latex/graphics/graphicx.sty
(/usr/share/texlive/texmf-dist/tex/latex/graphics/graphics.sty
(/usr/share/texlive/texmf-dist/tex/latex/graphics/trig.sty)
(/usr/share/texlive/texmf-dist/tex/latex/graphics-cfg/graphics.cfg)
(/usr/share/texlive/texmf-dist/tex/latex/graphics-def/pdftex.def)))
(/usr/share/texlive/texmf-dist/tex/latex/pgf/frontendlayer/tikz.sty
(/usr/share/texlive/texmf-dist/tex/latex/pgf/basiclayer/pgf.sty
(/usr/share/texlive/texmf-dist/tex/latex/pgf/utilities/pgfrcs.sty
(/usr/share/texlive/texmf-dist/tex/generic/pgf/utilities/pgfutil-common.tex
(/usr/share/texlive/texmf-dist/tex/generic/pgf/utilities/pgfutil-common-lists.t
ex)) (/usr/share/texlive/texmf-dist/tex/generic/pgf/utilities/pgfutil-latex.def
) (/usr/share/texlive/texmf-dist/tex/generic/pgf/utilities/pgfrcs.code.tex
(/usr/share/texlive/texmf-dist/tex/generic/pgf/pgf.revision.tex)))
(/usr/share/texlive/texmf-dist/tex/latex/pgf/basiclayer/pgfcore.sty
(/usr/share/texlive/texmf-dist/tex/latex/pgf/systemlayer/pgfsys.sty
(/usr/share/texlive/texmf-dist/tex/generic/pgf/systemlayer/pgfsys.code.tex
(/usr/share/texlive/texmf-dist/tex/generic/pgf/utilities/pgfkeys.code.tex
(/usr/share/texlive/texmf-dist/tex/generic/pgf/utilities/pgfkeysfiltered.code.t
ex)) (/usr/share/texlive/texmf-dist/tex/generic/pgf/systemlayer/pgf.cfg)
(/usr/share/texlive/texmf-dist/tex/generic/pgf/systemlayer/pgfsys-pdftex.def
(/usr/share/texlive/texmf-dist/tex/generic/pgf/systemlayer/pgfsys-common-pdf.de
f)))
(/usr/share/texlive/texmf-dist/tex/generic/pgf/systemlayer/pgfsyssoftpath.code.
tex)
(/usr/share/texlive/texmf-dist/tex/generic/pgf/systemlayer/pgfsysprotocol.code.
tex)) (/usr/share/texlive/texmf-dist/tex/latex/xcolor/xcolor.sty
(/usr/share/texlive/texmf-dist/tex/latex/graphics-cfg/color.cfg))
(/usr/share/texlive/texmf-dist/tex/generic/pgf/basiclayer/pgfcore.code.tex
(/usr/share/texlive/texmf-dist/tex/generic/pgf/math/pgfmath.code.tex
(/usr/share/texlive/texmf-dist/tex/generic/pgf/math/pgfmathcalc.code.tex
(/usr/share/texlive/texmf-dist/tex/generic/pgf/math/pgfmathutil.code.tex)
(/usr/share/texlive/texmf-dist/tex/generic/pgf/math/pgfmathparser.code.tex)
(/usr/share/texlive/texmf-dist/tex/generic/pgf/math/pgfmathfunctions.code.tex
(/usr/share/texlive/texmf-dist/tex/generic/pgf/math/pgfmathfunctions.basic.code
.tex)
(/usr/share/texlive/texmf-dist/tex/generic/pgf/math/pgfmathfunctions.trigonomet
ric.code.tex)
(/usr/share/texlive/texmf-dist/tex/generic/pgf/math/pgfmathfunctions.random.cod
e.tex)
(/usr/share/texlive/texmf-dist/tex/generic/pgf/math/pgfmathfunctions.comparison
.code.tex)
(/usr/share/texlive/texmf-dist/tex/generic/pgf/math/pgfmathfunctions.base.code.
tex)
(/usr/share/texlive/texmf-dist/tex/generic/pgf/math/pgfmathfunctions.round.code
.tex)
(/usr/share/texlive/texmf-dist/tex/generic/pgf/math/pgfmathfunctions.misc.code.
tex)
(/usr/share/texlive/texmf-dist/tex/generic/pgf/math/pgfmathfunctions.integerari
thmetics.code.tex)))
(/usr/share/texlive/texmf-dist/tex/generic/pgf/math/pgfmathfloat.code.tex))
(/usr/share/texlive/texmf-dist/tex/generic/pgf/math/pgfint.code.tex)
(/usr/share/texlive/texmf-dist/tex/generic/pgf/basiclayer/pgfcorepoints.code.te
x)
(/usr/share/texlive/texmf-dist/tex/generic/pgf/basiclayer/pgfcorepathconstruct.
code.tex)
(/usr/share/texlive/texmf-dist/tex/generic/pgf/basiclayer/pgfcorepathusage.code
.tex)
(/usr/share/texlive/texmf-dist/tex/generic/pgf/basiclayer/pgfcorescopes.code.te
x)
(/usr/share/texlive/texmf-dist/tex/generic/pgf/basiclayer/pgfcoregraphicstate.c
ode.tex)
(/usr/share/texlive/texmf-dist/tex/generic/pgf/basiclayer/pgfcoretransformation
s.code.tex)
(/usr/share/texlive/texmf-dist/tex/generic/pgf/basiclayer/pgfcorequick.code.tex
)
(/usr/share/texlive/texmf-dist/tex/generic/pgf/basiclayer/pgfcoreobjects.code.t
ex)
(/usr/share/texlive/texmf-dist/tex/generic/pgf/basiclayer/pgfcorepathprocessing
.code.tex)
(/usr/share/texlive/texmf-dist/tex/generic/pgf/basiclayer/pgfcorearrows.code.te
x)
(/usr/share/texlive/texmf-dist/tex/generic/pgf/basiclayer/pgfcoreshade.code.tex
)
(/usr/share/texlive/texmf-dist/tex/generic/pgf/basiclayer/pgfcoreimage.code.tex

(/usr/share/texlive/texmf-dist/tex/generic/pgf/basiclayer/pgfcoreexternal.code.
tex))
(/usr/share/texlive/texmf-dist/tex/generic/pgf/basiclayer/pgfcorelayers.code.te
x)
(/usr/share/texlive/texmf-dist/tex/generic/pgf/basiclayer/pgfcoretransparency.c
ode.tex)
(/usr/share/texlive/texmf-dist/tex/generic/pgf/basiclayer/pgfcorepatterns.code.
tex)
(/usr/share/texlive/texmf-dist/tex/generic/pgf/basiclayer/pgfcorerdf.code.tex))
)
(/usr/share/texlive/texmf-dist/tex/generic/pgf/modules/pgfmoduleshapes.code.tex
) (/usr/share/texlive/texmf-dist/tex/generic/pgf/modules/pgfmoduleplot.code.tex
)
(/usr/share/texlive/texmf-dist/tex/latex/pgf/compatibility/pgfcomp-version-0-65
.sty)
(/usr/share/texlive/texmf-dist/tex/latex/pgf/compatibility/pgfcomp-version-1-18
.sty)) (/usr/share/texlive/texmf-dist/tex/latex/pgf/utilities/pgffor.sty
(/usr/share/texlive/texmf-dist/tex/latex/pgf/utilities/pgfkeys.sty
(/usr/share/texlive/texmf-dist/tex/generic/pgf/utilities/pgfkeys.code.tex))
(/usr/share/texlive/texmf-dist/tex/latex/pgf/math/pgfmath.sty
(/usr/share/texlive/texmf-dist/tex/generic/pgf/math/pgfmath.code.tex))
(/usr/share/texlive/texmf-dist/tex/generic/pgf/utilities/pgffor.code.tex
(/usr/share/texlive/texmf-dist/tex/generic/pgf/math/pgfmath.code.tex)))
(/usr/share/texlive/texmf-dist/tex/generic/pgf/frontendlayer/tikz/tikz.code.tex

(/usr/share/texlive/texmf-dist/tex/generic/pgf/libraries/pgflibraryplothandlers
.code.tex)
(/usr/share/texlive/texmf-dist/tex/generic/pgf/modules/pgfmodulematrix.code.tex
)
(/usr/share/texlive/texmf-dist/tex/generic/pgf/frontendlayer/tikz/libraries/tik
zlibrarytopaths.code.tex)))
(/usr/share/texlive/texmf-dist/tex/generic/pgf/libraries/pgflibraryarrows.meta.
code.tex)
(/usr/share/texlive/texmf-dist/tex/generic/pgf/frontendlayer/tikz/libraries/tik
zlibrarycalc.code.tex)
(/usr/share/texlive/texmf-dist/tex/generic/pgf/frontendlayer/tikz/libraries/tik
zlibrarypositioning.code.tex)
(/usr/share/texlive/texmf-dist/tex/latex/hyperref/hyperref.sty
(/usr/share/texlive/texmf-dist/tex/generic/ltxcmds/ltxcmds.sty)
(/usr/share/texlive/texmf-dist/tex/generic/pdftexcmds/pdftexcmds.sty
(/usr/share/texlive/texmf-dist/tex/generic/infwarerr/infwarerr.sty))
(/usr/share/texlive/texmf-dist/tex/generic/kvsetkeys/kvsetkeys.sty)
(/usr/share/texlive/texmf-dist/tex/generic/kvdefinekeys/kvdefinekeys.sty)
(/usr/share/texlive/texmf-dist/tex/generic/pdfescape/pdfescape.sty)
(/usr/share/texlive/texmf-dist/tex/latex/hycolor/hycolor.sty)
(/usr/share/texlive/texmf-dist/tex/latex/letltxmacro/letltxmacro.sty)
(/usr/share/texlive/texmf-dist/tex/latex/auxhook/auxhook.sty)
(/usr/share/texlive/texmf-dist/tex/latex/kvoptions/kvoptions.sty)
(/usr/share/texlive/texmf-dist/tex/latex/hyperref/pd1enc.def)
(/usr/share/texlive/texmf-dist/tex/latex/hyperref/hyperref-langpatches.def)
(/usr/share/texlive/texmf-dist/tex/generic/intcalc/intcalc.sty)
(/usr/share/texlive/texmf-dist/tex/generic/etexcmds/etexcmds.sty)
(/usr/share/texlive/texmf-dist/tex/latex/hyperref/puenc.def)
(/usr/share/texlive/texmf-dist/tex/latex/url/url.sty)
(/usr/share/texlive/texmf-dist/tex/generic/bitset/bitset.sty
(/usr/share/texlive/texmf-dist/tex/generic/bigintcalc/bigintcalc.sty))
(/usr/share/texlive/texmf-dist/tex/latex/base/atbegshi-ltx.sty))
(/usr/share/texlive/texmf-dist/tex/latex/hyperref/hpdftex.def
(/usr/share/texlive/texmf-dist/tex/latex/base/atveryend-ltx.sty)
(/usr/share/texlive/texmf-dist/tex/latex/rerunfilecheck/rerunfilecheck.sty
(/usr/share/texlive/texmf-dist/tex/generic/uniquecounter/uniquecounter.sty)))
(/usr/share/texlive/texmf-dist/tex/latex/natbib/natbib.sty)
(/usr/share/texlive/texmf-dist/tex/latex/mdframed/mdframed.sty
(/usr/share/texlive/texmf-dist/tex/latex/l3packages/xparse/xparse.sty
(/usr/share/texlive/texmf-dist/tex/latex/l3kernel/expl3.sty
(/usr/share/texlive/texmf-dist/tex/latex/l3backend/l3backend-pdftex.def)))
(/usr/share/texlive/texmf-dist/tex/latex/etoolbox/etoolbox.sty)
(/usr/share/texlive/texmf-dist/tex/latex/zref/zref-abspage.sty
(/usr/share/texlive/texmf-dist/tex/latex/zref/zref-base.sty))
(/usr/share/texlive/texmf-dist/tex/latex/needspace/needspace.sty)
(/usr/share/texlive/texmf-dist/tex/latex/mdframed/md-frame-0.mdf))
(/usr/share/texlive/texmf-dist/tex/latex/algorithms/algorithm.sty
(/usr/share/texlive/texmf-dist/tex/latex/float/float.sty)
(/usr/share/texlive/texmf-dist/tex/latex/base/ifthen.sty))
(/usr/share/texlive/texmf-dist/tex/latex/algorithmicx/algpseudocode.sty
(/usr/share/texlive/texmf-dist/tex/latex/algorithmicx/algorithmicx.sty
Document Style algorithmicx 1.2 - a greatly improved `algorithmic' style
)
Document Style - pseudocode environments for use with the `algorithmicx' style
) (/usr/share/texlive/texmf-dist/tex/latex/listings/listings.sty
(/usr/share/texlive/texmf-dist/tex/latex/listings/lstmisc.sty)
(/usr/share/texlive/texmf-dist/tex/latex/listings/listings.cfg)))
(plans/artifacts/modern-hmc-monograph-2026-10-07/r1/integration-20261007/chapte
r-build/modern_hmc_survey.aux)
*geometry* driver: auto-detecting
*geometry* detected driver: pdftex
(/usr/share/texlive/texmf-dist/tex/context/base/mkii/supp-pdf.mkii
[Loading MPS to PDF converter (version 2006.09.02).]
) (/usr/share/texlive/texmf-dist/tex/latex/epstopdf-pkg/epstopdf-base.sty
(/usr/share/texlive/texmf-dist/tex/latex/latexconfig/epstopdf-sys.cfg))
(/usr/share/texlive/texmf-dist/tex/latex/hyperref/nameref.sty
(/usr/share/texlive/texmf-dist/tex/latex/refcount/refcount.sty)
(/usr/share/texlive/texmf-dist/tex/generic/gettitlestring/gettitlestring.sty))
(plans/artifacts/modern-hmc-monograph-2026-10-07/r1/integration-20261007/chapte
r-build/modern_hmc_survey.out)
(plans/artifacts/modern-hmc-monograph-2026-10-07/r1/integration-20261007/chapte
r-build/modern_hmc_survey.out)
(/usr/share/texlive/texmf-dist/tex/latex/amsfonts/umsa.fd)
(/usr/share/texlive/texmf-dist/tex/latex/amsfonts/umsb.fd) [1{/var/lib/texmf/fo
nts/map/pdftex/updmap/pdftex.map}]
(plans/artifacts/modern-hmc-monograph-2026-10-07/r1/integration-20261007/chapte
r-build/modern_hmc_survey.toc [2]) [3] [4]
(./chapters/ch26g_modern_hmc_methods.tex
Chapter 1.

Underfull \vbox (badness 10000) has occurred while \output is active [1]
[2] [3] [4] [5] [6] [7] [8] [9] [10] [11] [12] [13] [14] [15] [16] [17]
[18] [19] [20] [21] [22] [23] [24] [25] [26] [27] [28] [29] [30] [31]) [32]
(plans/artifacts/modern-hmc-monograph-2026-10-07/r1/integration-20261007/chapte
r-build/modern_hmc_survey.bbl [33] [34]) [35]
(plans/artifacts/modern-hmc-monograph-2026-10-07/r1/integration-20261007/chapte
r-build/modern_hmc_survey.aux) )
(see the transcript file for additional information)</usr/share/texlive/texmf-d
ist/fonts/type1/public/amsfonts/cm/cmbx12.pfb></usr/share/texlive/texmf-dist/fo
nts/type1/public/amsfonts/cm/cmbx8.pfb></usr/share/texlive/texmf-dist/fonts/typ
e1/public/amsfonts/cm/cmex10.pfb></usr/share/texlive/texmf-dist/fonts/type1/pub
lic/amsfonts/cm/cmmi12.pfb></usr/share/texlive/texmf-dist/fonts/type1/public/am
sfonts/cm/cmmi6.pfb></usr/share/texlive/texmf-dist/fonts/type1/public/amsfonts/
cm/cmmi8.pfb></usr/share/texlive/texmf-dist/fonts/type1/public/amsfonts/cm/cmr1
0.pfb></usr/share/texlive/texmf-dist/fonts/type1/public/amsfonts/cm/cmr12.pfb><
/usr/share/texlive/texmf-dist/fonts/type1/public/amsfonts/cm/cmr17.pfb></usr/sh
are/texlive/texmf-dist/fonts/type1/public/amsfonts/cm/cmr6.pfb></usr/share/texl
ive/texmf-dist/fonts/type1/public/amsfonts/cm/cmr8.pfb></usr/share/texlive/texm
f-dist/fonts/type1/public/amsfonts/cm/cmsl12.pfb></usr/share/texlive/texmf-dist
/fonts/type1/public/amsfonts/cm/cmsy10.pfb></usr/share/texlive/texmf-dist/fonts
/type1/public/amsfonts/cm/cmsy6.pfb></usr/share/texlive/texmf-dist/fonts/type1/
public/amsfonts/cm/cmsy8.pfb></usr/share/texlive/texmf-dist/fonts/type1/public/
amsfonts/cm/cmti12.pfb></usr/share/texlive/texmf-dist/fonts/type1/public/amsfon
ts/cm/cmtt12.pfb></usr/share/texlive/texmf-dist/fonts/type1/public/amsfonts/sym
bols/msbm10.pfb>
Output written on plans/artifacts/modern-hmc-monograph-2026-10-07/r1/integratio
n-20261007/chapter-build/modern_hmc_survey.pdf (39 pages, 408401 bytes).
Transcript written on plans/artifacts/modern-hmc-monograph-2026-10-07/r1/integr
ation-20261007/chapter-build/modern_hmc_survey.log.
Latexmk: Found input bbl file 'plans/artifacts/modern-hmc-monograph-2026-10-07/r1/integration-20261007/chapter-build/modern_hmc_survey.bbl'
Latexmk: Log file says output to 'plans/artifacts/modern-hmc-monograph-2026-10-07/r1/integration-20261007/chapter-build/modern_hmc_survey.pdf'
Latexmk: Examining 'plans/artifacts/modern-hmc-monograph-2026-10-07/r1/integration-20261007/chapter-build/modern_hmc_survey.log'
=== TeX engine is 'pdfTeX'
Latexmk: Found bibliography file(s) [/tmp/BayesFilter-modern-hmc-survey-20261007/docs/references.bib]
Latexmk: All targets (plans/artifacts/modern-hmc-monograph-2026-10-07/r1/integration-20261007/chapter-build/modern_hmc_survey.pdf) are up-to-date
