2026-09-16 06:17:45.498091: I tensorflow/core/platform/cpu_feature_guard.cc:210] This TensorFlow binary is optimized to use available CPU instructions in performance-critical operations.
To enable the following instructions: SSE4.1 SSE4.2 AVX AVX2 FMA, in other operations, rebuild TensorFlow with the appropriate compiler flags.
WARNING: All log messages before absl::InitializeLog() is called are written to STDERR
I0000 00:00:1789510667.486333 1800208 gpu_device.cc:2020] Created device /job:localhost/replica:0/task:0/device:GPU:0 with 30421 MB memory:  -> device: 0, name: NVIDIA GeForce RTX 4080 SUPER, pci bus id: 0000:21:00.0, compute capability: 8.9
2026-09-16 06:17:56.313137: I external/local_xla/xla/service/service.cc:163] XLA service 0x6525529b66d0 initialized for platform CUDA (this does not guarantee that XLA will be used). Devices:
2026-09-16 06:17:56.313216: I external/local_xla/xla/service/service.cc:171]   StreamExecutor device (0): NVIDIA GeForce RTX 4080 SUPER, Compute Capability 8.9
2026-09-16 06:17:56.391626: I tensorflow/compiler/mlir/tensorflow/utils/dump_mlir_util.cc:269] disabling MLIR crash reproducer, set env var `MLIR_CRASH_REPRODUCER_DIRECTORY` to enable.
2026-09-16 06:17:56.687940: W tensorflow/compiler/tf2xla/kernels/assert_op.cc:39] Ignoring Assert operator while/assert_less_equal/Assert/AssertGuard/Assert
2026-09-16 06:17:56.689409: W tensorflow/compiler/tf2xla/kernels/assert_op.cc:39] Ignoring Assert operator while/assert_less_equal_1/Assert/AssertGuard/Assert
2026-09-16 06:17:57.057531: W tensorflow/compiler/tf2xla/kernels/assert_op.cc:39] Ignoring Assert operator while/assert_less_equal_2/Assert/AssertGuard/Assert
2026-09-16 06:17:57.134991: W tensorflow/compiler/tf2xla/kernels/assert_op.cc:39] Ignoring Assert operator while/assert_less_equal_3/Assert/AssertGuard/Assert
2026-09-16 06:17:57.136489: W tensorflow/compiler/tf2xla/kernels/assert_op.cc:39] Ignoring Assert operator while/assert_less_equal_4/Assert/AssertGuard/Assert
2026-09-16 06:17:57.254762: W tensorflow/compiler/tf2xla/kernels/assert_op.cc:39] Ignoring Assert operator while/assert_less_equal_5/Assert/AssertGuard/Assert
2026-09-16 06:17:57.407835: I external/local_xla/xla/stream_executor/cuda/cuda_dnn.cc:473] Loaded cuDNN version 91700
I0000 00:00:1789510682.821313 1800208 device_compiler.h:196] Compiled cluster using XLA!  This line is logged at most once for the lifetime of the process.
2026-09-16 06:18:08.576459: W tensorflow/compiler/tf2xla/kernels/assert_op.cc:39] Ignoring Assert operator while/assert_less_equal/Assert/AssertGuard/Assert
2026-09-16 06:18:08.577634: W tensorflow/compiler/tf2xla/kernels/assert_op.cc:39] Ignoring Assert operator while/assert_less_equal_1/Assert/AssertGuard/Assert
2026-09-16 06:18:08.888625: W tensorflow/compiler/tf2xla/kernels/assert_op.cc:39] Ignoring Assert operator while/assert_less_equal_2/Assert/AssertGuard/Assert
2026-09-16 06:18:08.960843: W tensorflow/compiler/tf2xla/kernels/assert_op.cc:39] Ignoring Assert operator while/assert_less_equal_3/Assert/AssertGuard/Assert
2026-09-16 06:18:08.961983: W tensorflow/compiler/tf2xla/kernels/assert_op.cc:39] Ignoring Assert operator while/assert_less_equal_4/Assert/AssertGuard/Assert
2026-09-16 06:18:09.070379: W tensorflow/compiler/tf2xla/kernels/assert_op.cc:39] Ignoring Assert operator while/assert_less_equal_5/Assert/AssertGuard/Assert
2026-09-16 06:18:20.390468: W tensorflow/compiler/tf2xla/kernels/assert_op.cc:39] Ignoring Assert operator while/assert_less_equal/Assert/AssertGuard/Assert
2026-09-16 06:18:20.391647: W tensorflow/compiler/tf2xla/kernels/assert_op.cc:39] Ignoring Assert operator while/assert_less_equal_1/Assert/AssertGuard/Assert
2026-09-16 06:18:20.710740: W tensorflow/compiler/tf2xla/kernels/assert_op.cc:39] Ignoring Assert operator while/assert_less_equal_2/Assert/AssertGuard/Assert
2026-09-16 06:18:20.783953: W tensorflow/compiler/tf2xla/kernels/assert_op.cc:39] Ignoring Assert operator while/assert_less_equal_3/Assert/AssertGuard/Assert
2026-09-16 06:18:20.785098: W tensorflow/compiler/tf2xla/kernels/assert_op.cc:39] Ignoring Assert operator while/assert_less_equal_4/Assert/AssertGuard/Assert
2026-09-16 06:18:20.896082: W tensorflow/compiler/tf2xla/kernels/assert_op.cc:39] Ignoring Assert operator while/assert_less_equal_5/Assert/AssertGuard/Assert
2026-09-16 06:18:36.548960: W tensorflow/compiler/tf2xla/kernels/assert_op.cc:39] Ignoring Assert operator while/assert_less_equal/Assert/AssertGuard/Assert
2026-09-16 06:18:36.550149: W tensorflow/compiler/tf2xla/kernels/assert_op.cc:39] Ignoring Assert operator while/assert_less_equal_1/Assert/AssertGuard/Assert
WARNING:tensorflow:5 out of the last 9 calls to <bound method IndependentTemperedReverseKLTrainer._train_step_impl of <bayesfilter.inference.tempered_transport_ensemble_tf.IndependentTemperedReverseKLTrainer object at 0x7ce8702e06b0>> triggered tf.function retracing. Tracing is expensive and the excessive number of tracings could be due to (1) creating @tf.function repeatedly in a loop, (2) passing tensors with different shapes, (3) passing Python objects instead of tensors. For (1), please define your @tf.function outside of the loop. For (2), @tf.function has reduce_retracing=True option that can avoid unnecessary retracing. For (3), please refer to https://www.tensorflow.org/guide/function#controlling_retracing and https://www.tensorflow.org/api_docs/python/tf/function for  more details.
WARNING:tensorflow:6 out of the last 11 calls to <bound method IndependentTemperedReverseKLTrainer._train_step_impl of <bayesfilter.inference.tempered_transport_ensemble_tf.IndependentTemperedReverseKLTrainer object at 0x7ce8702b9f50>> triggered tf.function retracing. Tracing is expensive and the excessive number of tracings could be due to (1) creating @tf.function repeatedly in a loop, (2) passing tensors with different shapes, (3) passing Python objects instead of tensors. For (1), please define your @tf.function outside of the loop. For (2), @tf.function has reduce_retracing=True option that can avoid unnecessary retracing. For (3), please refer to https://www.tensorflow.org/guide/function#controlling_retracing and https://www.tensorflow.org/api_docs/python/tf/function for  more details.
